Component: ARM Compiler 5.06 update 6 (build 750) Tool: armlink [4d35ed]

==============================================================================

Section Cross References

    main.o(i.BSP_Init) refers to adc.o(i.ADC_Configuration) for ADC_Configuration
    main.o(i.BSP_Init) refers to dac.o(i.DAC1_Init) for DAC1_Init
    main.o(i.BSP_Init) refers to can1.o(i.CAN1_Configuration) for CAN1_Configuration
    main.o(i.BSP_Init) refers to can2.o(i.CAN2_Configuration) for CAN2_Configuration
    main.o(i.BSP_Init) refers to usart2.o(i.VOFA_USART_Configuration) for VOFA_USART_Configuration
    main.o(i.BSP_Init) refers to uart4.o(i.UART4_Configuration) for UART4_Configuration
    main.o(i.BSP_Init) refers to tim2.o(i.TIM2_Configuration) for TIM2_Configuration
    main.o(i.BSP_Init) refers to tim4.o(i.TIM4_Configuration) for TIM4_Configuration
    main.o(i.BSP_Init) refers to counter.o(i.COUNTER_Configuration) for COUNTER_Configuration
    main.o(i.BSP_Init) refers to iwdg.o(i.IWDG_Config) for IWDG_Config
    main.o(i.BSP_Init) refers to i2c.o(i.i2c_init) for i2c_init
    main.o(i.BSP_Init) refers to powercontroltask.o(i.ChargeIO_Configuration) for ChargeIO_Configuration
    main.o(i.BSP_Init) refers to stm32f4xx_gpio.o(i.GPIO_ResetBits) for GPIO_ResetBits
    main.o(i.BSP_Init) refers to tim2.o(i.delay_ms) for delay_ms
    main.o(i.BSP_Init) refers to powercontroltask.o(.data) for ChargeState
    main.o(i.Judge_Rst) refers to datareceivetask.o(.bss) for JudgeReceive
    main.o(i.Offline_Check_task) refers to datareceivetask.o(i.F405_Rst) for F405_Rst
    main.o(i.Offline_Check_task) refers to main.o(i.Judge_Rst) for Judge_Rst
    main.o(i.Offline_Check_task) refers to iwdg.o(i.IWDG_Feed) for IWDG_Feed
    main.o(i.Offline_Check_task) refers to tasks.o(i.vTaskDelay) for vTaskDelay
    main.o(i.Offline_Check_task) refers to tasks.o(i.uxTaskGetStackHighWaterMark) for uxTaskGetStackHighWaterMark
    main.o(i.Offline_Check_task) refers to main.o(.bss) for Robot_Disconnect
    main.o(i.Offline_Check_task) refers to main.o(.data) for Judge_Lost
    main.o(i.Robot_Init) refers to powercontroltask.o(i.Pid_ChargeCal_Init) for Pid_ChargeCal_Init
    main.o(i.Robot_Init) refers to chassistask.o(i.Pid_ChassisWheelInit) for Pid_ChassisWheelInit
    main.o(i.Robot_Init) refers to chassistask.o(i.Chassis_Power_Control_Init) for Chassis_Power_Control_Init
    main.o(i.main) refers to main.o(i.BSP_Init) for BSP_Init
    main.o(i.main) refers to main.o(i.Robot_Init) for Robot_Init
    main.o(i.main) refers to starttask.o(i.startTast) for startTast
    main.o(i.main) refers to tasks.o(i.vTaskStartScheduler) for vTaskStartScheduler
    stm32f4xx_it.o(i.SysTick_Handler) refers to port.o(i.xPortSysTickHandler) for xPortSysTickHandler
    system_stm32f4xx.o(i.SystemCoreClockUpdate) refers to system_stm32f4xx.o(.data) for SystemCoreClock
    system_stm32f4xx.o(i.SystemInit) refers to system_stm32f4xx.o(i.SetSysClock) for SetSysClock
    algorithmofcrc.o(i.Append_CRC16_Check_Sum) refers to algorithmofcrc.o(i.Get_CRC16_Check_Sum) for Get_CRC16_Check_Sum
    algorithmofcrc.o(i.Append_CRC16_Check_Sum) refers to algorithmofcrc.o(.data) for CRC_INIT
    algorithmofcrc.o(i.Append_CRC8_Check_Sum) refers to algorithmofcrc.o(i.Get_CRC8_Check_Sum) for Get_CRC8_Check_Sum
    algorithmofcrc.o(i.Get_CRC16_Check_Sum) refers to algorithmofcrc.o(.constdata) for wCRC_Table
    algorithmofcrc.o(i.Get_CRC8_Check_Sum) refers to algorithmofcrc.o(.constdata) for CRC8_TAB
    algorithmofcrc.o(i.Verify_CRC16_Check_Sum) refers to algorithmofcrc.o(i.Get_CRC16_Check_Sum) for Get_CRC16_Check_Sum
    algorithmofcrc.o(i.Verify_CRC16_Check_Sum) refers to algorithmofcrc.o(.data) for CRC_INIT
    algorithmofcrc.o(i.Verify_CRC8_Check_Sum) refers to algorithmofcrc.o(i.Get_CRC8_Check_Sum) for Get_CRC8_Check_Sum
    algorithmofcrc.o(i.Verify_CRC8_Check_Sum) refers to algorithmofcrc.o(.data) for sss
    fir.o(i.Fir) refers to fir.o(.bss) for Buffer
    fir.o(i.Fir) refers to fir.o(.constdata) for Gains
    fir.o(i.Fir) refers to chassistask.o(.bss) for Flow
    fir.o(i.LowPass_SetChassis) refers to f2d.o(.text) for __aeabi_f2d
    fir.o(i.LowPass_SetChassis) refers to dmul.o(.text) for __aeabi_dmul
    fir.o(i.LowPass_SetChassis) refers to dadd.o(.text) for __aeabi_dadd
    fir.o(i.LowPass_SetChassis) refers to d2f.o(.text) for __aeabi_d2f
    fir.o(i.LowPass_SetWheel) refers to f2d.o(.text) for __aeabi_f2d
    fir.o(i.LowPass_SetWheel) refers to dmul.o(.text) for __aeabi_dmul
    fir.o(i.LowPass_SetWheel) refers to dadd.o(.text) for __aeabi_dadd
    fir.o(i.LowPass_SetWheel) refers to d2f.o(.text) for __aeabi_d2f
    datascope_dp.o(i.DataScope_Data_Generate) refers to datascope_dp.o(.bss) for DataScope_OutPut_Buffer
    datascope_dp.o(i.DataScope_Get_Channel_Data) refers to datascope_dp.o(i.Float2Byte) for Float2Byte
    datascope_dp.o(i.DataScope_Get_Channel_Data) refers to datascope_dp.o(.bss) for DataScope_OutPut_Buffer
[...]
    DMA1_Stream3_IRQHandler                  0x0800026f   Thumb Code     0  startup_stm32f40_41xxx.o(.text)
    DMA1_Stream5_IRQHandler                  0x0800026f   Thumb Code     0  startup_stm32f40_41xxx.o(.text)
    DMA1_Stream7_IRQHandler                  0x0800026f   Thumb Code     0  startup_stm32f40_41xxx.o(.text)
    DMA2_Stream0_IRQHandler                  0x0800026f   Thumb Code     0  startup_stm32f40_41xxx.o(.text)
    DMA2_Stream1_IRQHandler                  0x0800026f   Thumb Code     0  startup_stm32f40_41xxx.o(.text)
    DMA2_Stream2_IRQHandler                  0x0800026f   Thumb Code     0  startup_stm32f40_41xxx.o(.text)
    DMA2_Stream3_IRQHandler                  0x0800026f   Thumb Code     0  startup_stm32f40_41xxx.o(.text)
    DMA2_Stream4_IRQHandler                  0x0800026f   Thumb Code     0  startup_stm32f40_41xxx.o(.text)
    DMA2_Stream5_IRQHandler                  0x0800026f   Thumb Code     0  startup_stm32f40_41xxx.o(.text)
    DMA2_Stream6_IRQHandler                  0x0800026f   Thumb Code     0  startup_stm32f40_41xxx.o(.text)
    DMA2_Stream7_IRQHandler                  0x0800026f   Thumb Code     0  startup_stm32f40_41xxx.o(.text)
    ETH_IRQHandler                           0x0800026f   Thumb Code     0  startup_stm32f40_41xxx.o(.text)
    ETH_WKUP_IRQHandler                      0x0800026f   Thumb Code     0  startup_stm32f40_41xxx.o(.text)
    EXTI0_IRQHandler                         0x0800026f   Thumb Code     0  startup_stm32f40_41xxx.o(.text)
    EXTI15_10_IRQHandler                     0x0800026f   Thumb Code     0  startup_stm32f40_41xxx.o(.text)
    EXTI1_IRQHandler                         0x0800026f   Thumb Code     0  startup_stm32f40_41xxx.o(.text)
    EXTI2_IRQHandler                         0x0800026f   Thumb Code     0  startup_stm32f40_41xxx.o(.text)
    EXTI3_IRQHandler                         0x0800026f   Thumb Code     0  startup_stm32f40_41xxx.o(.text)
    EXTI4_IRQHandler                         0x0800026f   Thumb Code     0  startup_stm32f40_41xxx.o(.text)
    EXTI9_5_IRQHandler                       0x0800026f   Thumb Code     0  startup_stm32f40_41xxx.o(.text)
    FLASH_IRQHandler                         0x0800026f   Thumb Code     0  startup_stm32f40_41xxx.o(.text)
    FPU_IRQHandler                           0x0800026f   Thumb Code     0  startup_stm32f40_41xxx.o(.text)
    FSMC_IRQHandler                          0x0800026f   Thumb Code     0  startup_stm32f40_41xxx.o(.text)
    HASH_RNG_IRQHandler                      0x0800026f   Thumb Code     0  startup_stm32f40_41xxx.o(.text)
    I2C1_ER_IRQHandler                       0x0800026f   Thumb Code     0  startup_stm32f40_41xxx.o(.text)
    I2C1_EV_IRQHandler                       0x0800026f   Thumb Code     0  startup_stm32f40_41xxx.o(.text)
    I2C2_ER_IRQHandler                       0x0800026f   Thumb Code     0  startup_stm32f40_41xxx.o(.text)
    I2C2_EV_IRQHandler                       0x0800026f   Thumb Code     0  startup_stm32f40_41xxx.o(.text)
    I2C3_ER_IRQHandler                       0x0800026f   Thumb Code     0  startup_stm32f40_41xxx.o(.text)
    I2C3_EV_IRQHandler                       0x0800026f   Thumb Code     0  startup_stm32f40_41xxx.o(.text)
    OTG_FS_IRQHandler                        0x0800026f   Thumb Code     0  startup_stm32f40_41xxx.o(.text)
    OTG_FS_WKUP_IRQHandler                   0x0800026f   Thumb Code     0  startup_stm32f40_41xxx.o(.text)
    OTG_HS_EP1_IN_IRQHandler                 0x0800026f   Thumb Code     0  startup_stm32f40_41xxx.o(.text)
    OTG_HS_EP1_OUT_IRQHandler                0x0800026f   Thumb Code     0  startup_stm32f40_41xxx.o(.text)
    OTG_HS_IRQHandler                        0x0800026f   Thumb Code     0  startup_stm32f40_41xxx.o(.text)
    OTG_HS_WKUP_IRQHandler                   0x0800026f   Thumb Code     0  startup_stm32f40_41xxx.o(.text)
    PVD_IRQHandler                           0x0800026f   Thumb Code     0  startup_stm32f40_41xxx.o(.text)
    RCC_IRQHandler                           0x0800026f   Thumb Code     0  startup_stm32f40_41xxx.o(.text)
    RTC_Alarm_IRQHandler                     0x0800026f   Thumb Code     0  startup_stm32f40_41xxx.o(.text)
    RTC_WKUP_IRQHandler                      0x0800026f   Thumb Code     0  startup_stm32f40_41xxx.o(.text)
    SDIO_IRQHandler                          0x0800026f   Thumb Code     0  startup_stm32f40_41xxx.o(.text)
    SPI1_IRQHandler                          0x0800026f   Thumb Code     0  startup_stm32f40_41xxx.o(.text)
    SPI2_IRQHandler                          0x0800026f   Thumb Code     0  startup_stm32f40_41xxx.o(.text)
    SPI3_IRQHandler                          0x0800026f   Thumb Code     0  startup_stm32f40_41xxx.o(.text)
    TAMP_STAMP_IRQHandler                    0x0800026f   Thumb Code     0  startup_stm32f40_41xxx.o(.text)
    TIM1_BRK_TIM9_IRQHandler                 0x0800026f   Thumb Code     0  startup_stm32f40_41xxx.o(.text)
    TIM1_CC_IRQHandler                       0x0800026f   Thumb Code     0  startup_stm32f40_41xxx.o(.text)
    TIM1_TRG_COM_TIM11_IRQHandler            0x0800026f   Thumb Code     0  startup_stm32f40_41xxx.o(.text)
    TIM1_UP_TIM10_IRQHandler                 0x0800026f   Thumb Code     0  startup_stm32f40_41xxx.o(.text)
    TIM3_IRQHandler                          0x0800026f   Thumb Code     0  startup_stm32f40_41xxx.o(.text)
    TIM5_IRQHandler                          0x0800026f   Thumb Code     0  startup_stm32f40_41xxx.o(.text)
    TIM6_DAC_IRQHandler                      0x0800026f   Thumb Code     0  startup_stm32f40_41xxx.o(.text)
    TIM8_BRK_TIM12_IRQHandler                0x0800026f   Thumb Code     0  startup_stm32f40_41xxx.o(.text)
    TIM8_CC_IRQHandler                       0x0800026f   Thumb Code     0  startup_stm32f40_41xxx.o(.text)
    TIM8_TRG_COM_TIM14_IRQHandler            0x0800026f   Thumb Code     0  startup_stm32f40_41xxx.o(.text)
    TIM8_UP_TIM13_IRQHandler                 0x0800026f   Thumb Code     0  startup_stm32f40_41xxx.o(.text)
    UART4_IRQHandler                         0x0800026f   Thumb Code     0  startup_stm32f40_41xxx.o(.text)
    UART5_IRQHandler                         0x0800026f   Thumb Code     0  startup_stm32f40_41xxx.o(.text)
    USART1_IRQHandler                        0x0800026f   Thumb Code     0  startup_stm32f40_41xxx.o(.text)
    USART2_IRQHandler                        0x0800026f   Thumb Code     0  startup_stm32f40_41xxx.o(.text)
    USART3_IRQHandler                        0x0800026f   Thumb Code     0  startup_stm32f40_41xxx.o(.text)
    USART6_IRQHandler                        0x0800026f   Thumb Code     0  startup_stm32f40_41xxx.o(.text)
    WWDG_IRQHandler                          0x0800026f   Thumb Code     0  startup_stm32f40_41xxx.o(.text)
    __aeabi_uldivmod                         0x08000279   Thumb Code    98  uldiv.o(.text)
    rand                                     0x080002dd   Thumb Code    20  rand.o(.text)
    srand                                    0x080002f1   Thumb Code     6  rand.o(.text)
    __aeabi_memcpy                           0x08000301   Thumb Code    36  memcpya.o(.text)
    __aeabi_memcpy4                          0x08000301   Thumb Code     0  memcpya.o(.text)
    __aeabi_memcpy8                          0x08000301   Thumb Code     0  memcpya.o(.text)
    __aeabi_memset                           0x08000325   Thumb Code    14  memseta.o(.text)
    __aeabi_memset4                          0x08000325   Thumb Code     0  memseta.o(.text)
    __aeabi_memset8                          0x08000325   Thumb Code     0  memseta.o(.text)
    __aeabi_memclr                           0x08000333   Thumb Code     4  memseta.o(.text)
    __aeabi_memclr4                          0x08000333   Thumb Code     0  memseta.o(.text)
    __aeabi_memclr8                          0x08000333   Thumb Code     0  memseta.o(.text)
    _memset$wrapper                          0x08000337   Thumb Code    18  memseta.o(.text)
    strlen                                   0x08000349   Thumb Code    14  strlen.o(.text)
    __aeabi_dadd                             0x08000357   Thumb Code   322  dadd.o(.text)
    __aeabi_dsub                             0x08000499   Thumb Code     6  dadd.o(.text)
    __aeabi_drsub                            0x0800049f   Thumb Code     6  dadd.o(.text)
    __aeabi_dmul                             0x080004a5   Thumb Code   228  dmul.o(.text)
    __aeabi_ddiv                             0x08000589   Thumb Code   222  ddiv.o(.text)
    __aeabi_f2d                              0x08000667   Thumb Code    38  f2d.o(.text)
    __aeabi_cdrcmple                         0x0800068d   Thumb Code    48  cdrcmple.o(.text)
    __aeabi_d2f                              0x080006bd   Thumb Code    56  d2f.o(.text)
    __aeabi_uidiv                            0x080006f5   Thumb Code     0  uidiv.o(.text)
    __aeabi_uidivmod                         0x080006f5   Thumb Code    44  uidiv.o(.text)
    __aeabi_llsl                             0x08000721   Thumb Code    30  llshl.o(.text)
    _ll_shift_l                              0x08000721   Thumb Code     0  llshl.o(.text)
    __aeabi_llsr                             0x0800073f   Thumb Code    32  llushr.o(.text)
    _ll_ushift_r                             0x0800073f   Thumb Code     0  llushr.o(.text)
    __aeabi_lasr                             0x0800075f   Thumb Code    36  llsshr.o(.text)
    _ll_sshift_r                             0x0800075f   Thumb Code     0  llsshr.o(.text)
    __I$use$fp                               0x08000783   Thumb Code     0  iusefp.o(.text)
    _float_round                             0x08000783   Thumb Code    18  fepilogue.o(.text)
    _float_epilogue                          0x08000795   Thumb Code    92  fepilogue.o(.text)
    _double_round                            0x080007f1   Thumb Code    30  depilogue.o(.text)
    _double_epilogue                         0x0800080f   Thumb Code   156  depilogue.o(.text)
    __scatterload                            0x080008ad   Thumb Code    28  init.o(.text)
    __scatterload_rt2                        0x080008ad   Thumb Code     0  init.o(.text)
    __decompress                             0x080008d1   Thumb Code     0  __dczerorl2.o(.text)
    __decompress1                            0x080008d1   Thumb Code    86  __dczerorl2.o(.text)
    arm_cos_f32                              0x08000929   Thumb Code   152  arm_cos_f32.o(.text.arm_cos_f32)
    ADC_Cmd                                  0x080009c1   Thumb Code    22  stm32f4xx_adc.o(i.ADC_Cmd)
    ADC_Configuration                        0x080009d9   Thumb Code   276  adc.o(i.ADC_Configuration)
    ADC_DMACmd                               0x08000afd   Thumb Code    22  stm32f4xx_adc.o(i.ADC_DMACmd)
    ADC_DMARequestAfterLastTransferCmd       0x08000b13   Thumb Code    22  stm32f4xx_adc.o(i.ADC_DMARequestAfterLastTransferCmd)
    ADC_DeInit                               0x08000b29   Thumb Code    22  stm32f4xx_adc.o(i.ADC_DeInit)
    ADC_Init                                 0x08000b41   Thumb Code    74  stm32f4xx_adc.o(i.ADC_Init)
    ADC_RegularChannelConfig                 0x08000b95   Thumb Code   184  stm32f4xx_adc.o(i.ADC_RegularChannelConfig)
    ADC_SoftwareStartConv                    0x08000c4d   Thumb Code    10  stm32f4xx_adc.o(i.ADC_SoftwareStartConv)
    ADC_TempSensorVrefintCmd                 0x08000c59   Thumb Code    34  stm32f4xx_adc.o(i.ADC_TempSensorVrefintCmd)
    Append_CRC16_Check_Sum                   0x08000c85   Thumb Code    44  algorithmofcrc.o(i.Append_CRC16_Check_Sum)
    Append_CRC8_Check_Sum                    0x08000cb5   Thumb Code    36  algorithmofcrc.o(i.Append_CRC8_Check_Sum)
    BSP_Init                                 0x08000cd9   Thumb Code   156  main.o(i.BSP_Init)
    BuildF105                                0x08000d89   Thumb Code   304  chassistask.o(i.BuildF105)
    BusFault_Handler                         0x08000ed9   Thumb Code     4  stm32f4xx_it.o(i.BusFault_Handler)
    CAN1_Configuration                       0x08000edd   Thumb Code   364  can1.o(i.CAN1_Configuration)
    CAN1_RX0_IRQHandler                      0x08001051   Thumb Code    46  can1.o(i.CAN1_RX0_IRQHandler)
    CAN1_RX1_IRQHandler                      0x08001089   Thumb Code    32  can1.o(i.CAN1_RX1_IRQHandler)
    CAN2_Configuration                       0x080010b1   Thumb Code   380  can2.o(i.CAN2_Configuration)
    CAN2_RX0_IRQHandler                      0x08001235   Thumb Code    42  can2.o(i.CAN2_RX0_IRQHandler)
    CAN2_RX1_IRQHandler                      0x08001265   Thumb Code    42  can2.o(i.CAN2_RX1_IRQHandler)
    CAN2_TX_IRQHandler                       0x08001295   Thumb Code    22  can2.o(i.CAN2_TX_IRQHandler)
    CAN_ClearITPendingBit                    0x080012b1   Thumb Code   162  stm32f4xx_can.o(i.CAN_ClearITPendingBit)
    CAN_DeInit                               0x08001359   Thumb Code    50  stm32f4xx_can.o(i.CAN_DeInit)
    CAN_FilterInit                           0x08001391   Thumb Code   258  stm32f4xx_can.o(i.CAN_FilterInit)
    CAN_GetITStatus                          0x08001499   Thumb Code   284  stm32f4xx_can.o(i.CAN_GetITStatus)
    CAN_ITConfig                             0x080015b9   Thumb Code    18  stm32f4xx_can.o(i.CAN_ITConfig)
    CAN_Init                                 0x080015cb   Thumb Code   276  stm32f4xx_can.o(i.CAN_Init)
    CAN_Receive                              0x080016df   Thumb Code   240  stm32f4xx_can.o(i.CAN_Receive)
    CAN_StructInit                           0x080017cf   Thumb Code    32  stm32f4xx_can.o(i.CAN_StructInit)
    CAN_Transmit                             0x080017ef   Thumb Code   294  stm32f4xx_can.o(i.CAN_Transmit)
    COUNTER_Configuration                    0x08001915   Thumb Code    62  counter.o(i.COUNTER_Configuration)
    Can1Receive0                             0x08001965   Thumb Code   206  datareceivetask.o(i.Can1Receive0)
    Can2Receive1                             0x08001a3d   Thumb Code   256  datareceivetask.o(i.Can2Receive1)
    Can2Send0                                0x08001b4d   Thumb Code    44  datasendtask.o(i.Can2Send0)
    Can2Send1                                0x08001b7d   Thumb Code    50  datasendtask.o(i.Can2Send1)
    Can2Send2                                0x08001bb5   Thumb Code    46  datasendtask.o(i.Can2Send2)
    ChargeIO_Configuration                   0x08001be9   Thumb Code    92  powercontroltask.o(i.ChargeIO_Configuration)
    ChassisCan1Send                          0x08001c4d   Thumb Code   206  datasendtask.o(i.ChassisCan1Send)
    Chassis_CurrentPid_Cal                   0x08001d39   Thumb Code   120  chassistask.o(i.Chassis_CurrentPid_Cal)
    Chassis_Power_Control_Init               0x08001dc5   Thumb Code   344  chassistask.o(i.Chassis_Power_Control_Init)
    Chassis_Speed_Cal                        0x08001f39   Thumb Code  1516  chassistask.o(i.Chassis_Speed_Cal)
    Chassis_task                             0x08002559   Thumb Code   140  chassistask.o(i.Chassis_task)
    CloseSDCard                              0x08002619   Thumb Code    36  sdcardtask.o(i.CloseSDCard)
    Current_Filter_Excu                      0x08002649   Thumb Code    54  chassistask.o(i.Current_Filter_Excu)
    Current_Set_Jump                         0x0800268d   Thumb Code   166  chassistask.o(i.Current_Set_Jump)
    DAC1_Init                                0x08002745   Thumb Code   124  dac.o(i.DAC1_Init)
    DAC_Cmd                                  0x080027c5   Thumb Code    34  stm32f4xx_dac.o(i.DAC_Cmd)
    DAC_Init                                 0x080027ed   Thumb Code    46  stm32f4xx_dac.o(i.DAC_Init)
    DAC_SetChannel1Data                      0x08002821   Thumb Code    26  stm32f4xx_dac.o(i.DAC_SetChannel1Data)
    DAC_SetChannel2Data                      0x08002841   Thumb Code    26  stm32f4xx_dac.o(i.DAC_SetChannel2Data)
    DMA1_Stream2_IRQHandler                  0x08002861   Thumb Code    28  uart4.o(i.DMA1_Stream2_IRQHandler)
    DMA1_Stream4_IRQHandler                  0x08002889   Thumb Code    44  uart4.o(i.DMA1_Stream4_IRQHandler)
    DMA1_Stream6_IRQHandler                  0x080028c5   Thumb Code    30  usart2.o(i.DMA1_Stream6_IRQHandler)
    DMA_ClearFlag                            0x080028ed   Thumb Code    38  stm32f4xx_dma.o(i.DMA_ClearFlag)
    DMA_ClearITPendingBit                    0x08002921   Thumb Code    38  stm32f4xx_dma.o(i.DMA_ClearITPendingBit)
    DMA_Cmd                                  0x08002955   Thumb Code    22  stm32f4xx_dma.o(i.DMA_Cmd)
    DMA_DeInit                               0x0800296d   Thumb Code   324  stm32f4xx_dma.o(i.DMA_DeInit)
    DMA_GetCmdStatus                         0x08002ac5   Thumb Code    20  stm32f4xx_dma.o(i.DMA_GetCmdStatus)
    DMA_GetITStatus                          0x08002ad9   Thumb Code    82  stm32f4xx_dma.o(i.DMA_GetITStatus)
    DMA_ITConfig                             0x08002b3d   Thumb Code    58  stm32f4xx_dma.o(i.DMA_ITConfig)
    DMA_Init                                 0x08002b79   Thumb Code    82  stm32f4xx_dma.o(i.DMA_Init)
    DMA_StructInit                           0x08002bd1   Thumb Code    34  stm32f4xx_dma.o(i.DMA_StructInit)
    DebugMon_Handler                         0x08002bf3   Thumb Code     2  stm32f4xx_it.o(i.DebugMon_Handler)
    F405_Rst                                 0x08002bf5   Thumb Code    12  datareceivetask.o(i.F405_Rst)
    Filter_Cal                               0x08002c05   Thumb Code  1164  chassistask.o(i.Filter_Cal)
    Fir                                      0x080030a5   Thumb Code   176  fir.o(i.Fir)
    GPIO_Init                                0x0800324d   Thumb Code   144  stm32f4xx_gpio.o(i.GPIO_Init)
    GPIO_PinAFConfig                         0x080032dd   Thumb Code    70  stm32f4xx_gpio.o(i.GPIO_PinAFConfig)
    GPIO_ResetBits                           0x08003323   Thumb Code     4  stm32f4xx_gpio.o(i.GPIO_ResetBits)
    GPIO_SetBits                             0x08003327   Thumb Code     4  stm32f4xx_gpio.o(i.GPIO_SetBits)
    GetDeltaT                                0x0800332d   Thumb Code    40  counter.o(i.GetDeltaT)
    GetTime_s                                0x0800335d   Thumb Code    54  counter.o(i.GetTime_s)
    Get_CRC16_Check_Sum                      0x080033a1   Thumb Code    46  algorithmofcrc.o(i.Get_CRC16_Check_Sum)
    Get_CRC8_Check_Sum                       0x080033d5   Thumb Code    30  algorithmofcrc.o(i.Get_CRC8_Check_Sum)
    HardFault_Handler                        0x080033f9   Thumb Code     4  stm32f4xx_it.o(i.HardFault_Handler)
    IWDG_Config                              0x080033fd   Thumb Code    36  iwdg.o(i.IWDG_Config)
    IWDG_Enable                              0x08003421   Thumb Code    10  stm32f4xx_iwdg.o(i.IWDG_Enable)
    IWDG_Feed                                0x08003431   Thumb Code     8  iwdg.o(i.IWDG_Feed)
    IWDG_ReloadCounter                       0x08003439   Thumb Code    10  stm32f4xx_iwdg.o(i.IWDG_ReloadCounter)
    IWDG_SetPrescaler                        0x08003449   Thumb Code     6  stm32f4xx_iwdg.o(i.IWDG_SetPrescaler)
    IWDG_SetReload                           0x08003455   Thumb Code     6  stm32f4xx_iwdg.o(i.IWDG_SetReload)
    IWDG_WriteAccessCmd                      0x08003461   Thumb Code     6  stm32f4xx_iwdg.o(i.IWDG_WriteAccessCmd)
    Init_SDcard                              0x0800346d   Thumb Code   146  sdcardtask.o(i.Init_SDcard)
    JudgeBuffReceive                         0x08003525   Thumb Code  1282  datareceivetask.o(i.JudgeBuffReceive)
    JudgeReceive_task                        0x08003a39   Thumb Code    28  datareceivetask.o(i.JudgeReceive_task)
    Judge_Rst                                0x08003a5d   Thumb Code    12  main.o(i.Judge_Rst)
    Judge_task                               0x08003a6d   Thumb Code    16  judgetask.o(i.Judge_task)
    LowPass_SetChassis                       0x08003a7d   Thumb Code    98  fir.o(i.LowPass_SetChassis)
    MemManage_Handler                        0x08003af1   Thumb Code     4  stm32f4xx_it.o(i.MemManage_Handler)
    Method_Check                             0x08003af5   Thumb Code   130  chassistask.o(i.Method_Check)
    NMI_Handler                              0x08003b95   Thumb Code     2  stm32f4xx_it.o(i.NMI_Handler)
    NVIC_Init                                0x08003b99   Thumb Code   106  misc.o(i.NVIC_Init)
    Offline_Check_task                       0x08003c11   Thumb Code   194  main.o(i.Offline_Check_task)
    OpenSDCard                               0x08003ce5   Thumb Code    66  sdcardtask.o(i.OpenSDCard)
    PID_Calc                                 0x08003d39   Thumb Code   340  pid.o(i.PID_Calc)
    Pid_ChargeCal_Init                       0x08003e8d   Thumb Code    56  powercontroltask.o(i.Pid_ChargeCal_Init)
    Pid_ChassisWheelInit                     0x08003ed9   Thumb Code   228  chassistask.o(i.Pid_ChassisWheelInit)
    PowerLimit                               0x08003fe5   Thumb Code  1570  chassistask.o(i.PowerLimit)
    RCC_AHB1PeriphClockCmd                   0x08004631   Thumb Code    26  stm32f4xx_rcc.o(i.RCC_AHB1PeriphClockCmd)
    RCC_APB1PeriphClockCmd                   0x08004651   Thumb Code    26  stm32f4xx_rcc.o(i.RCC_APB1PeriphClockCmd)
    RCC_APB1PeriphResetCmd                   0x08004671   Thumb Code    26  stm32f4xx_rcc.o(i.RCC_APB1PeriphResetCmd)
    RCC_APB2PeriphClockCmd                   0x08004691   Thumb Code    26  stm32f4xx_rcc.o(i.RCC_APB2PeriphClockCmd)
    RCC_APB2PeriphResetCmd                   0x080046b1   Thumb Code    26  stm32f4xx_rcc.o(i.RCC_APB2PeriphResetCmd)
    RCC_GetClocksFreq                        0x080046d1   Thumb Code   214  stm32f4xx_rcc.o(i.RCC_GetClocksFreq)
    Robot_Init                               0x080047b9   Thumb Code    16  main.o(i.Robot_Init)
    SDCard_task                              0x080047c9   Thumb Code   124  sdcardtask.o(i.SDCard_task)
    SDLOG                                    0x0800485d   Thumb Code   234  sdcardtask.o(i.SDLOG)
    SD_DeInit                                0x080049a9   Thumb Code   108  bsp_spi_sdcard.o(i.SD_DeInit)
    SD_GetCIDRegister                        0x08004a1d   Thumb Code   258  bsp_spi_sdcard.o(i.SD_GetCIDRegister)
    SD_GetCSDRegister                        0x08004b25   Thumb Code   554  bsp_spi_sdcard.o(i.SD_GetCSDRegister)
    SD_GetCardInfo                           0x08004d59   Thumb Code   170  bsp_spi_sdcard.o(i.SD_GetCardInfo)
    SD_GetCardType                           0x08004e09   Thumb Code   362  bsp_spi_sdcard.o(i.SD_GetCardType)
    SD_GetDataResponse                       0x08004f7d   Thumb Code    76  bsp_spi_sdcard.o(i.SD_GetDataResponse)
    SD_GetResponse                           0x08004fc9   Thumb Code    34  bsp_spi_sdcard.o(i.SD_GetResponse)
    SD_GoIdleState                           0x08004fed   Thumb Code    72  bsp_spi_sdcard.o(i.SD_GoIdleState)
    SD_Init                                  0x08005039   Thumb Code    80  bsp_spi_sdcard.o(i.SD_Init)
    SD_ReadByte                              0x08005095   Thumb Code    52  bsp_spi_sdcard.o(i.SD_ReadByte)
    SD_ReadMultiBlocks                       0x080050cd   Thumb Code   170  bsp_spi_sdcard.o(i.SD_ReadMultiBlocks)
    SD_SendCmd                               0x08005181   Thumb Code    74  bsp_spi_sdcard.o(i.SD_SendCmd)
    SD_WriteByte                             0x080051cd   Thumb Code    50  bsp_spi_sdcard.o(i.SD_WriteByte)
    SD_WriteMultiBlocks                      0x08005205   Thumb Code   182  bsp_spi_sdcard.o(i.SD_WriteMultiBlocks)
    SPI_Cmd                                  0x080052c5   Thumb Code    24  stm32f4xx_spi.o(i.SPI_Cmd)
    SPI_I2S_DeInit                           0x080052dd   Thumb Code   152  stm32f4xx_spi.o(i.SPI_I2S_DeInit)
    SPI_I2S_GetFlagStatus                    0x0800538d   Thumb Code    18  stm32f4xx_spi.o(i.SPI_I2S_GetFlagStatus)
    SPI_I2S_ReceiveData                      0x0800539f   Thumb Code     6  stm32f4xx_spi.o(i.SPI_I2S_ReceiveData)
    SPI_I2S_SendData                         0x080053a5   Thumb Code     4  stm32f4xx_spi.o(i.SPI_I2S_SendData)
    SPI_Init                                 0x080053a9   Thumb Code    60  stm32f4xx_spi.o(i.SPI_Init)
    Send_Path_Judge                          0x080053e5   Thumb Code   268  judgetask.o(i.Send_Path_Judge)
    SysTick_Handler                          0x080055f1   Thumb Code     8  stm32f4xx_it.o(i.SysTick_Handler)
    SysTimeUpdate                            0x080055f9   Thumb Code   128  counter.o(i.SysTimeUpdate)
    SystemInit                               0x0800568d   Thumb Code    88  system_stm32f4xx.o(i.SystemInit)
    TIM2_Configuration                       0x080056f5   Thumb Code   104  tim2.o(i.TIM2_Configuration)
    TIM2_IRQHandler                          0x0800575d   Thumb Code    32  tim2.o(i.TIM2_IRQHandler)
    TIM4_Configuration                       0x08005781   Thumb Code    90  tim4.o(i.TIM4_Configuration)
    TIM4_IRQHandler                          0x080057e1   Thumb Code   102  tim4.o(i.TIM4_IRQHandler)
    TIM7_IRQHandler                          0x08005865   Thumb Code    32  os_tick.o(i.TIM7_IRQHandler)
    TIM_ClearFlag                            0x0800588d   Thumb Code     6  stm32f4xx_tim.o(i.TIM_ClearFlag)
    TIM_ClearITPendingBit                    0x08005893   Thumb Code     6  stm32f4xx_tim.o(i.TIM_ClearITPendingBit)
    TIM_Cmd                                  0x08005899   Thumb Code    24  stm32f4xx_tim.o(i.TIM_Cmd)
    TIM_GetCounter                           0x080058b1   Thumb Code     6  stm32f4xx_tim.o(i.TIM_GetCounter)
    TIM_GetITStatus                          0x080058b7   Thumb Code    34  stm32f4xx_tim.o(i.TIM_GetITStatus)
    TIM_ITConfig                             0x080058d9   Thumb Code    18  stm32f4xx_tim.o(i.TIM_ITConfig)
    TIM_SetCounter                           0x080058eb   Thumb Code     4  stm32f4xx_tim.o(i.TIM_SetCounter)
    TIM_TimeBaseInit                         0x080058f1   Thumb Code   104  stm32f4xx_tim.o(i.TIM_TimeBaseInit)
    UART4_Configuration                      0x08005975   Thumb Code   458  uart4.o(i.UART4_Configuration)
    USART_Cmd                                0x08005b55   Thumb Code    24  stm32f4xx_usart.o(i.USART_Cmd)
    USART_DMACmd                             0x08005b6d   Thumb Code    18  stm32f4xx_usart.o(i.USART_DMACmd)
    USART_Init                               0x08005b81   Thumb Code   204  stm32f4xx_usart.o(i.USART_Init)
    UsageFault_Handler                       0x08005c55   Thumb Code     4  stm32f4xx_it.o(i.UsageFault_Handler)
    VOFA_Send                                0x08005c59   Thumb Code   158  usart2.o(i.VOFA_Send)
    VOFA_USART_Configuration                 0x08005d11   Thumb Code   344  usart2.o(i.VOFA_USART_Configuration)
    Verify_CRC16_Check_Sum                   0x08005e81   Thumb Code    60  algorithmofcrc.o(i.Verify_CRC16_Check_Sum)
    Verify_CRC8_Check_Sum                    0x08005ec1   Thumb Code    50  algorithmofcrc.o(i.Verify_CRC8_Check_Sum)
    __0sprintf$3                             0x08005ef9   Thumb Code    34  printf3.o(i.__0sprintf$3)
    __1sprintf$3                             0x08005ef9   Thumb Code     0  printf3.o(i.__0sprintf$3)
    __2sprintf                               0x08005ef9   Thumb Code     0  printf3.o(i.__0sprintf$3)
    __scatterload_copy                       0x08005f21   Thumb Code    14  handlers.o(i.__scatterload_copy)
    __scatterload_null                       0x08005f2f   Thumb Code     2  handlers.o(i.__scatterload_null)
    __scatterload_zeroinit                   0x08005f31   Thumb Code    14  handlers.o(i.__scatterload_zeroinit)
    clust2sect                               0x080061a9   Thumb Code    26  ff.o(i.clust2sect)
    delay_ms                                 0x080063b1   Thumb Code    54  tim2.o(i.delay_ms)
    disk_initialize                          0x080066db   Thumb Code    42  diskio.o(i.disk_initialize)
    disk_ioctl                               0x08006705   Thumb Code   102  diskio.o(i.disk_ioctl)
    disk_read                                0x08006771   Thumb Code    86  diskio.o(i.disk_read)
    disk_status                              0x080067c7   Thumb Code    28  diskio.o(i.disk_status)
    disk_write                               0x080067e3   Thumb Code    92  diskio.o(i.disk_write)
    f_close                                  0x0800683f   Thumb Code    32  ff.o(i.f_close)
    f_lseek                                  0x0800685f   Thumb Code   410  ff.o(i.f_lseek)
    f_mount                                  0x080069f9   Thumb Code    86  ff.o(i.f_mount)
    f_open                                   0x08006a55   Thumb Code   374  ff.o(i.f_open)
    f_sync                                   0x08006bcb   Thumb Code   176  ff.o(i.f_sync)
    f_write                                  0x08006c7b   Thumb Code   524  ff.o(i.f_write)
    get_fat                                  0x080072f1   Thumb Code   318  ff.o(i.get_fat)
    get_fattime                              0x08007431   Thumb Code     4  diskio.o(i.get_fattime)
    i2c_init                                 0x08007481   Thumb Code    60  i2c.o(i.i2c_init)
    main                                     0x080074e1   Thumb Code    20  main.o(i.main)
    put_fat                                  0x080079a9   Thumb Code   392  ff.o(i.put_fat)
    pvPortMalloc                             0x08007b31   Thumb Code   188  heap_4.o(i.pvPortMalloc)
    pxPortInitialiseStack                    0x08007c01   Thumb Code    38  port.o(i.pxPortInitialiseStack)
    referee_data_pack_handle                 0x08007c2d   Thumb Code   134  judgetask.o(i.referee_data_pack_handle)
    startTast                                0x08007d3d   Thumb Code    24  starttask.o(i.startTast)
    start_task                               0x08007d69   Thumb Code   136  starttask.o(i.start_task)
    ulTaskNotifyTake                         0x08007f79   Thumb Code   108  tasks.o(i.ulTaskNotifyTake)
    uxListRemove                             0x08007fed   Thumb Code    40  list.o(i.uxListRemove)
    uxTaskGetStackHighWaterMark              0x08008015   Thumb Code    34  tasks.o(i.uxTaskGetStackHighWaterMark)
    vListInitialise                          0x0800803d   Thumb Code    26  list.o(i.vListInitialise)
    vListInitialiseItem                      0x08008057   Thumb Code     6  list.o(i.vListInitialiseItem)
    vListInsert                              0x0800805d   Thumb Code    52  list.o(i.vListInsert)
    vListInsertEnd                           0x08008091   Thumb Code    24  list.o(i.vListInsertEnd)
    vPortEnterCritical                       0x080080a9   Thumb Code    30  port.o(i.vPortEnterCritical)
    vPortExitCritical                        0x080080cd   Thumb Code    28  port.o(i.vPortExitCritical)
    vPortFree                                0x080080ed   Thumb Code    64  heap_4.o(i.vPortFree)
    vPortSetupTimerInterrupt                 0x08008135   Thumb Code    26  port.o(i.vPortSetupTimerInterrupt)
    vTaskDelay                               0x08008155   Thumb Code    46  tasks.o(i.vTaskDelay)
    vTaskDelayUntil                          0x08008189   Thumb Code   106  tasks.o(i.vTaskDelayUntil)
    vTaskDelete                              0x080081fd   Thumb Code   166  tasks.o(i.vTaskDelete)
    vTaskStartScheduler                      0x080082c9   Thumb Code    76  tasks.o(i.vTaskStartScheduler)
    vTaskSuspendAll                          0x08008335   Thumb Code    12  tasks.o(i.vTaskSuspendAll)
    vTaskSwitchContext                       0x08008345   Thumb Code   128  tasks.o(i.vTaskSwitchContext)
    xPortStartScheduler                      0x08008419   Thumb Code    58  port.o(i.xPortStartScheduler)
    xPortSysTickHandler                      0x08008461   Thumb Code    46  port.o(i.xPortSysTickHandler)
    xTaskCreate                              0x08008495   Thumb Code    96  tasks.o(i.xTaskCreate)
    xTaskGenericNotify                       0x080084f5   Thumb Code   178  tasks.o(i.xTaskGenericNotify)
    xTaskGetTickCount                        0x080085b9   Thumb Code     6  tasks.o(i.xTaskGetTickCount)
    xTaskIncrementTick                       0x080085c5   Thumb Code   238  tasks.o(i.xTaskIncrementTick)
    xTaskResumeAll                           0x080086e1   Thumb Code   196  tasks.o(i.xTaskResumeAll)
    wCRC_Table                               0x080087c8   Data         512  algorithmofcrc.o(.constdata)
    CRC8_INIT                                0x080089c8   Data           1  algorithmofcrc.o(.constdata)
    CRC8_TAB                                 0x080089c9   Data         256  algorithmofcrc.o(.constdata)
    Gains                                    0x08008acc   Data          24  fir.o(.constdata)
    sinTable_f32                             0x08008b60   Data        2052  arm_common_tables.o(.rodata.sinTable_f32)
    Region$$Table$$Base                      0x08009364   Number         0  anon$$obj.o(Region$$Table)
    Region$$Table$$Limit                     0x08009384   Number         0  anon$$obj.o(Region$$Table)
    Judge_Lost                               0x20000000   Data           1  main.o(.data)
    Offline_Check_high_water                 0x20000004   Data           4  main.o(.data)
    SystemCoreClock                          0x2000000c   Data           4  system_stm32f4xx.o(.data)
    AHBPrescTable                            0x20000010   Data          16  system_stm32f4xx.o(.data)
    CRC_INIT                                 0x20000020   Data           2  algorithmofcrc.o(.data)
    sss                                      0x20000022   Data           2  algorithmofcrc.o(.data)
    CAP_CrossoverFlag                        0x20000034   Data           2  datareceivetask.o(.data)
    CrossoverFlagMax                         0x20000036   Data           2  datareceivetask.o(.data)
    slow_flag                                0x20000038   Data           1  datareceivetask.o(.data)
    rcv_buffer                               0x2000003c   Data           4  datareceivetask.o(.data)
    Last_chassisPower                        0x20000040   Data           4  datareceivetask.o(.data)
    TickCount                                0x20000044   Data           1  datareceivetask.o(.data)
    receivePower                             0x20000046   Data           2  datareceivetask.o(.data)
    jdugetemp                                0x20000048   Data           1  datareceivetask.o(.data)
    is_game_start                            0x20000049   Data           1  datareceivetask.o(.data)
    k_CAP                                    0x20000050   Data           4  chassistask.o(.data)
    WheelCurrentSend                         0x20000054   Data           8  chassistask.o(.data)
    Set_Jump                                 0x2000005c   Data           8  chassistask.o(.data)
    WheelStopFlag                            0x20000064   Data           4  chassistask.o(.data)
    Actual_P_max                             0x20000068   Data           2  chassistask.o(.data)
    Self_Protect_Limit                       0x2000006a   Data           2  chassistask.o(.data)
    k_BAT                                    0x2000006c   Data           4  chassistask.o(.data)
    ChassisSetUp                             0x20000070   Data           4  chassistask.o(.data)
    sgn                                      0x20000074   Data           4  chassistask.o(.data)
    Tickcnt                                  0x20000078   Data           4  chassistask.o(.data)
    Chassis_R                                0x2000007c   Data           4  chassistask.o(.data)
    Wheel_R                                  0x20000080   Data           4  chassistask.o(.data)
    reRatio                                  0x20000084   Data           4  chassistask.o(.data)
    k_xy                                     0x20000088   Data           4  chassistask.o(.data)
    y_lim                                    0x2000008c   Data           4  chassistask.o(.data)
    carSpeedw                                0x20000090   Data           2  chassistask.o(.data)
    ABSready_flag                            0x20000094   Data           4  chassistask.o(.data)
    Goready_flag                             0x20000098   Data           4  chassistask.o(.data)
    T_ABS                                    0x2000009c   Data           4  chassistask.o(.data)
    T_SETUP                                  0x200000a0   Data           4  chassistask.o(.data)
    test_watch                               0x200000a4   Data           4  chassistask.o(.data)
    filter_en                                0x200000a8   Data           1  chassistask.o(.data)
    test_cnt                                 0x200000a9   Data           4  chassistask.o(.data)
    MyNowTick                                0x200000b0   Data           4  chassistask.o(.data)
    test_Self_Protect_Limit                  0x200000b4   Data           2  chassistask.o(.data)
    test_k_BAT                               0x200000b8   Data           4  chassistask.o(.data)
    pre_in                                   0x200000bc   Data           4  chassistask.o(.data)
    SelfProtect_Cross_Flag                   0x200000c0   Data           1  chassistask.o(.data)
    Rand_T                                   0x200000c4   Data           4  chassistask.o(.data)
    rand_p                                   0x200000c8   Data           4  chassistask.o(.data)
    rand_cnt                                 0x200000cc   Data           4  chassistask.o(.data)
    rand_w                                   0x200000d0   Data           4  chassistask.o(.data)
    rand_A                                   0x200000d4   Data           4  chassistask.o(.data)
    test_rand                                0x200000d8   Data           4  chassistask.o(.data)
    test_W_Chassis_t1                        0x200000dc   Data           4  chassistask.o(.data)
    test_W_Chassis_t2                        0x200000e0   Data           4  chassistask.o(.data)
    test_Jump                                0x200000e4   Data           8  chassistask.o(.data)
    W_Grad                                   0x200000ec   Data          40  chassistask.o(.data)
    DescendFlag                              0x20000114   Data           2  chassistask.o(.data)
    i                                        0x20000116   Data           2  chassistask.o(.data)
    ExcPower                                 0x20000118   Data           4  chassistask.o(.data)
    EnergyMargin                             0x2000011c   Data           4  chassistask.o(.data)
    My_P_max                                 0x20000120   Data           4  chassistask.o(.data)
    HeatMax17                                0x20000124   Data           2  chassistask.o(.data)
    HeatCool17                               0x20000126   Data           2  chassistask.o(.data)
    BulletHeat17                             0x20000128   Data           2  chassistask.o(.data)
    CurHeat17                                0x2000012a   Data           2  chassistask.o(.data)
    LastHeat17                               0x2000012c   Data           2  chassistask.o(.data)
    AvailableHeat17                          0x2000012e   Data           2  chassistask.o(.data)
    Shooted17Cnt                             0x20000130   Data           2  chassistask.o(.data)
    AvailableBullet17                        0x20000132   Data           2  chassistask.o(.data)
    ShootAbleFlag                            0x20000134   Data           1  chassistask.o(.data)
    HeatControlThreshold                     0x20000138   Data           4  chassistask.o(.data)
    Chassis_high_water                       0x2000013c   Data           4  chassistask.o(.data)
    last                                     0x20000160   Data           8  datasendtask.o(.data)
    lastsum                                  0x20000168   Data           2  datasendtask.o(.data)
    sum                                      0x2000016a   Data           2  datasendtask.o(.data)
    post_out                                 0x2000016c   Data           8  datasendtask.o(.data)
    output_filter                            0x20000174   Data           1  datasendtask.o(.data)
    K_Power                                  0x20000178   Data           4  datasendtask.o(.data)
    pitch_change_flag                        0x2000017c   Data           4  graphicssendtask.o(.data)
    cap_percent_change_flag                  0x20000180   Data           4  graphicssendtask.o(.data)
    BigFrictSpeed_change_flag                0x20000184   Data           4  graphicssendtask.o(.data)
    Pitch_change_flag                        0x20000188   Data           4  graphicssendtask.o(.data)
    last_cap_vol                             0x2000018c   Data           4  graphicssendtask.o(.data)
    lastBigFrictSpeed                        0x20000190   Data           2  graphicssendtask.o(.data)
    DMAsendflag                              0x20000192   Data           1  graphicssendtask.o(.data)
    RectCenterX                              0x20000194   Data           2  graphicssendtask.o(.data)
    RectCenterY                              0x20000196   Data           2  graphicssendtask.o(.data)
    startX                                   0x20000198   Data           2  graphicssendtask.o(.data)
    startY                                   0x2000019a   Data           2  graphicssendtask.o(.data)
    endX                                     0x2000019c   Data           2  graphicssendtask.o(.data)
    endY                                     0x2000019e   Data           2  graphicssendtask.o(.data)
    angle                                    0x200001a0   Data           4  graphicssendtask.o(.data)
    angle1                                   0x200001a4   Data           4  graphicssendtask.o(.data)
    Length                                   0x200001a8   Data           4  graphicssendtask.o(.data)
    UITask_RunTime                           0x200001ac   Data           4  graphicssendtask.o(.data)
    UISendTask_high_water                    0x200001b0   Data           4  graphicssendtask.o(.data)
    InitFlag                                 0x200001b4   Data           1  graphicssendtask.o(.data)
    Pitch                                    0x200001b8   Data           4  graphicssendtask.o(.data)
    UCAP                                     0x20000248   Data           4  powercontroltask.o(.data)
    UDCDC                                    0x2000024c   Data           4  powercontroltask.o(.data)
    SUM_UCAP                                 0x20000250   Data           4  powercontroltask.o(.data)
    SUM_UDCDC                                0x20000254   Data           4  powercontroltask.o(.data)
    SUM_TEMP                                 0x20000258   Data           4  powercontroltask.o(.data)
    AD_actual_value                          0x2000025c   Data           4  powercontroltask.o(.data)
    temperate                                0x20000260   Data           4  powercontroltask.o(.data)
    temp3v3                                  0x20000264   Data           4  powercontroltask.o(.data)
    I_Set                                    0x20000268   Data           4  powercontroltask.o(.data)
    Chassis_Run_Flag                         0x2000026c   Data           1  powercontroltask.o(.data)
    PowerState                               0x2000026d   Data           1  powercontroltask.o(.data)
    ChargeState                              0x2000026e   Data           1  powercontroltask.o(.data)
    MaxChargePower                           0x20000270   Data           4  powercontroltask.o(.data)
    ActualPower                              0x20000274   Data           4  powercontroltask.o(.data)
    MaxChargeCurrent_L                       0x20000278   Data           4  powercontroltask.o(.data)
    MaxChargeCurrent_H                       0x2000027c   Data           4  powercontroltask.o(.data)
    My_i                                     0x20000280   Data           4  powercontroltask.o(.data)
    last_i_set                               0x20000284   Data           4  powercontroltask.o(.data)
    I_Set_Jump                               0x20000288   Data           4  powercontroltask.o(.data)
    Actual_Iset                              0x2000028c   Data           4  powercontroltask.o(.data)
    AD_L                                     0x20000290   Data           4  powercontroltask.o(.data)
    AD_H                                     0x20000294   Data           4  powercontroltask.o(.data)
    test_current                             0x20000298   Data           4  powercontroltask.o(.data)
    t                                        0x2000029c   Data           4  powercontroltask.o(.data)
    PowerControl_high_water                  0x200002a0   Data           4  powercontroltask.o(.data)
    readVol                                  0x200002a4   Data           4  powercontroltask.o(.data)
    delete_flag1                             0x200002b0   Data           1  sdcardtask.o(.data)
    delete_flag2                             0x200002b1   Data           1  sdcardtask.o(.data)
    delete_flag3                             0x200002b2   Data           1  sdcardtask.o(.data)
    DataFile                                 0x200002b3   Data          13  sdcardtask.o(.data)
    temp1                                    0x200002c0   Data           4  sdcardtask.o(.data)
    temp2                                    0x200002c4   Data           4  sdcardtask.o(.data)
    count                                    0x200002c8   Data           4  sdcardtask.o(.data)
    bytesRead                                0x200002cc   Data           4  sdcardtask.o(.data)
    now_time                                 0x200002d0   Data           8  sdcardtask.o(.data)
    aim_x                                    0x200002dc   Data           2  judgetask.o(.data)
    aim_y                                    0x200002de   Data           2  judgetask.o(.data)
    seq                                      0x200002e0   Data           1  judgetask.o(.data)
    pxCurrentTCB                             0x200002e4   Data           4  tasks.o(.data)
    Tim2_usCnt                               0x20000344   Data           4  tim2.o(.data)
    spi_timer                                0x20000348   Data           4  tim4.o(.data)
    start_time_SD                            0x2000034c   Data           4  tim4.o(.data)
    SD_init_flag                             0x20000350   Data           1  tim4.o(.data)
    JudgeReveice_Flag                        0x20000351   Data           1  uart4.o(.data)
    LastCNT32                                0x20000358   Data           4  counter.o(.data)
    SD_Type                                  0x20000370   Data           1  bsp_spi_sdcard.o(.data)
    CPU_RunTime                              0x2000037c   Data           4  os_tick.o(.data)
    Robot_Disconnect                         0x20000384   Data          14  main.o(.bss)
    Input                                    0x20000394   Data          16  fir.o(.bss)
    Output                                   0x200003a4   Data          16  fir.o(.bss)
    Buffer                                   0x200003b4   Data          96  fir.o(.bss)
    SaveBuffer                               0x20000414   Data          90  datareceivetask.o(.bss)
    JudgeReceive                             0x20000470   Data         104  datareceivetask.o(.bss)
    F405                                     0x200004d8   Data          16  datareceivetask.o(.bss)
    ChassisMotorCanReceive                   0x200004e8   Data          24  datareceivetask.o(.bss)
    chassis                                  0x20000500   Data          18  datareceivetask.o(.bss)
    Current_Change                           0x20000514   Data          16  chassistask.o(.bss)
    Current_f                                0x20000524   Data          16  chassistask.o(.bss)
    Flow                                     0x20000534   Data          16  chassistask.o(.bss)
    speed                                    0x20000544   Data          16  chassistask.o(.bss)
    Pid_Current                              0x20000554   Data         240  chassistask.o(.bss)
    pidChassisWheelSpeed                     0x20000644   Data         240  chassistask.o(.bss)
    pidChassisPosition_Speed                 0x20000734   Data          60  chassistask.o(.bss)
    F105                                     0x20000770   Data          10  chassistask.o(.bss)
    Power_method                             0x2000077c   Data         144  chassistask.o(.bss)
    vol_change_array                         0x2000080c   Data          36  graphicssendtask.o(.bss)
    Transmit_Pack                            0x20000830   Data         128  graphicssendtask.o(.bss)
    data_pack                                0x200008b0   Data         105  graphicssendtask.o(.bss)
    ChargeCtl                                0x20000964   Data          60  powercontroltask.o(.bss)
    User_Tasks                               0x200009a0   Data          32  starttask.o(.bss)
    WriteBuffer                              0x200009c0   Data         350  sdcardtask.o(.bss)
    ReadBuffer                               0x20000b1e   Data         100  sdcardtask.o(.bss)
    sd_read_var                              0x20000b84   Data          24  sdcardtask.o(.bss)
    sd_status                                0x20000b9c   Data        8304  sdcardtask.o(.bss)
    map_sentry_data                          0x20002c0c   Data         103  judgetask.o(.bss)
    rx_message_1                             0x20007358   Data          20  can1.o(.bss)
    ADC_ConvertedValue                       0x2000736c   Data         180  adc.o(.bss)
    JudgeReceiveBuffer                       0x20007420   Data          45  uart4.o(.bss)
    JudgeSend                                0x2000744d   Data         128  uart4.o(.bss)
    VOFA_justfloat                           0x200074d0   Data          40  usart2.o(.bss)
    VOFA_send_Data                           0x200074f8   Data          44  usart2.o(.bss)
    dma                                      0x20007524   Data          60  usart2.o(.bss)
    SysTime                                  0x20007560   Data          12  counter.o(.bss)
    SDCardInfo                               0x20007570   Data          88  bsp_spi_sdcard.o(.bss)
    __initial_sp                             0x200079c8   Data           0  startup_stm32f40_41xxx.o(STACK)



==============================================================================

Memory Map of the image

  Image Entry point : 0x08000189

  Load Region LR_IROM1 (Base: 0x08000000, Size: 0x00009708, Max: 0x00100000, ABSOLUTE, COMPRESSED[0x00009488])

    Execution Region ER_IROM1 (Exec base: 0x08000000, Load base: 0x08000000, Size: 0x00009384, Max: 0x00100000, ABSOLUTE)

    Exec Addr    Load Addr    Size         Type   Attr      Idx    E Section Name        Object

    0x08000000   0x08000000   0x00000188   Data   RO         2342    RESET               startup_stm32f40_41xxx.o
    0x08000188   0x08000188   0x00000000   Code   RO         6061  * .ARM.Collect$$$$00000000  mc_w.l(entry.o)
    0x08000188   0x08000188   0x00000004   Code   RO         6362    .ARM.Collect$$$$00000001  mc_w.l(entry2.o)
    0x0800018c   0x0800018c   0x00000004   Code   RO         6365    .ARM.Collect$$$$00000004  mc_w.l(entry5.o)
    0x08000190   0x08000190   0x00000000   Code   RO         6367    .ARM.Collect$$$$00000008  mc_w.l(entry7b.o)
    0x08000190   0x08000190   0x00000000   Code   RO         6369    .ARM.Collect$$$$0000000A  mc_w.l(entry8b.o)
    0x08000190   0x08000190   0x00000008   Code   RO         6370    .ARM.Collect$$$$0000000B  mc_w.l(entry9a.o)
    0x08000198   0x08000198   0x00000000   Code   RO         6372    .ARM.Collect$$$$0000000D  mc_w.l(entry10a.o)
    0x08000198   0x08000198   0x00000000   Code   RO         6374    .ARM.Collect$$$$0000000F  mc_w.l(entry11a.o)
    0x08000198   0x08000198   0x00000004   Code   RO         6363    .ARM.Collect$$$$00002712  mc_w.l(entry2.o)
    0x0800019c   0x0800019c   0x000000b6   Code   RO         4429    .emb_text           port.o
    0x08000252   0x08000252   0x00000002   PAD
    0x08000254   0x08000254   0x00000024   Code   RO         2343    .text               startup_stm32f40_41xxx.o
    0x08000278   0x08000278   0x00000062   Code   RO         6064    .text               mc_w.l(uldiv.o)
    0x080002da   0x080002da   0x00000002   PAD
    0x080002dc   0x080002dc   0x00000024   Code   RO         6066    .text               mc_w.l(rand.o)
    0x08000300   0x08000300   0x00000024   Code   RO         6069    .text               mc_w.l(memcpya.o)
    0x08000324   0x08000324   0x00000024   Code   RO         6071    .text               mc_w.l(memseta.o)
    0x08000348   0x08000348   0x0000000e   Code   RO         6073    .text               mc_w.l(strlen.o)
    0x08000356   0x08000356   0x0000014e   Code   RO         6340    .text               mf_w.l(dadd.o)
    0x080004a4   0x080004a4   0x000000e4   Code   RO         6342    .text               mf_w.l(dmul.o)
    0x08000588   0x08000588   0x000000de   Code   RO         6344    .text               mf_w.l(ddiv.o)
    0x08000666   0x08000666   0x00000026   Code   RO         6354    .text               mf_w.l(f2d.o)
    0x0800068c   0x0800068c   0x00000030   Code   RO         6358    .text               mf_w.l(cdrcmple.o)
    0x080006bc   0x080006bc   0x00000038   Code   RO         6360    .text               mf_w.l(d2f.o)
    0x080006f4   0x080006f4   0x0000002c   Code   RO         6379    .text               mc_w.l(uidiv.o)
    0x08000720   0x08000720   0x0000001e   Code   RO         6381    .text               mc_w.l(llshl.o)
    0x0800073e   0x0800073e   0x00000020   Code   RO         6383    .text               mc_w.l(llushr.o)
    0x0800075e   0x0800075e   0x00000024   Code   RO         6385    .text               mc_w.l(llsshr.o)
    0x08000782   0x08000782   0x00000000   Code   RO         6387    .text               mc_w.l(iusefp.o)
    0x08000782   0x08000782   0x0000006e   Code   RO         6388    .text               mf_w.l(fepilogue.o)
    0x080007f0   0x080007f0   0x000000ba   Code   RO         6390    .text               mf_w.l(depilogue.o)
    0x080008aa   0x080008aa   0x00000002   PAD
    0x080008ac   0x080008ac   0x00000024   Code   RO         6394    .text               mc_w.l(init.o)
    0x080008d0   0x080008d0   0x00000056   Code   RO         6406    .text               mc_w.l(__dczerorl2.o)
    0x08000926   0x08000926   0x00000002   PAD
    0x08000928   0x08000928   0x00000098   Code   RO         5924    .text.arm_cos_f32   arm_cortexM4lf_math.lib(arm_cos_f32.o)
    0x080009c0   0x080009c0   0x00000016   Code   RO          592    i.ADC_Cmd           stm32f4xx_adc.o
    0x080009d6   0x080009d6   0x00000002   PAD
    0x080009d8   0x080009d8   0x00000124   Code   RO         4672    i.ADC_Configuration  adc.o
    0x08000afc   0x08000afc   0x00000016   Code   RO          596    i.ADC_DMACmd        stm32f4xx_adc.o
    0x08000b12   0x08000b12   0x00000016   Code   RO          597    i.ADC_DMARequestAfterLastTransferCmd  stm32f4xx_adc.o
    0x08000b28   0x08000b28   0x00000016   Code   RO          598    i.ADC_DeInit        stm32f4xx_adc.o
    0x08000b3e   0x08000b3e   0x00000002   PAD
    0x08000b40   0x08000b40   0x00000054   Code   RO          612    i.ADC_Init          stm32f4xx_adc.o
    0x08000b94   0x08000b94   0x000000b8   Code   RO          617    i.ADC_RegularChannelConfig  stm32f4xx_adc.o
    0x08000c4c   0x08000c4c   0x0000000a   Code   RO          619    i.ADC_SoftwareStartConv  stm32f4xx_adc.o
    0x08000c56   0x08000c56   0x00000002   PAD
    0x08000c58   0x08000c58   0x0000002c   Code   RO          622    i.ADC_TempSensorVrefintCmd  stm32f4xx_adc.o
    0x08000c84   0x08000c84   0x00000030   Code   RO          386    i.Append_CRC16_Check_Sum  algorithmofcrc.o
    0x08000cb4   0x08000cb4   0x00000024   Code   RO          387    i.Append_CRC8_Check_Sum  algorithmofcrc.o
    0x08000cd8   0x08000cd8   0x000000b0   Code   RO            3    i.BSP_Init          main.o
    0x08000d88   0x08000d88   0x00000150   Code   RO         3112    i.BuildF105         chassistask.o
    0x08000ed8   0x08000ed8   0x00000004   Code   RO          264    i.BusFault_Handler  stm32f4xx_it.o
    0x08000edc   0x08000edc   0x00000174   Code   RO         4508    i.CAN1_Configuration  can1.o
    0x08001050   0x08001050   0x00000038   Code   RO         4509    i.CAN1_RX0_IRQHandler  can1.o
    0x08001088   0x08001088   0x00000028   Code   RO         4510    i.CAN1_RX1_IRQHandler  can1.o
    0x080010b0   0x080010b0   0x00000184   Code   RO         4543    i.CAN2_Configuration  can2.o
    0x08001234   0x08001234   0x00000030   Code   RO         4544    i.CAN2_RX0_IRQHandler  can2.o
    0x08001264   0x08001264   0x00000030   Code   RO         4545    i.CAN2_RX1_IRQHandler  can2.o
    0x08001294   0x08001294   0x0000001c   Code   RO         4546    i.CAN2_TX_IRQHandler  can2.o
    0x080012b0   0x080012b0   0x000000a8   Code   RO          830    i.CAN_ClearITPendingBit  stm32f4xx_can.o
    0x08001358   0x08001358   0x00000038   Code   RO          832    i.CAN_DeInit        stm32f4xx_can.o
    0x08001390   0x08001390   0x00000108   Code   RO          834    i.CAN_FilterInit    stm32f4xx_can.o
    0x08001498   0x08001498   0x00000120   Code   RO          836    i.CAN_GetITStatus   stm32f4xx_can.o
    0x080015b8   0x080015b8   0x00000012   Code   RO          840    i.CAN_ITConfig      stm32f4xx_can.o
    0x080015ca   0x080015ca   0x00000114   Code   RO          841    i.CAN_Init          stm32f4xx_can.o
    0x080016de   0x080016de   0x000000f0   Code   RO          844    i.CAN_Receive       stm32f4xx_can.o
    0x080017ce   0x080017ce   0x00000020   Code   RO          847    i.CAN_StructInit    stm32f4xx_can.o
    0x080017ee   0x080017ee   0x00000126   Code   RO          849    i.CAN_Transmit      stm32f4xx_can.o
    0x08001914   0x08001914   0x00000050   Code   RO         4909    i.COUNTER_Configuration  counter.o
    0x08001964   0x08001964   0x000000d8   Code   RO         3063    i.Can1Receive0      datareceivetask.o
    0x08001a3c   0x08001a3c   0x00000110   Code   RO         3064    i.Can2Receive1      datareceivetask.o
    0x08001b4c   0x08001b4c   0x00000030   Code   RO         3209    i.Can2Send0         datasendtask.o
    0x08001b7c   0x08001b7c   0x00000038   Code   RO         3210    i.Can2Send1         datasendtask.o
    0x08001bb4   0x08001bb4   0x00000034   Code   RO         3211    i.Can2Send2         datasendtask.o
    0x08001be8   0x08001be8   0x00000064   Code   RO         3381    i.ChargeIO_Configuration  powercontroltask.o
    0x08001c4c   0x08001c4c   0x000000ec   Code   RO         3212    i.ChassisCan1Send   datasendtask.o
    0x08001d38   0x08001d38   0x0000008c   Code   RO         3113    i.Chassis_CurrentPid_Cal  chassistask.o
    0x08001dc4   0x08001dc4   0x00000174   Code   RO         3114    i.Chassis_Power_Control_Init  chassistask.o
    0x08001f38   0x08001f38   0x00000620   Code   RO         3115    i.Chassis_Speed_Cal  chassistask.o
    0x08002558   0x08002558   0x000000ac   Code   RO         3116    i.Chassis_task      chassistask.o
    0x08002604   0x08002604   0x00000012   Code   RO          852    i.CheckITStatus     stm32f4xx_can.o
    0x08002616   0x08002616   0x00000002   PAD
    0x08002618   0x08002618   0x00000030   Code   RO         3506    i.CloseSDCard       sdcardtask.o
    0x08002648   0x08002648   0x00000044   Code   RO         3117    i.Current_Filter_Excu  chassistask.o
    0x0800268c   0x0800268c   0x000000b8   Code   RO         3118    i.Current_Set_Jump  chassistask.o
    0x08002744   0x08002744   0x00000080   Code   RO         4810    i.DAC1_Init         dac.o
    0x080027c4   0x080027c4   0x00000028   Code   RO         2735    i.DAC_Cmd           stm32f4xx_dac.o
    0x080027ec   0x080027ec   0x00000034   Code   RO         2743    i.DAC_Init          stm32f4xx_dac.o
    0x08002820   0x08002820   0x00000020   Code   RO         2744    i.DAC_SetChannel1Data  stm32f4xx_dac.o
    0x08002840   0x08002840   0x00000020   Code   RO         2745    i.DAC_SetChannel2Data  stm32f4xx_dac.o
    0x08002860   0x08002860   0x00000028   Code   RO         4836    i.DMA1_Stream2_IRQHandler  uart4.o
    0x08002888   0x08002888   0x0000003c   Code   RO         4837    i.DMA1_Stream4_IRQHandler  uart4.o
    0x080028c4   0x080028c4   0x00000028   Code   RO         4873    i.DMA1_Stream6_IRQHandler  usart2.o
    0x080028ec   0x080028ec   0x00000034   Code   RO          991    i.DMA_ClearFlag     stm32f4xx_dma.o
    0x08002920   0x08002920   0x00000034   Code   RO          992    i.DMA_ClearITPendingBit  stm32f4xx_dma.o
    0x08002954   0x08002954   0x00000016   Code   RO          993    i.DMA_Cmd           stm32f4xx_dma.o
    0x0800296a   0x0800296a   0x00000002   PAD
    0x0800296c   0x0800296c   0x00000158   Code   RO          994    i.DMA_DeInit        stm32f4xx_dma.o
    0x08002ac4   0x08002ac4   0x00000014   Code   RO          998    i.DMA_GetCmdStatus  stm32f4xx_dma.o
    0x08002ad8   0x08002ad8   0x00000064   Code   RO         1003    i.DMA_GetITStatus   stm32f4xx_dma.o
    0x08002b3c   0x08002b3c   0x0000003a   Code   RO         1004    i.DMA_ITConfig      stm32f4xx_dma.o
    0x08002b76   0x08002b76   0x00000002   PAD
    0x08002b78   0x08002b78   0x00000058   Code   RO         1005    i.DMA_Init          stm32f4xx_dma.o
    0x08002bd0   0x08002bd0   0x00000022   Code   RO         1009    i.DMA_StructInit    stm32f4xx_dma.o
    0x08002bf2   0x08002bf2   0x00000002   Code   RO          265    i.DebugMon_Handler  stm32f4xx_it.o
    0x08002bf4   0x08002bf4   0x00000010   Code   RO         3065    i.F405_Rst          datareceivetask.o
    0x08002c04   0x08002c04   0x000004a0   Code   RO         3119    i.Filter_Cal        chassistask.o
    0x080030a4   0x080030a4   0x000000c0   Code   RO          447    i.Fir               fir.o
    0x08003164   0x08003164   0x000000e8   Code   RO         5084    i.GPIO_Configuration  bsp_spi_sdcard.o
    0x0800324c   0x0800324c   0x00000090   Code   RO         1439    i.GPIO_Init         stm32f4xx_gpio.o
    0x080032dc   0x080032dc   0x00000046   Code   RO         1440    i.GPIO_PinAFConfig  stm32f4xx_gpio.o
    0x08003322   0x08003322   0x00000004   Code   RO         1446    i.GPIO_ResetBits    stm32f4xx_gpio.o
    0x08003326   0x08003326   0x00000004   Code   RO         1447    i.GPIO_SetBits      stm32f4xx_gpio.o
    0x0800332a   0x0800332a   0x00000002   PAD
    0x0800332c   0x0800332c   0x00000030   Code   RO         4911    i.GetDeltaT         counter.o
    0x0800335c   0x0800335c   0x00000044   Code   RO         4915    i.GetTime_s         counter.o
    0x080033a0   0x080033a0   0x00000034   Code   RO          388    i.Get_CRC16_Check_Sum  algorithmofcrc.o
    0x080033d4   0x080033d4   0x00000024   Code   RO          389    i.Get_CRC8_Check_Sum  algorithmofcrc.o
    0x080033f8   0x080033f8   0x00000004   Code   RO          266    i.HardFault_Handler  stm32f4xx_it.o
    0x080033fc   0x080033fc   0x00000024   Code   RO         4581    i.IWDG_Config       iwdg.o
    0x08003420   0x08003420   0x00000010   Code   RO         2683    i.IWDG_Enable       stm32f4xx_iwdg.o
    0x08003430   0x08003430   0x00000008   Code   RO         4582    i.IWDG_Feed         iwdg.o
    0x08003438   0x08003438   0x00000010   Code   RO         2685    i.IWDG_ReloadCounter  stm32f4xx_iwdg.o
    0x08003448   0x08003448   0x0000000c   Code   RO         2686    i.IWDG_SetPrescaler  stm32f4xx_iwdg.o
    0x08003454   0x08003454   0x0000000c   Code   RO         2687    i.IWDG_SetReload    stm32f4xx_iwdg.o
    0x08003460   0x08003460   0x0000000c   Code   RO         2688    i.IWDG_WriteAccessCmd  stm32f4xx_iwdg.o
    0x0800346c   0x0800346c   0x000000b8   Code   RO         3507    i.Init_SDcard       sdcardtask.o
    0x08003524   0x08003524   0x00000514   Code   RO         3066    i.JudgeBuffReceive  datareceivetask.o
    0x08003a38   0x08003a38   0x00000024   Code   RO         3067    i.JudgeReceive_task  datareceivetask.o
    0x08003a5c   0x08003a5c   0x00000010   Code   RO            4    i.Judge_Rst         main.o
    0x08003a6c   0x08003a6c   0x00000010   Code   RO         3623    i.Judge_task        judgetask.o
    0x08003a7c   0x08003a7c   0x00000074   Code   RO          448    i.LowPass_SetChassis  fir.o
    0x08003af0   0x08003af0   0x00000004   Code   RO          267    i.MemManage_Handler  stm32f4xx_it.o
    0x08003af4   0x08003af4   0x000000a0   Code   RO         3122    i.Method_Check      chassistask.o
    0x08003b94   0x08003b94   0x00000002   Code   RO          268    i.NMI_Handler       stm32f4xx_it.o
    0x08003b96   0x08003b96   0x00000002   PAD
    0x08003b98   0x08003b98   0x00000078   Code   RO          542    i.NVIC_Init         misc.o
    0x08003c10   0x08003c10   0x000000d4   Code   RO            5    i.Offline_Check_task  main.o
    0x08003ce4   0x08003ce4   0x00000054   Code   RO         3508    i.OpenSDCard        sdcardtask.o
    0x08003d38   0x08003d38   0x00000154   Code   RO          522    i.PID_Calc          pid.o
    0x08003e8c   0x08003e8c   0x0000004c   Code   RO         3384    i.Pid_ChargeCal_Init  powercontroltask.o
    0x08003ed8   0x08003ed8   0x0000010c   Code   RO         3123    i.Pid_ChassisWheelInit  chassistask.o
    0x08003fe4   0x08003fe4   0x0000064c   Code   RO         3124    i.PowerLimit        chassistask.o
    0x08004630   0x08004630   0x00000020   Code   RO         2349    i.RCC_AHB1PeriphClockCmd  stm32f4xx_rcc.o
    0x08004650   0x08004650   0x00000020   Code   RO         2358    i.RCC_APB1PeriphClockCmd  stm32f4xx_rcc.o
    0x08004670   0x08004670   0x00000020   Code   RO         2360    i.RCC_APB1PeriphResetCmd  stm32f4xx_rcc.o
    0x08004690   0x08004690   0x00000020   Code   RO         2361    i.RCC_APB2PeriphClockCmd  stm32f4xx_rcc.o
    0x080046b0   0x080046b0   0x00000020   Code   RO         2363    i.RCC_APB2PeriphResetCmd  stm32f4xx_rcc.o
    0x080046d0   0x080046d0   0x000000e8   Code   RO         2370    i.RCC_GetClocksFreq  stm32f4xx_rcc.o
    0x080047b8   0x080047b8   0x00000010   Code   RO            6    i.Robot_Init        main.o
    0x080047c8   0x080047c8   0x00000094   Code   RO         3510    i.SDCard_task       sdcardtask.o
    0x0800485c   0x0800485c   0x0000014c   Code   RO         3511    i.SDLOG             sdcardtask.o
    0x080049a8   0x080049a8   0x00000074   Code   RO         5085    i.SD_DeInit         bsp_spi_sdcard.o
    0x08004a1c   0x08004a1c   0x00000108   Code   RO         5086    i.SD_GetCIDRegister  bsp_spi_sdcard.o
    0x08004b24   0x08004b24   0x00000234   Code   RO         5087    i.SD_GetCSDRegister  bsp_spi_sdcard.o
    0x08004d58   0x08004d58   0x000000b0   Code   RO         5088    i.SD_GetCardInfo    bsp_spi_sdcard.o
    0x08004e08   0x08004e08   0x00000174   Code   RO         5089    i.SD_GetCardType    bsp_spi_sdcard.o
    0x08004f7c   0x08004f7c   0x0000004c   Code   RO         5090    i.SD_GetDataResponse  bsp_spi_sdcard.o
    0x08004fc8   0x08004fc8   0x00000022   Code   RO         5091    i.SD_GetResponse    bsp_spi_sdcard.o
    0x08004fea   0x08004fea   0x00000002   PAD
    0x08004fec   0x08004fec   0x0000004c   Code   RO         5093    i.SD_GoIdleState    bsp_spi_sdcard.o
    0x08005038   0x08005038   0x0000005c   Code   RO         5094    i.SD_Init           bsp_spi_sdcard.o
    0x08005094   0x08005094   0x00000038   Code   RO         5096    i.SD_ReadByte       bsp_spi_sdcard.o
    0x080050cc   0x080050cc   0x000000b4   Code   RO         5097    i.SD_ReadMultiBlocks  bsp_spi_sdcard.o
    0x08005180   0x08005180   0x0000004a   Code   RO         5098    i.SD_SendCmd        bsp_spi_sdcard.o
    0x080051ca   0x080051ca   0x00000002   PAD
    0x080051cc   0x080051cc   0x00000038   Code   RO         5100    i.SD_WriteByte      bsp_spi_sdcard.o
    0x08005204   0x08005204   0x000000c0   Code   RO         5101    i.SD_WriteMultiBlocks  bsp_spi_sdcard.o
    0x080052c4   0x080052c4   0x00000018   Code   RO         2855    i.SPI_Cmd           stm32f4xx_spi.o
    0x080052dc   0x080052dc   0x000000b0   Code   RO         2862    i.SPI_I2S_DeInit    stm32f4xx_spi.o
    0x0800538c   0x0800538c   0x00000012   Code   RO         2863    i.SPI_I2S_GetFlagStatus  stm32f4xx_spi.o
    0x0800539e   0x0800539e   0x00000006   Code   RO         2866    i.SPI_I2S_ReceiveData  stm32f4xx_spi.o
    0x080053a4   0x080053a4   0x00000004   Code   RO         2867    i.SPI_I2S_SendData  stm32f4xx_spi.o
    0x080053a8   0x080053a8   0x0000003c   Code   RO         2868    i.SPI_Init          stm32f4xx_spi.o
    0x080053e4   0x080053e4   0x00000120   Code   RO         3624    i.Send_Path_Judge   judgetask.o
    0x08005504   0x08005504   0x000000ec   Code   RO          349    i.SetSysClock       system_stm32f4xx.o
    0x080055f0   0x080055f0   0x00000008   Code   RO          269    i.SysTick_Handler   stm32f4xx_it.o
    0x080055f8   0x080055f8   0x00000094   Code   RO         4917    i.SysTimeUpdate     counter.o
    0x0800568c   0x0800568c   0x00000068   Code   RO          351    i.SystemInit        system_stm32f4xx.o
    0x080056f4   0x080056f4   0x00000068   Code   RO         4607    i.TIM2_Configuration  tim2.o
    0x0800575c   0x0800575c   0x00000024   Code   RO         4608    i.TIM2_IRQHandler   tim2.o
    0x08005780   0x08005780   0x00000060   Code   RO         4642    i.TIM4_Configuration  tim4.o
    0x080057e0   0x080057e0   0x00000084   Code   RO         4643    i.TIM4_IRQHandler   tim4.o
    0x08005864   0x08005864   0x00000028   Code   RO         5614    i.TIM7_IRQHandler   os_tick.o
    0x0800588c   0x0800588c   0x00000006   Code   RO         1602    i.TIM_ClearFlag     stm32f4xx_tim.o
    0x08005892   0x08005892   0x00000006   Code   RO         1603    i.TIM_ClearITPendingBit  stm32f4xx_tim.o
    0x08005898   0x08005898   0x00000018   Code   RO         1608    i.TIM_Cmd           stm32f4xx_tim.o
    0x080058b0   0x080058b0   0x00000006   Code   RO         1627    i.TIM_GetCounter    stm32f4xx_tim.o
    0x080058b6   0x080058b6   0x00000022   Code   RO         1629    i.TIM_GetITStatus   stm32f4xx_tim.o
    0x080058d8   0x080058d8   0x00000012   Code   RO         1633    i.TIM_ITConfig      stm32f4xx_tim.o
    0x080058ea   0x080058ea   0x00000004   Code   RO         1674    i.TIM_SetCounter    stm32f4xx_tim.o
    0x080058ee   0x080058ee   0x00000002   PAD
    0x080058f0   0x080058f0   0x00000084   Code   RO         1680    i.TIM_TimeBaseInit  stm32f4xx_tim.o
    0x08005974   0x08005974   0x000001e0   Code   RO         4838    i.UART4_Configuration  uart4.o
    0x08005b54   0x08005b54   0x00000018   Code   RO         2158    i.USART_Cmd         stm32f4xx_usart.o
    0x08005b6c   0x08005b6c   0x00000012   Code   RO         2159    i.USART_DMACmd      stm32f4xx_usart.o
    0x08005b7e   0x08005b7e   0x00000002   PAD
    0x08005b80   0x08005b80   0x000000d4   Code   RO         2165    i.USART_Init        stm32f4xx_usart.o
    0x08005c54   0x08005c54   0x00000004   Code   RO          270    i.UsageFault_Handler  stm32f4xx_it.o
    0x08005c58   0x08005c58   0x000000b8   Code   RO         4874    i.VOFA_Send         usart2.o
    0x08005d10   0x08005d10   0x00000170   Code   RO         4875    i.VOFA_USART_Configuration  usart2.o
    0x08005e80   0x08005e80   0x00000040   Code   RO          390    i.Verify_CRC16_Check_Sum  algorithmofcrc.o
    0x08005ec0   0x08005ec0   0x00000038   Code   RO          391    i.Verify_CRC8_Check_Sum  algorithmofcrc.o
    0x08005ef8   0x08005ef8   0x00000028   Code   RO         6170    i.__0sprintf$3      mc_w.l(printf3.o)
    0x08005f20   0x08005f20   0x0000000e   Code   RO         6400    i.__scatterload_copy  mc_w.l(handlers.o)
    0x08005f2e   0x08005f2e   0x00000002   Code   RO         6401    i.__scatterload_null  mc_w.l(handlers.o)
    0x08005f30   0x08005f30   0x0000000e   Code   RO         6402    i.__scatterload_zeroinit  mc_w.l(handlers.o)
    0x08005f3e   0x08005f3e   0x00000002   PAD
    0x08005f40   0x08005f40   0x000001b8   Code   RO         6175    i._printf_core      mc_w.l(printf3.o)
    0x080060f8   0x080060f8   0x0000000a   Code   RO         6177    i._sputc            mc_w.l(printf3.o)
    0x08006102   0x08006102   0x00000002   PAD
    0x08006104   0x08006104   0x00000090   Code   RO         5266    i.check_fs          ff.o
    0x08006194   0x08006194   0x00000014   Code   RO         5267    i.chk_chr           ff.o
    0x080061a8   0x080061a8   0x0000001a   Code   RO         5268    i.clust2sect        ff.o
    0x080061c2   0x080061c2   0x000000d6   Code   RO         5269    i.create_chain      ff.o
    0x08006298   0x08006298   0x00000118   Code   RO         5270    i.create_name       ff.o
    0x080063b0   0x080063b0   0x00000036   Code   RO         4609    i.delay_ms          tim2.o
    0x080063e6   0x080063e6   0x0000005c   Code   RO         5271    i.dir_alloc         ff.o
    0x08006442   0x08006442   0x0000005c   Code   RO         5272    i.dir_find          ff.o
    0x0800649e   0x0800649e   0x0000013a   Code   RO         5273    i.dir_next          ff.o
    0x080065d8   0x080065d8   0x0000003a   Code   RO         5275    i.dir_register      ff.o
    0x08006612   0x08006612   0x000000c8   Code   RO         5277    i.dir_sdi           ff.o
    0x080066da   0x080066da   0x0000002a   Code   RO         5215    i.disk_initialize   diskio.o
    0x08006704   0x08006704   0x0000006c   Code   RO         5216    i.disk_ioctl        diskio.o
    0x08006770   0x08006770   0x00000056   Code   RO         5217    i.disk_read         diskio.o
    0x080067c6   0x080067c6   0x0000001c   Code   RO         5218    i.disk_status       diskio.o
    0x080067e2   0x080067e2   0x0000005c   Code   RO         5219    i.disk_write        diskio.o
    0x0800683e   0x0800683e   0x00000020   Code   RO         5279    i.f_close           ff.o
    0x0800685e   0x0800685e   0x0000019a   Code   RO         5283    i.f_lseek           ff.o
    0x080069f8   0x080069f8   0x0000005c   Code   RO         5286    i.f_mount           ff.o
    0x08006a54   0x08006a54   0x00000176   Code   RO         5287    i.f_open            ff.o
    0x08006bca   0x08006bca   0x000000b0   Code   RO         5296    i.f_sync            ff.o
    0x08006c7a   0x08006c7a   0x0000020c   Code   RO         5300    i.f_write           ff.o
    0x08006e86   0x08006e86   0x00000002   PAD
    0x08006e88   0x08006e88   0x000003d8   Code   RO         5301    i.find_volume       ff.o
    0x08007260   0x08007260   0x00000090   Code   RO         5302    i.follow_path       ff.o
    0x080072f0   0x080072f0   0x0000013e   Code   RO         5303    i.get_fat           ff.o
    0x0800742e   0x0800742e   0x00000002   PAD
    0x08007430   0x08007430   0x00000008   Code   RO         5220    i.get_fattime       diskio.o
    0x08007438   0x08007438   0x00000048   Code   RO         5305    i.get_ldnumber      ff.o
    0x08007480   0x08007480   0x00000040   Code   RO         4704    i.i2c_init          i2c.o
    0x080074c0   0x080074c0   0x00000020   Code   RO         5306    i.ld_clust          ff.o
    0x080074e0   0x080074e0   0x00000014   Code   RO            7    i.main              main.o
    0x080074f4   0x080074f4   0x00000026   Code   RO         5307    i.mem_cmp           ff.o
    0x0800751a   0x0800751a   0x0000001a   Code   RO         5308    i.mem_cpy           ff.o
    0x08007534   0x08007534   0x00000014   Code   RO         5309    i.mem_set           ff.o
    0x08007548   0x08007548   0x00000034   Code   RO         5310    i.move_window       ff.o
    0x0800757c   0x0800757c   0x00000098   Code   RO         4005    i.prvAddCurrentTaskToDelayedList  tasks.o
    0x08007614   0x08007614   0x000000b8   Code   RO         4006    i.prvAddNewTaskToReadyList  tasks.o
    0x080076cc   0x080076cc   0x00000064   Code   RO         4007    i.prvCheckTasksWaitingTermination  tasks.o
    0x08007730   0x08007730   0x00000012   Code   RO         4008    i.prvDeleteTCB      tasks.o
    0x08007742   0x08007742   0x00000002   PAD
    0x08007744   0x08007744   0x0000007c   Code   RO         4372    i.prvHeapInit       heap_4.o
    0x080077c0   0x080077c0   0x00000028   Code   RO         4009    i.prvIdleTask       tasks.o
    0x080077e8   0x080077e8   0x00000090   Code   RO         4010    i.prvInitialiseNewTask  tasks.o
    0x08007878   0x08007878   0x00000068   Code   RO         4011    i.prvInitialiseTaskLists  tasks.o
    0x080078e0   0x080078e0   0x00000068   Code   RO         4373    i.prvInsertBlockIntoFreeList  heap_4.o
    0x08007948   0x08007948   0x00000034   Code   RO         4013    i.prvResetNextTaskUnblockTime  tasks.o
    0x0800797c   0x0800797c   0x00000016   Code   RO         4014    i.prvTaskCheckFreeStackSpace  tasks.o
    0x08007992   0x08007992   0x00000016   Code   RO         4430    i.prvTaskExitError  port.o
    0x080079a8   0x080079a8   0x00000188   Code   RO         5311    i.put_fat           ff.o
    0x08007b30   0x08007b30   0x000000d0   Code   RO         4374    i.pvPortMalloc      heap_4.o
    0x08007c00   0x08007c00   0x0000002c   Code   RO         4431    i.pxPortInitialiseStack  port.o
    0x08007c2c   0x08007c2c   0x00000094   Code   RO         3625    i.referee_data_pack_handle  judgetask.o
    0x08007cc0   0x08007cc0   0x0000006c   Code   RO         5313    i.remove_chain      ff.o
    0x08007d2c   0x08007d2c   0x00000010   Code   RO         5314    i.st_clust          ff.o
    0x08007d3c   0x08007d3c   0x0000002c   Code   RO         3452    i.startTast         starttask.o
    0x08007d68   0x08007d68   0x000000f4   Code   RO         3453    i.start_task        starttask.o
    0x08007e5c   0x08007e5c   0x000000c8   Code   RO         5315    i.sync_fs           ff.o
    0x08007f24   0x08007f24   0x00000052   Code   RO         5316    i.sync_window       ff.o
    0x08007f76   0x08007f76   0x00000002   PAD
    0x08007f78   0x08007f78   0x00000074   Code   RO         4017    i.ulTaskNotifyTake  tasks.o
    0x08007fec   0x08007fec   0x00000028   Code   RO         3786    i.uxListRemove      list.o
    0x08008014   0x08008014   0x00000028   Code   RO         4019    i.uxTaskGetStackHighWaterMark  tasks.o
    0x0800803c   0x0800803c   0x0000001a   Code   RO         3787    i.vListInitialise   list.o
    0x08008056   0x08008056   0x00000006   Code   RO         3788    i.vListInitialiseItem  list.o
    0x0800805c   0x0800805c   0x00000034   Code   RO         3789    i.vListInsert       list.o
    0x08008090   0x08008090   0x00000018   Code   RO         3790    i.vListInsertEnd    list.o
    0x080080a8   0x080080a8   0x00000024   Code   RO         4433    i.vPortEnterCritical  port.o
    0x080080cc   0x080080cc   0x00000020   Code   RO         4434    i.vPortExitCritical  port.o
    0x080080ec   0x080080ec   0x00000048   Code   RO         4375    i.vPortFree         heap_4.o
    0x08008134   0x08008134   0x00000020   Code   RO         4435    i.vPortSetupTimerInterrupt  port.o
    0x08008154   0x08008154   0x00000034   Code   RO         4025    i.vTaskDelay        tasks.o
    0x08008188   0x08008188   0x00000074   Code   RO         4026    i.vTaskDelayUntil   tasks.o
    0x080081fc   0x080081fc   0x000000cc   Code   RO         4027    i.vTaskDelete       tasks.o
    0x080082c8   0x080082c8   0x0000006c   Code   RO         4040    i.vTaskStartScheduler  tasks.o
    0x08008334   0x08008334   0x00000010   Code   RO         4042    i.vTaskSuspendAll   tasks.o
    0x08008344   0x08008344   0x000000a0   Code   RO         4043    i.vTaskSwitchContext  tasks.o
    0x080083e4   0x080083e4   0x00000032   Code   RO         5317    i.validate          ff.o
    0x08008416   0x08008416   0x00000002   PAD
    0x08008418   0x08008418   0x00000048   Code   RO         4436    i.xPortStartScheduler  port.o
    0x08008460   0x08008460   0x00000034   Code   RO         4437    i.xPortSysTickHandler  port.o
    0x08008494   0x08008494   0x00000060   Code   RO         4045    i.xTaskCreate       tasks.o
    0x080084f4   0x080084f4   0x000000c4   Code   RO         4046    i.xTaskGenericNotify  tasks.o
    0x080085b8   0x080085b8   0x0000000c   Code   RO         4049    i.xTaskGetTickCount  tasks.o
    0x080085c4   0x080085c4   0x0000011c   Code   RO         4051    i.xTaskIncrementTick  tasks.o
    0x080086e0   0x080086e0   0x000000e8   Code   RO         4056    i.xTaskResumeAll    tasks.o
    0x080087c8   0x080087c8   0x00000301   Data   RO          392    .constdata          algorithmofcrc.o
    0x08008ac9   0x08008ac9   0x00000003   PAD
    0x08008acc   0x08008acc   0x00000018   Data   RO          451    .constdata          fir.o
    0x08008ae4   0x08008ae4   0x0000007b   Data   RO         3513    .conststring        sdcardtask.o
    0x08008b5f   0x08008b5f   0x00000001   PAD
    0x08008b60   0x08008b60   0x00000804   Data   RO         6054    .rodata.sinTable_f32  arm_cortexM4lf_math.lib(arm_common_tables.o)
    0x08009364   0x08009364   0x00000020   Data   RO         6398    Region$$Table       anon$$obj.o


    Execution Region RW_IRAM1 (Exec base: 0x20000000, Load base: 0x08009384, Size: 0x000079c8, Max: 0x00020000, ABSOLUTE, COMPRESSED[0x00000104])

    Exec Addr    Load Addr    Size         Type   Attr      Idx    E Section Name        Object

    0x20000000   COMPRESSED   0x0000000c   Data   RW            9    .data               main.o
    0x2000000c   COMPRESSED   0x00000014   Data   RW          352    .data               system_stm32f4xx.o
    0x20000020   COMPRESSED   0x00000004   Data   RW          393    .data               algorithmofcrc.o
    0x20000024   COMPRESSED   0x00000010   Data   RW         2402    .data               stm32f4xx_rcc.o
    0x20000034   COMPRESSED   0x00000016   Data   RW         3069    .data               datareceivetask.o
    0x2000004a   COMPRESSED   0x00000006   PAD
    0x20000050   COMPRESSED   0x00000110   Data   RW         3126    .data               chassistask.o
    0x20000160   COMPRESSED   0x0000001c   Data   RW         3213    .data               datasendtask.o
    0x2000017c   COMPRESSED   0x000000cc   Data   RW         3270    .data               graphicssendtask.o
    0x20000248   COMPRESSED   0x00000060   Data   RW         3389    .data               powercontroltask.o
    0x200002a8   COMPRESSED   0x00000004   Data   RW         3455    .data               starttask.o
    0x200002ac   COMPRESSED   0x00000004   PAD
    0x200002b0   COMPRESSED   0x0000002c   Data   RW         3514    .data               sdcardtask.o
    0x200002dc   COMPRESSED   0x00000005   Data   RW         3627    .data               judgetask.o
    0x200002e1   COMPRESSED   0x00000003   PAD
    0x200002e4   COMPRESSED   0x00000044   Data   RW         4059    .data               tasks.o
    0x20000328   COMPRESSED   0x00000018   Data   RW         4380    .data               heap_4.o
    0x20000340   COMPRESSED   0x00000004   Data   RW         4438    .data               port.o
    0x20000344   COMPRESSED   0x00000004   Data   RW         4610    .data               tim2.o
    0x20000348   COMPRESSED   0x00000009   Data   RW         4644    .data               tim4.o
    0x20000351   COMPRESSED   0x00000001   Data   RW         4840    .data               uart4.o
    0x20000352   COMPRESSED   0x00000006   PAD
    0x20000358   COMPRESSED   0x00000018   Data   RW         4919    .data               counter.o
    0x20000370   COMPRESSED   0x00000001   Data   RW         5103    .data               bsp_spi_sdcard.o
    0x20000371   COMPRESSED   0x00000003   PAD
    0x20000374   COMPRESSED   0x00000006   Data   RW         5319    .data               ff.o
    0x2000037a   COMPRESSED   0x00000002   PAD
    0x2000037c   COMPRESSED   0x00000004   Data   RW         5615    .data               os_tick.o
    0x20000380   COMPRESSED   0x00000004   Data   RW         6067    .data               mc_w.l(rand.o)
    0x20000384        -       0x0000000e   Zero   RW            8    .bss                main.o
    0x20000392   COMPRESSED   0x00000002   PAD
    0x20000394        -       0x00000080   Zero   RW          450    .bss                fir.o
    0x20000414        -       0x000000fe   Zero   RW         3068    .bss                datareceivetask.o
    0x20000512   COMPRESSED   0x00000002   PAD
    0x20000514        -       0x000002f8   Zero   RW         3125    .bss                chassistask.o
    0x2000080c        -       0x00000158   Zero   RW         3269    .bss                graphicssendtask.o
    0x20000964        -       0x0000003c   Zero   RW         3387    .bss                powercontroltask.o
    0x200009a0        -       0x00000020   Zero   RW         3454    .bss                starttask.o
    0x200009c0        -       0x0000224c   Zero   RW         3512    .bss                sdcardtask.o
    0x20002c0c        -       0x00000067   Zero   RW         3626    .bss                judgetask.o
    0x20002c73   COMPRESSED   0x00000001   PAD
    0x20002c74        -       0x000002e4   Zero   RW         4058    .bss                tasks.o
    0x20002f58        -       0x00004400   Zero   RW         4379    .bss                heap_4.o
    0x20007358        -       0x00000014   Zero   RW         4511    .bss                can1.o
    0x2000736c        -       0x000000b4   Zero   RW         4673    .bss                adc.o
    0x20007420        -       0x000000ad   Zero   RW         4839    .bss                uart4.o
    0x200074cd   COMPRESSED   0x00000003   PAD
    0x200074d0        -       0x00000090   Zero   RW         4876    .bss                usart2.o
    0x20007560        -       0x0000000c   Zero   RW         4918    .bss                counter.o
    0x2000756c   COMPRESSED   0x00000004   PAD
    0x20007570        -       0x00000058   Zero   RW         5102    .bss                bsp_spi_sdcard.o
    0x200075c8        -       0x00000400   Zero   RW         2340    STACK               startup_stm32f40_41xxx.o


==============================================================================

Image component sizes


      Code (inc. data)   RO Data    RW Data    ZI Data      Debug   Object Name

       292         16          0          0        180       1457   adc.o
       292         26        769          4          0       7966   algorithmofcrc.o
      2560         96          0          1         88      15677   bsp_spi_sdcard.o
       468         26          0          0         20       2220   can1.o
       512         26          0          0          0       2538   can2.o
      6064        554          0        272        760      11888   chassistask.o
       344         60          0         24         12       3020   counter.o
       128          4          0          0          0        648   dac.o
      1840         84          0         22        254       5113   datareceivetask.o
       392         46          0         28          0       3878   datasendtask.o
       364         10          0          0          0       5348   diskio.o
         0          0          0          0          0       1484   event_groups.o
      5582         46          0          6          0      29559   ff.o
       308         34         24          0        128       2222   fir.o
         0          0          0        204        344      14306   graphicssendtask.o
       508         62          0         24      17408       4039   heap_4.o
        64          4          0          0          0        551   i2c.o
        44          0          0          0          0       1110   iwdg.o
       452         44          0          5        103       3297   judgetask.o
       148          0          0          0          0       3414   list.o
       440         42          0         12         14     379895   main.o
       120         14          0          0          0       1060   misc.o
        40          8          0          4          0       1124   os_tick.o
       340          0          0          0          0       1015   pid.o
       472         58          0          4          0       9848   port.o
       176         28          0         96         60       2438   powercontroltask.o
       796        190        123         44       8780       4902   sdcardtask.o
       288        128          0          4         32       2166   starttask.o
        36          8        392          0       1024        880   startup_stm32f40_41xxx.o
       410         20          0          0          0       6210   stm32f4xx_adc.o
      1654         22          0          0          0       7828   stm32f4xx_can.o
       156         24          0          0          0       3189   stm32f4xx_dac.o
       770         72          0          0          0       7191   stm32f4xx_dma.o
       222          0          0          0          0       3011   stm32f4xx_gpio.o
        28          0          0          0          0       3363   stm32f4xx_it.o
        68         30          0          0          0       2710   stm32f4xx_iwdg.o
       392         48          0         16          0       6005   stm32f4xx_rcc.o
       288         24          0          0          0      12511   stm32f4xx_spi.o
       230         28          0          0          0       5564   stm32f4xx_tim.o
       254          8          0          0          0       2768   stm32f4xx_usart.o
       340         32          0         20          0       1845   system_stm32f4xx.o
      2448        370          0         68        740      27763   tasks.o
       194          4          0          4          0       1939   tim2.o
       228         36          0          9          0       1554   tim4.o
       580         50          0          1        173       2827   uart4.o
       592         60          0          0        144       2756   usart2.o

    ----------------------------------------------------------------------
     31960       2442       1344        896      30276     622097   Object Totals
         0          0         32          0          0          0   (incl. Generated)
        36          0          4         24         12          0   (incl. Padding)

    ----------------------------------------------------------------------

      Code (inc. data)   RO Data    RW Data    ZI Data      Debug   Library Member Name

         0          0       2052          0          0       6294   arm_common_tables.o
       152         12          0          0          0       1104   arm_cos_f32.o
        86          0          0          0          0          0   __dczerorl2.o
         0          0          0          0          0          0   entry.o
         0          0          0          0          0          0   entry10a.o
         0          0          0          0          0          0   entry11a.o
         8          4          0          0          0          0   entry2.o
         4          0          0          0          0          0   entry5.o
         0          0          0          0          0          0   entry7b.o
         0          0          0          0          0          0   entry8b.o
         8          4          0          0          0          0   entry9a.o
        30          0          0          0          0          0   handlers.o
        36          8          0          0          0         68   init.o
         0          0          0          0          0          0   iusefp.o
        30          0          0          0          0         68   llshl.o
        36          0          0          0          0         68   llsshr.o
        32          0          0          0          0         68   llushr.o
        36          0          0          0          0         68   memcpya.o
        36          0          0          0          0        108   memseta.o
       490         10          0          0          0        252   printf3.o
        36         10          0          4          0        136   rand.o
        14          0          0          0          0         68   strlen.o
        44          0          0          0          0         80   uidiv.o
        98          0          0          0          0         92   uldiv.o
        48          0          0          0          0         68   cdrcmple.o
        56          0          0          0          0         88   d2f.o
       334          0          0          0          0        148   dadd.o
       222          0          0          0          0        100   ddiv.o
       186          0          0          0          0        176   depilogue.o
       228          0          0          0          0         96   dmul.o
        38          0          0          0          0         68   f2d.o
       110          0          0          0          0        168   fepilogue.o

    ----------------------------------------------------------------------
      2408         48       2052          4          0       9386   Library Totals
        10          0          0          0          0          0   (incl. Padding)

    ----------------------------------------------------------------------

      Code (inc. data)   RO Data    RW Data    ZI Data      Debug   Library Name

       152         12       2052          0          0       7398   arm_cortexM4lf_math.lib
      1024         36          0          4          0       1076   mc_w.l
      1222          0          0          0          0        912   mf_w.l

    ----------------------------------------------------------------------
      2408         48       2052          4          0       9386   Library Totals

    ----------------------------------------------------------------------

==============================================================================


      Code (inc. data)   RO Data    RW Data    ZI Data      Debug   

     34368       2490       3396        900      30276     607879   Grand Totals
     34368       2490       3396        260      30276     607879   ELF Image Totals (compressed)
     34368       2490       3396        260          0          0   ROM Totals

==============================================================================

    Total RO  Size (Code + RO Data)                37764 (  36.88kB)
    Total RW  Size (RW Data + ZI Data)             31176 (  30.45kB)
    Total ROM Size (Code + RO Data + RW Data)      38024 (  37.13kB)

==============================================================================

