Component: ARM Compiler 5.06 update 6 (build 750) Tool: armlink [4d35ed]

==============================================================================

Section Cross References

    stm32f4xx_it.o(i.SysTick_Handler) refers to port.o(i.xPortSysTickHandler) for xPortSysTickHandler
    main.o(i.BSP_Init) refers to usart3.o(i.USART3_Configuration) for USART3_Configuration
    main.o(i.BSP_Init) refers to tools.o(i.delay_ms) for delay_ms
    main.o(i.BSP_Init) refers to pc_uart.o(i.PC_UART_Configuration) for PC_UART_Configuration
    main.o(i.BSP_Init) refers to microsw.o(i.MicroSwConfigration) for MicroSwConfigration
    main.o(i.BSP_Init) refers to steeringengine.o(i.SteeringEngine_Configuration) for SteeringEngine_Configuration
    main.o(i.BSP_Init) refers to uart5.o(i.UART5_Configuration) for UART5_Configuration
    main.o(i.BSP_Init) refers to can1.o(i.CAN1_Configuration) for CAN1_Configuration
    main.o(i.BSP_Init) refers to can2.o(i.CAN2_Configuration) for CAN2_Configuration
    main.o(i.BSP_Init) refers to steeringengine.o(i.SteeringEngine_Set) for SteeringEngine_Set
    main.o(i.BSP_Init) refers to counter.o(i.COUNTER_Configuration) for COUNTER_Configuration
    main.o(i.BSP_Init) refers to main.o(.bss) for Infantry
    main.o(i.Infantry_Init) refers to main.o(.bss) for Infantry
    main.o(i.Offline_Check_task) refers to start_task.o(i.Robot_Stop) for Robot_Stop
    main.o(i.Offline_Check_task) refers to start_task.o(i.Robot_Recover) for Robot_Recover
    main.o(i.Offline_Check_task) refers to start_task.o(i.Shoot_Stop) for Shoot_Stop
    main.o(i.Offline_Check_task) refers to start_task.o(i.Shoot_Recover) for Shoot_Recover
    main.o(i.Offline_Check_task) refers to datareceivetask.o(i.F105_Rst) for F105_Rst
    main.o(i.Offline_Check_task) refers to iwdg.o(i.IWDG_Feed) for IWDG_Feed
    main.o(i.Offline_Check_task) refers to tasks.o(i.vTaskDelay) for vTaskDelay
    main.o(i.Offline_Check_task) refers to tasks.o(i.uxTaskGetStackHighWaterMark) for uxTaskGetStackHighWaterMark
    main.o(i.Offline_Check_task) refers to datareceivetask.o(.bss) for Robot_Disconnect
    main.o(i.Offline_Check_task) refers to main.o(.data) for Judge_Lost
    main.o(i.Robot_Init) refers to zerochecktask.o(i.ZeroCheck_Init) for ZeroCheck_Init
    main.o(i.Robot_Init) refers to main.o(i.Infantry_Init) for Infantry_Init
    main.o(i.Robot_Init) refers to chassistask.o(i.Pid_ChassisPosition_Init) for Pid_ChassisPosition_Init
    main.o(i.Robot_Init) refers to gimbaltask.o(i.PidGimbalMotor_Init) for PidGimbalMotor_Init
    main.o(i.Robot_Init) refers to shoottask.o(i.Pid_BodanMotor_Init) for Pid_BodanMotor_Init
    main.o(i.Robot_Init) refers to shoottask.o(i.Pid_Friction_Init) for Pid_Friction_Init
    main.o(i.Robot_Init) refers to td.o(i.TD_Init) for TD_Init
    main.o(i.Robot_Init) refers to datareceivetask.o(i.RC_Rst) for RC_Rst
    main.o(i.Robot_Init) refers to counter.o(i.GetTime_s) for GetTime_s
    main.o(i.Robot_Init) refers to f2d.o(.text) for __aeabi_f2d
    main.o(i.Robot_Init) refers to dadd.o(.text) for __aeabi_dsub
    main.o(i.Robot_Init) refers to cdrcmple.o(.text) for __aeabi_cdrcmple
    main.o(i.Robot_Init) refers to debug.o(i.checkIMUOn) for checkIMUOn
    main.o(i.Robot_Init) refers to ins.o(i.INS_Init) for INS_Init
    main.o(i.Robot_Init) refers to icm20602.o(i.ICM20602_init) for ICM20602_init
    main.o(i.Robot_Init) refers to debug.o(.bss) for global_debugger
    main.o(i.Robot_Init) refers to gimbaltask.o(.bss) for YawTD
    main.o(i.Robot_Init) refers to gimbalestimatetask.o(.bss) for IMUData
    main.o(i.main) refers to main.o(i.BSP_Init) for BSP_Init
    main.o(i.main) refers to main.o(i.Robot_Init) for Robot_Init
    main.o(i.main) refers to start_task.o(i.startTast) for startTast
    main.o(i.main) refers to tasks.o(i.vTaskStartScheduler) for vTaskStartScheduler
    system_stm32f4xx.o(i.SystemCoreClockUpdate) refers to system_stm32f4xx.o(.data) for SystemCoreClock
    system_stm32f4xx.o(i.SystemInit) refers to system_stm32f4xx.o(i.SetSysClock) for SetSysClock
    startup_stm32f40_41xxx.o(RESET) refers to startup_stm32f40_41xxx.o(STACK) for __initial_sp
    startup_stm32f40_41xxx.o(RESET) refers to startup_stm32f40_41xxx.o(.text) for Reset_Handler
    startup_stm32f40_41xxx.o(RESET) refers to stm32f4xx_it.o(i.NMI_Handler) for NMI_Handler
    startup_stm32f40_41xxx.o(RESET) refers to stm32f4xx_it.o(i.HardFault_Handler) for HardFault_Handler
    startup_stm32f40_41xxx.o(RESET) refers to stm32f4xx_it.o(i.MemManage_Handler) for MemManage_Handler
    startup_stm32f40_41xxx.o(RESET) refers to stm32f4xx_it.o(i.BusFault_Handler) for BusFault_Handler
    startup_stm32f40_41xxx.o(RESET) refers to stm32f4xx_it.o(i.UsageFault_Handler) for UsageFault_Handler
    startup_stm32f40_41xxx.o(RESET) refers to port.o(.emb_text) for SVC_Handler
    startup_stm32f40_41xxx.o(RESET) refers to stm32f4xx_it.o(i.DebugMon_Handler) for DebugMon_Handler
[...]
    TX2_task                                 0x0800c075   Thumb Code    66  datasendtask.o(i.TX2_task)
    T_change                                 0x0800c0c5   Thumb Code   588  gimbaltask.o(i.T_change)
    TaskCheck                                0x0800c355   Thumb Code   414  rtostaskcheck.o(i.TaskCheck)
    UART5_Configuration                      0x0800c501   Thumb Code   448  uart5.o(i.UART5_Configuration)
    UART5_IRQHandler                         0x0800c6d9   Thumb Code    70  uart5.o(i.UART5_IRQHandler)
    USART2_IRQHandler                        0x0800c735   Thumb Code    72  pc_uart.o(i.USART2_IRQHandler)
    USART3_Configuration                     0x0800c791   Thumb Code   302  usart3.o(i.USART3_Configuration)
    USART3_IRQHandler                        0x0800c8d5   Thumb Code    90  usart3.o(i.USART3_IRQHandler)
    USART_ClearFlag                          0x0800c93d   Thumb Code    18  stm32f4xx_usart.o(i.USART_ClearFlag)
    USART_ClearITPendingBit                  0x0800c94f   Thumb Code    30  stm32f4xx_usart.o(i.USART_ClearITPendingBit)
    USART_Cmd                                0x0800c96d   Thumb Code    24  stm32f4xx_usart.o(i.USART_Cmd)
    USART_DMACmd                             0x0800c985   Thumb Code    18  stm32f4xx_usart.o(i.USART_DMACmd)
    USART_DeInit                             0x0800c999   Thumb Code   206  stm32f4xx_usart.o(i.USART_DeInit)
    USART_GetFlagStatus                      0x0800ca89   Thumb Code    26  stm32f4xx_usart.o(i.USART_GetFlagStatus)
    USART_GetITStatus                        0x0800caa3   Thumb Code    84  stm32f4xx_usart.o(i.USART_GetITStatus)
    USART_ITConfig                           0x0800caf7   Thumb Code    74  stm32f4xx_usart.o(i.USART_ITConfig)
    USART_Init                               0x0800cb41   Thumb Code   204  stm32f4xx_usart.o(i.USART_Init)
    UsageFault_Handler                       0x0800cc15   Thumb Code     4  stm32f4xx_it.o(i.UsageFault_Handler)
    Verify_CRC8_Check_Sum                    0x0800cc19   Thumb Code    50  algorithmofcrc.o(i.Verify_CRC8_Check_Sum)
    YawCan1Send                              0x0800cc51   Thumb Code   138  datasendtask.o(i.YawCan1Send)
    ZeroCheck                                0x0800cce9   Thumb Code   186  zerochecktask.o(i.ZeroCheck)
    ZeroCheck_Init                           0x0800cda9   Thumb Code   204  zerochecktask.o(i.ZeroCheck_Init)
    ZeroCheck_cal                            0x0800cead   Thumb Code   300  zerochecktask.o(i.ZeroCheck_cal)
    __ARM_fpclassify                         0x0800d015   Thumb Code    48  fpclassify.o(i.__ARM_fpclassify)
    __ARM_fpclassifyf                        0x0800d045   Thumb Code    38  fpclassifyf.o(i.__ARM_fpclassifyf)
    __hardfp_acosf                           0x0800d06d   Thumb Code   234  acosf.o(i.__hardfp_acosf)
    __hardfp_asinf                           0x0800d185   Thumb Code   258  asinf.o(i.__hardfp_asinf)
    __hardfp_atan2f                          0x0800d2b1   Thumb Code   502  atan2f.o(i.__hardfp_atan2f)
    __hardfp_cos                             0x0800d501   Thumb Code   180  cos.o(i.__hardfp_cos)
    __hardfp_round                           0x0800d5c9   Thumb Code   194  round.o(i.__hardfp_round)
    __hardfp_sin                             0x0800d6a9   Thumb Code   180  sin.o(i.__hardfp_sin)
    __hardfp_sqrt                            0x0800d771   Thumb Code   122  sqrt.o(i.__hardfp_sqrt)
    __hardfp_sqrtf                           0x0800d7eb   Thumb Code    58  sqrtf.o(i.__hardfp_sqrtf)
    __hardfp_tan                             0x0800d829   Thumb Code   108  tan.o(i.__hardfp_tan)
    __ieee754_rem_pio2                       0x0800d8a9   Thumb Code   938  rred.o(i.__ieee754_rem_pio2)
    __kernel_cos                             0x0800dce1   Thumb Code   322  cos_i.o(i.__kernel_cos)
    __kernel_poly                            0x0800de51   Thumb Code   248  poly.o(i.__kernel_poly)
    __kernel_sin                             0x0800df49   Thumb Code   280  sin_i.o(i.__kernel_sin)
    __kernel_tan                             0x0800e079   Thumb Code   764  tan_i.o(i.__kernel_tan)
    __mathlib_dbl_infnan                     0x0800e3c9   Thumb Code    20  dunder.o(i.__mathlib_dbl_infnan)
    __mathlib_dbl_invalid                    0x0800e3e1   Thumb Code    24  dunder.o(i.__mathlib_dbl_invalid)
    __mathlib_dbl_underflow                  0x0800e401   Thumb Code    24  dunder.o(i.__mathlib_dbl_underflow)
    __mathlib_flt_infnan                     0x0800e421   Thumb Code     6  funder.o(i.__mathlib_flt_infnan)
    __mathlib_flt_infnan2                    0x0800e427   Thumb Code     6  funder.o(i.__mathlib_flt_infnan2)
    __mathlib_flt_invalid                    0x0800e42d   Thumb Code    10  funder.o(i.__mathlib_flt_invalid)
    __mathlib_flt_underflow                  0x0800e43d   Thumb Code    10  funder.o(i.__mathlib_flt_underflow)
    __scatterload_copy                       0x0800e44d   Thumb Code    14  handlers.o(i.__scatterload_copy)
    __scatterload_null                       0x0800e45b   Thumb Code     2  handlers.o(i.__scatterload_null)
    __scatterload_zeroinit                   0x0800e45d   Thumb Code    14  handlers.o(i.__scatterload_zeroinit)
    __set_errno                              0x0800e46d   Thumb Code     6  errno.o(i.__set_errno)
    checkIMUOn                               0x0800e479   Thumb Code    32  debug.o(i.checkIMUOn)
    decode_gyro                              0x0800e49d   Thumb Code   768  mysensors.o(i.decode_gyro)
    delay_ms                                 0x0800e7e1   Thumb Code    30  tools.o(i.delay_ms)
    fabs                                     0x0800e7ff   Thumb Code    24  fabs.o(i.fabs)
    get_F                                    0x0800e819   Thumb Code   312  gimbaltask.o(i.get_F)
    main                                     0x0800e9b1   Thumb Code    20  main.o(i.main)
    malloc                                   0x0800e9c5   Thumb Code    92  malloc.o(i.malloc)
    pvPortMalloc                             0x0800ee5d   Thumb Code   188  heap_4.o(i.pvPortMalloc)
    pxPortInitialiseStack                    0x0800ef2d   Thumb Code    38  port.o(i.pxPortInitialiseStack)
    sign                                     0x0800ef59   Thumb Code    26  user_lib.o(i.sign)
    sqrtf                                    0x0800ef73   Thumb Code    62  sqrtf.o(i.sqrtf)
    startTast                                0x0800efb1   Thumb Code    24  start_task.o(i.startTast)
    start_task                               0x0800efdd   Thumb Code   198  start_task.o(i.start_task)
    uxListRemove                             0x0800f149   Thumb Code    40  list.o(i.uxListRemove)
    uxTaskGetStackHighWaterMark              0x0800f171   Thumb Code    34  tasks.o(i.uxTaskGetStackHighWaterMark)
    vListInitialise                          0x0800f199   Thumb Code    26  list.o(i.vListInitialise)
    vListInitialiseItem                      0x0800f1b3   Thumb Code     6  list.o(i.vListInitialiseItem)
    vListInsert                              0x0800f1b9   Thumb Code    52  list.o(i.vListInsert)
    vListInsertEnd                           0x0800f1ed   Thumb Code    24  list.o(i.vListInsertEnd)
    vPortEnterCritical                       0x0800f205   Thumb Code    30  port.o(i.vPortEnterCritical)
    vPortExitCritical                        0x0800f229   Thumb Code    28  port.o(i.vPortExitCritical)
    vPortFree                                0x0800f249   Thumb Code    64  heap_4.o(i.vPortFree)
    vPortSetupTimerInterrupt                 0x0800f291   Thumb Code    26  port.o(i.vPortSetupTimerInterrupt)
    vTaskDelay                               0x0800f2b1   Thumb Code    46  tasks.o(i.vTaskDelay)
    vTaskDelayUntil                          0x0800f2e5   Thumb Code   106  tasks.o(i.vTaskDelayUntil)
    vTaskDelete                              0x0800f359   Thumb Code   166  tasks.o(i.vTaskDelete)
    vTaskStartScheduler                      0x0800f425   Thumb Code    76  tasks.o(i.vTaskStartScheduler)
    vTaskSuspendAll                          0x0800f491   Thumb Code    12  tasks.o(i.vTaskSuspendAll)
    vTaskSwitchContext                       0x0800f4a1   Thumb Code   128  tasks.o(i.vTaskSwitchContext)
    xPortStartScheduler                      0x0800f541   Thumb Code    58  port.o(i.xPortStartScheduler)
    xPortSysTickHandler                      0x0800f589   Thumb Code    46  port.o(i.xPortSysTickHandler)
    xTaskCreate                              0x0800f5bd   Thumb Code    96  tasks.o(i.xTaskCreate)
    xTaskGetTickCount                        0x0800f61d   Thumb Code     6  tasks.o(i.xTaskGetTickCount)
    xTaskIncrementTick                       0x0800f629   Thumb Code   238  tasks.o(i.xTaskIncrementTick)
    xTaskResumeAll                           0x0800f745   Thumb Code   196  tasks.o(i.xTaskResumeAll)
    wCRC_Table                               0x0800f82c   Data         512  algorithmofcrc.o(.constdata)
    CRC8_INIT                                0x0800fa2c   Data           1  algorithmofcrc.o(.constdata)
    CRC8_TAB                                 0x0800fa2d   Data         256  algorithmofcrc.o(.constdata)
    xb                                       0x0800fb30   Data          12  ins.o(.constdata)
    yb                                       0x0800fb3c   Data          12  ins.o(.constdata)
    zb                                       0x0800fb48   Data          12  ins.o(.constdata)
    IMU_QuaternionEKF_F                      0x0800fb60   Data         144  quaternionekf.o(.constdata)
    Region$$Table$$Base                      0x08010590   Number         0  anon$$obj.o(Region$$Table)
    Region$$Table$$Limit                     0x080105b0   Number         0  anon$$obj.o(Region$$Table)
    run_time_check                           0x20000000   Data           4  main.o(.data)
    fric_flag                                0x20000004   Data           2  main.o(.data)
    Judge_Lost                               0x20000006   Data           1  main.o(.data)
    Offline_Check_high_water                 0x20000008   Data           4  main.o(.data)
    SystemCoreClock                          0x2000000c   Data           4  system_stm32f4xx.o(.data)
    AHBPrescTable                            0x20000010   Data          16  system_stm32f4xx.o(.data)
    magazineState                            0x20000030   Data           1  steeringengine.o(.data)
    mag_place                                0x20000034   Data           4  steeringengine.o(.data)
    LastCNT32                                0x20000038   Data           4  counter.o(.data)
    CPU_RunTime                              0x20000050   Data           4  os_tick.o(.data)
    pc_pitch                                 0x20000054   Data           4  pc_serial.o(.data)
    pc_yaw                                   0x20000058   Data           4  pc_serial.o(.data)
    PC_Shoot_flag                            0x2000005c   Data           1  pc_serial.o(.data)
    last_shoot_flag                          0x2000005d   Data           1  pc_serial.o(.data)
    armor_state                              0x2000005e   Data           1  pc_serial.o(.data)
    distance                                 0x20000060   Data           4  pc_serial.o(.data)
    LimitSpeed                               0x20000064   Data           4  pc_serial.o(.data)
    LimitRotate                              0x20000068   Data           4  pc_serial.o(.data)
    NAV_Send_Buf                             0x2000006c   Data           3  uart5.o(.data)
    NAV_Send                                 0x2000006f   Data           3  uart5.o(.data)
    Crcpass5                                 0x20000072   Data           2  uart5.o(.data)
    crcNopass5                               0x20000074   Data           2  uart5.o(.data)
    buffindex5                               0x20000076   Data           2  uart5.o(.data)
    CRC_INIT                                 0x20000078   Data           2  algorithmofcrc.o(.data)
    sss                                      0x2000007a   Data           2  algorithmofcrc.o(.data)
    BodanReceive                             0x20000098   Data           6  datareceivetask.o(.data)
    PitchMotor_ReceiveFlag                   0x2000009e   Data           1  datareceivetask.o(.data)
    FrictionReceive                          0x200000a0   Data           4  datareceivetask.o(.data)
    PitchMotorReceive                        0x200000a4   Data           4  datareceivetask.o(.data)
    YawMotorReceive                          0x200000a8   Data           4  datareceivetask.o(.data)
    yaw_gyro_temp                            0x200000ac   Data           4  datareceivetask.o(.data)
    pitch_gyro_temp                          0x200000b0   Data           4  datareceivetask.o(.data)
    Chassis_ID                               0x200000b4   Data           1  datareceivetask.o(.data)
    crcNopass                                0x200000b6   Data           2  datareceivetask.o(.data)
    buffindex                                0x200000b8   Data           2  datareceivetask.o(.data)
    CoolBuffState                            0x200000ba   Data           1  datareceivetask.o(.data)
    error_cnt                                0x200000bc   Data           4  datareceivetask.o(.data)
    YawMotorSpeed                            0x200000c0   Data           2  datareceivetask.o(.data)
    last_commd_keyboard                      0x200000c2   Data           1  datareceivetask.o(.data)
    keyboard_update_flag                     0x200000c3   Data           1  datareceivetask.o(.data)
    PitchMotorSpeed                          0x200000c4   Data           2  datareceivetask.o(.data)
    temp1                                    0x200000c6   Data           1  datareceivetask.o(.data)
    temp2                                    0x200000c7   Data           1  datareceivetask.o(.data)
    temp3                                    0x200000c8   Data           1  datareceivetask.o(.data)
    Heat_LimitTick                           0x200000cc   Data           4  datareceivetask.o(.data)
    RC_high_water                            0x200000d0   Data           4  datareceivetask.o(.data)
    TX2_high_water                           0x200000d4   Data           4  datasendtask.o(.data)
    LastWakeTime_PC                          0x200000d8   Data           4  datasendtask.o(.data)
    Bodan_Pos                                0x200000e0   Data           4  zerochecktask.o(.data)
    pitch_motor_temp                         0x200000e4   Data           4  zerochecktask.o(.data)
    pitch_lose_flag                          0x200000e8   Data           1  zerochecktask.o(.data)
    MirocPosition                            0x200000ec   Data           4  shoottask.o(.data)
    FrictionWheel_speed                      0x200000f0   Data           2  shoottask.o(.data)
    BulletSpeed                              0x200000f2   Data           2  shoottask.o(.data)
    BodanMotorCurrent                        0x200000f4   Data           2  shoottask.o(.data)
    ShootAct_Init_Flag                       0x200000f6   Data           2  shoottask.o(.data)
    FrictionCurrent                          0x200000f8   Data           4  shoottask.o(.data)
    Shoot_Init_flag                          0x200000fc   Data           4  shoottask.o(.data)
    ShootCount                               0x20000100   Data           4  shoottask.o(.data)
    Onegrid                                  0x20000104   Data           4  shoottask.o(.data)
    PullerSpeed                              0x20000108   Data           2  shoottask.o(.data)
    checkPullerSpeed                         0x2000010a   Data           2  shoottask.o(.data)
    ShootCountTime_last                      0x2000010c   Data           4  shoottask.o(.data)
    ShootCount_dt                            0x20000110   Data           4  shoottask.o(.data)
    ShootCount_Number                        0x20000114   Data           4  shoottask.o(.data)
    HeatControlThreshold                     0x20000118   Data           4  shoottask.o(.data)
    curHeat                                  0x2000011c   Data           4  shoottask.o(.data)
    BulletAllowCnt                           0x20000120   Data           4  shoottask.o(.data)
    Reverse_Flag                             0x20000124   Data           1  shoottask.o(.data)
    delay_time                               0x20000128   Data           4  shoottask.o(.data)
    EnterAimTick                             0x2000012c   Data           4  shoottask.o(.data)
    nowAimTick                               0x20000130   Data           4  shoottask.o(.data)
    shoot_test_flag                          0x20000134   Data           1  shoottask.o(.data)
    shoot_dt                                 0x20000138   Data           4  shoottask.o(.data)
    bodanLastPos                             0x2000013c   Data           4  shoottask.o(.data)
    now_time                                 0x20000140   Data           4  shoottask.o(.data)
    IntervalTime                             0x20000144   Data           4  shoottask.o(.data)
    Shoot_IntervalTime                       0x20000148   Data           4  shoottask.o(.data)
    distance_min                             0x2000014c   Data           4  shoottask.o(.data)
    distance_max                             0x20000150   Data           4  shoottask.o(.data)
    IntervalTime_min                         0x20000154   Data           4  shoottask.o(.data)
    IntervalTime_max                         0x20000158   Data           4  shoottask.o(.data)
    Shoot_high_water                         0x2000015c   Data           4  shoottask.o(.data)
    Shoot_Power                              0x20000160   Data           4  shoottask.o(.data)
    GimbalAct_Init_Flag                      0x20000170   Data           2  gimbaltask.o(.data)
    YawCurrent                               0x20000172   Data           2  gimbaltask.o(.data)
    PitchCurrent                             0x20000174   Data           2  gimbaltask.o(.data)
    GimbalYawPos                             0x20000178   Data           4  gimbaltask.o(.data)
    GimbalPitchPos                           0x2000017c   Data           4  gimbaltask.o(.data)
    GimbalLastPitchPos                       0x20000180   Data           4  gimbaltask.o(.data)
    DeltaGimbalPitchPos                      0x20000184   Data           4  gimbaltask.o(.data)
    Recent_Angle_Buff                        0x20000188   Data           4  gimbaltask.o(.data)
    Recent_Yaw_Angle_Armor                   0x2000018c   Data           4  gimbaltask.o(.data)
    Recent_Pitch_Angle_Armor                 0x20000190   Data           4  gimbaltask.o(.data)
    pitchpos                                 0x20000194   Data           4  gimbaltask.o(.data)
    patrol_dir_pitch                         0x20000198   Data           4  gimbaltask.o(.data)
    patrol_dir_yaw                           0x2000019c   Data           4  gimbaltask.o(.data)
    patrol_step_pitch                        0x200001a0   Data           4  gimbaltask.o(.data)
    patrol_step_yaw                          0x200001a4   Data           4  gimbaltask.o(.data)
    cnt_last                                 0x200001a8   Data           4  gimbaltask.o(.data)
    k_yaw                                    0x200001ac   Data           4  gimbaltask.o(.data)
    ch2_return_flag                          0x200001b0   Data           1  gimbaltask.o(.data)
    diudiao                                  0x200001b4   Data           4  gimbaltask.o(.data)
    yuzhi                                    0x200001b8   Data           8  gimbaltask.o(.data)
    yaw_freq                                 0x200001c0   Data           4  gimbaltask.o(.data)
    yaw_Amplite                              0x200001c4   Data           4  gimbaltask.o(.data)
    speed_limit                              0x200001c8   Data           4  gimbaltask.o(.data)
    Aim_Follow                               0x200001cc   Data           1  gimbaltask.o(.data)
    Inte_z                                   0x200001d0   Data           4  gimbaltask.o(.data)
    last_aim_yaw                             0x200001d4   Data           4  gimbaltask.o(.data)
    F_Change_flag                            0x200001d8   Data           2  gimbaltask.o(.data)
    Gimbal_direct                            0x200001dc   Data           4  gimbaltask.o(.data)
    T                                        0x200001e0   Data           4  gimbaltask.o(.data)
    T_cnt                                    0x200001e4   Data           4  gimbaltask.o(.data)
    T_Time_cnt                               0x200001e8   Data           4  gimbaltask.o(.data)
    F_cnt                                    0x200001ec   Data           4  gimbaltask.o(.data)
    F_cnt_last                               0x200001f0   Data           4  gimbaltask.o(.data)
    F                                        0x200001f4   Data           4  gimbaltask.o(.data)
    Change_Yaw                               0x200001f8   Data           4  gimbaltask.o(.data)
    Armor_cnt                                0x200001fc   Data           4  gimbaltask.o(.data)
    GimbalYawPos_last                        0x20000200   Data           4  gimbaltask.o(.data)
    GimbalPitchPos_last                      0x20000204   Data           4  gimbaltask.o(.data)
    Gimbal_high_water                        0x20000208   Data           4  gimbaltask.o(.data)
    GGGG                                     0x2000020c   Data           4  gimbaltask.o(.data)
    Lost                                     0x20000218   Data           1  start_task.o(.data)
    ChassisAct_Init_Flag                     0x2000021c   Data           2  chassistask.o(.data)
    Theta                                    0x20000220   Data           4  chassistask.o(.data)
    SinTheTa                                 0x20000224   Data           4  chassistask.o(.data)
    CosTheTa                                 0x20000228   Data           4  chassistask.o(.data)
    TanTheTa                                 0x2000022c   Data           4  chassistask.o(.data)
    Theta0                                   0x20000230   Data           4  chassistask.o(.data)
    Speed_Theta                              0x20000234   Data           4  chassistask.o(.data)
    Theta_chassis                            0x20000238   Data           4  chassistask.o(.data)
    SelfProtect_Cross_Flag                   0x2000023c   Data           1  chassistask.o(.data)
    ResetPos                                 0x20000240   Data           4  chassistask.o(.data)
    Be_shooted_flag                          0x20000244   Data           2  chassistask.o(.data)
    chassis                                  0x20000246   Data           6  chassistask.o(.data)
    test_w                                   0x2000024c   Data           2  chassistask.o(.data)
    SP_Theta                                 0x20000250   Data           4  chassistask.o(.data)
    CosSP_Theta                              0x20000254   Data           4  chassistask.o(.data)
    SinSP_Theta                              0x20000258   Data           4  chassistask.o(.data)
    TanSP_Theta                              0x2000025c   Data           4  chassistask.o(.data)
    bias_SP1                                 0x20000260   Data           4  chassistask.o(.data)
    bias_SP2                                 0x20000264   Data           4  chassistask.o(.data)
    SOLO_bias                                0x20000268   Data           2  chassistask.o(.data)
    SOLO_bias_max                            0x2000026a   Data           2  chassistask.o(.data)
    H_pid                                    0x2000026c   Data           2  chassistask.o(.data)
    L_pid                                    0x2000026e   Data           2  chassistask.o(.data)
    H_P                                      0x20000270   Data           4  chassistask.o(.data)
    Bias_Angle                               0x20000274   Data           4  chassistask.o(.data)
    Chassis_high_water                       0x20000278   Data           4  chassistask.o(.data)
    GimbalEstimate_high_water                0x20000288   Data           4  gimbalestimatetask.o(.data)
    Mouse_Key_Flag                           0x2000028c   Data           2  actiontask.o(.data)
    waitFlag                                 0x2000028e   Data          20  actiontask.o(.data)
    SpeedMode                                0x200002a2   Data           2  actiontask.o(.data)
    ctrl_rising_flag                         0x200002a4   Data           2  actiontask.o(.data)
    pre_key_ctrl                             0x200002a6   Data           2  actiontask.o(.data)
    v_rising_flag                            0x200002a8   Data           2  actiontask.o(.data)
    pre_key_v                                0x200002aa   Data           2  actiontask.o(.data)
    c_rising_flag                            0x200002ac   Data           2  actiontask.o(.data)
    pre_key_c                                0x200002ae   Data           2  actiontask.o(.data)
    pre_key_e                                0x200002b0   Data           2  actiontask.o(.data)
    e_rising_flag                            0x200002b2   Data           2  actiontask.o(.data)
    x_rising_flag                            0x200002b4   Data           2  actiontask.o(.data)
    pre_key_x                                0x200002b6   Data           2  actiontask.o(.data)
    Press_Key_x_Flag                         0x200002b8   Data           2  actiontask.o(.data)
    pre_key_b                                0x200002ba   Data           2  actiontask.o(.data)
    q_rising_flag                            0x200002bc   Data           2  actiontask.o(.data)
    b_rising_flag                            0x200002be   Data           2  actiontask.o(.data)
    f_rising_flag                            0x200002c0   Data           2  actiontask.o(.data)
    g_rising_flag                            0x200002c2   Data           2  actiontask.o(.data)
    pre_key_f                                0x200002c4   Data           2  actiontask.o(.data)
    mouse_Press_l_rising_flag                0x200002c6   Data           2  actiontask.o(.data)
    pre_mouse_l                              0x200002c8   Data           2  actiontask.o(.data)
    r_rising_flag                            0x200002ca   Data           2  actiontask.o(.data)
    pre_key_r                                0x200002cc   Data           2  actiontask.o(.data)
    z_rising_flag                            0x200002ce   Data           2  actiontask.o(.data)
    pre_key_z                                0x200002d0   Data           2  actiontask.o(.data)
    Press_Key_z_Flag                         0x200002d2   Data           2  actiontask.o(.data)
    pre_key_q                                0x200002d4   Data           2  actiontask.o(.data)
    pre_key_g                                0x200002d6   Data           2  actiontask.o(.data)
    pre_v_rising_flag                        0x200002d8   Data           2  actiontask.o(.data)
    v_high_flag                              0x200002da   Data           2  actiontask.o(.data)
    q_flag                                   0x200002dc   Data           1  actiontask.o(.data)
    f_flag                                   0x200002dd   Data           1  actiontask.o(.data)
    HighFreq_flag                            0x200002de   Data           1  actiontask.o(.data)
    k_slow                                   0x200002df   Data           1  actiontask.o(.data)
    smallBuff_flag                           0x200002e0   Data           1  actiontask.o(.data)
    Turning_flag                             0x200002e2   Data           2  actiontask.o(.data)
    Graphic_Init_flag                        0x200002e4   Data           1  actiontask.o(.data)
    Budan                                    0x200002e5   Data           1  actiontask.o(.data)
    Buff_flag                                0x200002e6   Data           1  actiontask.o(.data)
    PC_Sendflag                              0x200002e8   Data           2  actiontask.o(.data)
    Buff_Yaw_Motor                           0x200002ec   Data           4  actiontask.o(.data)
    Buff_Init                                0x200002f0   Data           1  actiontask.o(.data)
    SteeringEngineDelay                      0x200002f2   Data           2  actiontask.o(.data)
    k_onegrid                                0x200002f4   Data           4  actiontask.o(.data)
    k_single                                 0x200002f8   Data           4  actiontask.o(.data)
    aaaa                                     0x200002fc   Data           2  actiontask.o(.data)
    ARMOR_FLAG                               0x200002fe   Data           1  actiontask.o(.data)
    Last_shift                               0x200002ff   Data           1  actiontask.o(.data)
    shift_press_flag                         0x20000300   Data           1  actiontask.o(.data)
    shift_flag                               0x20000301   Data           1  actiontask.o(.data)
    pitchcurrent                             0x20000302   Data           2  actiontask.o(.data)
    Gimbal_State_Update                      0x20000304   Data           1  actiontask.o(.data)
    Chassis_State_Update                     0x20000305   Data           1  actiontask.o(.data)
    ModeChoose_high_water                    0x20000308   Data           4  actiontask.o(.data)
    Control_high_water                       0x20000310   Data           4  controltask.o(.data)
    time_last                                0x20000314   Data           4  controltask.o(.data)
    dt_1                                     0x20000318   Data           4  controltask.o(.data)
    pxCurrentTCB                             0x2000031c   Data           4  tasks.o(.data)
    NotifyValue                              0x20000360   Data           4  tasks.o(.data)
    Temp                                     0x20000380   Data           2  rtostaskcheck.o(.data)
    INS_Count                                0x2000038c   Data           4  ins.o(.data)
    dt                                       0x20000390   Data           4  ins.o(.data)
    t                                        0x20000394   Data           4  ins.o(.data)
    ins_debug_mode                           0x20000398   Data           1  ins.o(.data)
    RefTemp                                  0x2000039c   Data           4  ins.o(.data)
    sizeof_float                             0x200003d4   Data           2  kalman_filter.o(.data)
    sizeof_double                            0x200003d6   Data           2  kalman_filter.o(.data)
    IMU_QuaternionEKF_P                      0x200003d8   Data         144  quaternionekf.o(.data)
    __microlib_freelist                      0x200004b0   Data           4  mvars.o(.data)
    __microlib_freelist_initialised          0x200004b4   Data           4  mvars.o(.data)
    Infantry                                 0x200004bc   Data          40  main.o(.bss)
    rx_message1                              0x200004e4   Data          20  can1.o(.bss)
    sbus_rx_buffer                           0x200004f8   Data          36  usart3.o(.bss)
    F103REC_Buffer                           0x2000051c   Data          35  usart4_gryo.o(.bss)
    SysTime                                  0x20000540   Data          12  counter.o(.bss)
    pc_recv_data                             0x2000054c   Data          15  pc_serial.o(.bss)
    pc_send_data                             0x2000055b   Data          10  pc_serial.o(.bss)
    PCbuffer                                 0x20000565   Data          15  pc_uart.o(.bss)
    SendToPC_Buff                            0x20000574   Data          10  pc_uart.o(.bss)
    NAV_Recv_Buf                             0x2000057e   Data          15  uart5.o(.bss)
    NAV_Recv                                 0x2000058d   Data          15  uart5.o(.bss)
    tempNAV                                  0x2000059c   Data          15  uart5.o(.bss)
    gyro                                     0x200005cc   Data          52  mysensors.o(.bss)
    motors                                   0x20000600   Data         112  mysensors.o(.bss)
    RC_Ctl                                   0x20000670   Data          54  datareceivetask.o(.bss)
    GyroReceive                              0x200006a8   Data          24  datareceivetask.o(.bss)
    F105                                     0x200006c0   Data          14  datareceivetask.o(.bss)
    PC_Receive                               0x200006d0   Data          20  datareceivetask.o(.bss)
    Robot_Disconnect                         0x200006e4   Data          40  datareceivetask.o(.bss)
    tempPC                                   0x2000070c   Data          15  datareceivetask.o(.bss)
    F405                                     0x2000071c   Data          16  datasendtask.o(.bss)
    Gimbal                                   0x2000072c   Data          32  zerochecktask.o(.bss)
    ZeroCheck_Pitch                          0x2000074c   Data          20  zerochecktask.o(.bss)
    ZeroCheck_Yaw                            0x20000760   Data          20  zerochecktask.o(.bss)
    ZeroCheck_Pitch_speed                    0x20000774   Data          20  zerochecktask.o(.bss)
    ZeroCheck_Yaw_speed                      0x20000788   Data          20  zerochecktask.o(.bss)
    ZeroCheck_BodanPos                       0x2000079c   Data          20  zerochecktask.o(.bss)
    ZeroCheck_BodanSpeed                     0x200007b0   Data          20  zerochecktask.o(.bss)
    ZeroCheck_GyroYaw                        0x200007c4   Data          20  zerochecktask.o(.bss)
    ZeroCheck_GyroPitch                      0x200007d8   Data          20  zerochecktask.o(.bss)
    qFrictionSpeed                           0x200007f0   Data          16  shoottask.o(.bss)
    BufferFrictionSpeedQueen                 0x20000800   Data         160  shoottask.o(.bss)
    PidBodanMotorPos                         0x200008a0   Data          80  shoottask.o(.bss)
    PidBodanMotorSpeed                       0x200008f0   Data          80  shoottask.o(.bss)
    PidFrictionSpeed                         0x20000940   Data         160  shoottask.o(.bss)
    FuzzyBodanMotorPos                       0x200009e0   Data         112  shoottask.o(.bss)
    Shoot                                    0x20000a50   Data          32  shoottask.o(.bss)
    inttoshort                               0x20000a70   Data          16  gimbaltask.o(.bss)
    PidPitchSpeed                            0x20000a80   Data          80  gimbaltask.o(.bss)
    PidPitchPos                              0x20000ad0   Data          80  gimbaltask.o(.bss)
    PidYawSpeed                              0x20000b20   Data          80  gimbaltask.o(.bss)
    PidYawPos                                0x20000b70   Data          80  gimbaltask.o(.bss)
    PidPitchAidPos                           0x20000bc0   Data          80  gimbaltask.o(.bss)
    PidPitchAidSpeed                         0x20000c10   Data          80  gimbaltask.o(.bss)
    PidYawAidPos                             0x20000c60   Data          80  gimbaltask.o(.bss)
    PidYawAidSpeed                           0x20000cb0   Data          80  gimbaltask.o(.bss)
    PidPitchBuffSpeed                        0x20000d00   Data          80  gimbaltask.o(.bss)
    PidYawBuffSpeed                          0x20000d50   Data          80  gimbaltask.o(.bss)
    PitchPosFF                               0x20000da0   Data          40  gimbaltask.o(.bss)
    PitchSpeedFF                             0x20000dc8   Data          40  gimbaltask.o(.bss)
    YawPosFF                                 0x20000df0   Data          40  gimbaltask.o(.bss)
    YawSpeedFF                               0x20000e18   Data          40  gimbaltask.o(.bss)
    PitchTD                                  0x20000e40   Data          40  gimbaltask.o(.bss)
    YawTD                                    0x20000e68   Data          40  gimbaltask.o(.bss)
    User_Tasks                               0x20000e90   Data          44  start_task.o(.bss)
    pidChassisPosition                       0x20000ebc   Data          80  chassistask.o(.bss)
    pidChassisPosition_Speed                 0x20000f0c   Data          80  chassistask.o(.bss)
    SOLO_pidChassisPosition                  0x20000f5c   Data          80  chassistask.o(.bss)
    FF_w                                     0x20000fac   Data          24  chassistask.o(.bss)
    IMUReceive                               0x20000fc4   Data          12  gimbalestimatetask.o(.bss)
    IMUData                                  0x20000fd0   Data          44  gimbalestimatetask.o(.bss)
    Status                                   0x20001000   Data          20  actiontask.o(.bss)
    NAV_car                                  0x20001018   Data          96  actiontask.o(.bss)
    intshort                                 0x20001078   Data          16  actiontask.o(.bss)
    global_debugger                          0x20003b6c   Data         164  debug.o(.bss)
    Ozone                                    0x20003c10   Data          32  debug.o(.bss)
    TaskRunFlag                              0x20003c30   Data           9  rtostaskcheck.o(.bss)
    TaskRunTime                              0x20003c3c   Data          36  rtostaskcheck.o(.bss)
    INS                                      0x20003c60   Data         160  ins.o(.bss)
    IMU_Param                                0x20003d00   Data          28  ins.o(.bss)
    QEKF_INS                                 0x20003d20   Data         480  quaternionekf.o(.bss)
    IMU_QuaternionEKF_K                      0x20003f00   Data          72  quaternionekf.o(.bss)
    IMU_QuaternionEKF_H                      0x20003f48   Data          72  quaternionekf.o(.bss)
    __heap_base                              0x20003f90   Data           0  startup_stm32f40_41xxx.o(HEAP)
    __heap_limit                             0x20004f90   Data           0  startup_stm32f40_41xxx.o(HEAP)
    __initial_sp                             0x20005390   Data           0  startup_stm32f40_41xxx.o(STACK)



==============================================================================

Memory Map of the image

  Image Entry point : 0x08000189

  Load Region LR_IROM1 (Base: 0x08000000, Size: 0x00010a6c, Max: 0x00100000, ABSOLUTE, COMPRESSED[0x00010658])

    Execution Region ER_IROM1 (Exec base: 0x08000000, Load base: 0x08000000, Size: 0x000105b0, Max: 0x00100000, ABSOLUTE)

    Exec Addr    Load Addr    Size         Type   Attr      Idx    E Section Name        Object

    0x08000000   0x08000000   0x00000188   Data   RO          394    RESET               startup_stm32f40_41xxx.o
    0x08000188   0x08000188   0x00000000   Code   RO         6934  * .ARM.Collect$$$$00000000  mc_w.l(entry.o)
    0x08000188   0x08000188   0x00000004   Code   RO         7309    .ARM.Collect$$$$00000001  mc_w.l(entry2.o)
    0x0800018c   0x0800018c   0x00000004   Code   RO         7312    .ARM.Collect$$$$00000004  mc_w.l(entry5.o)
    0x08000190   0x08000190   0x00000000   Code   RO         7314    .ARM.Collect$$$$00000008  mc_w.l(entry7b.o)
    0x08000190   0x08000190   0x00000000   Code   RO         7316    .ARM.Collect$$$$0000000A  mc_w.l(entry8b.o)
    0x08000190   0x08000190   0x00000008   Code   RO         7317    .ARM.Collect$$$$0000000B  mc_w.l(entry9a.o)
    0x08000198   0x08000198   0x00000000   Code   RO         7319    .ARM.Collect$$$$0000000D  mc_w.l(entry10a.o)
    0x08000198   0x08000198   0x00000000   Code   RO         7321    .ARM.Collect$$$$0000000F  mc_w.l(entry11a.o)
    0x08000198   0x08000198   0x00000004   Code   RO         7310    .ARM.Collect$$$$00002712  mc_w.l(entry2.o)
    0x0800019c   0x0800019c   0x000000b6   Code   RO         5963    .emb_text           port.o
    0x08000252   0x08000252   0x00000002   PAD
    0x08000254   0x08000254   0x00000024   Code   RO          395    .text               startup_stm32f40_41xxx.o
    0x08000278   0x08000278   0x000000d8   Code   RO         6641    .text               arm_cortexM4lf_math.lib(arm_cos_f32.o)
    0x08000350   0x08000350   0x000000d8   Code   RO         6688    .text               arm_cortexM4lf_math.lib(arm_sin_f32.o)
    0x08000428   0x08000428   0x00000100   Code   RO         6710    .text               arm_cortexM4lf_math.lib(arm_mat_add_f32.o)
    0x08000528   0x08000528   0x00000008   Code   RO         6730    .text               arm_cortexM4lf_math.lib(arm_mat_init_f32.o)
    0x08000530   0x08000530   0x00000500   Code   RO         6750    .text               arm_cortexM4lf_math.lib(arm_mat_inverse_f32.o)
    0x08000a30   0x08000a30   0x000000f8   Code   RO         6770    .text               arm_cortexM4lf_math.lib(arm_mat_mult_f32.o)
    0x08000b28   0x08000b28   0x00000100   Code   RO         6790    .text               arm_cortexM4lf_math.lib(arm_mat_sub_f32.o)
    0x08000c28   0x08000c28   0x00000098   Code   RO         6810    .text               arm_cortexM4lf_math.lib(arm_mat_trans_f32.o)
    0x08000cc0   0x08000cc0   0x00000024   Code   RO         6937    .text               mc_w.l(rand.o)
    0x08000ce4   0x08000ce4   0x00000024   Code   RO         6940    .text               mc_w.l(memcpya.o)
    0x08000d08   0x08000d08   0x00000024   Code   RO         6942    .text               mc_w.l(memseta.o)
    0x08000d2c   0x08000d2c   0x0000014e   Code   RO         7239    .text               mf_w.l(dadd.o)
    0x08000e7a   0x08000e7a   0x000000e4   Code   RO         7241    .text               mf_w.l(dmul.o)
    0x08000f5e   0x08000f5e   0x000000de   Code   RO         7243    .text               mf_w.l(ddiv.o)
    0x0800103c   0x0800103c   0x00000022   Code   RO         7245    .text               mf_w.l(dflti.o)
    0x0800105e   0x0800105e   0x0000001a   Code   RO         7247    .text               mf_w.l(dfltui.o)
    0x08001078   0x08001078   0x0000003e   Code   RO         7249    .text               mf_w.l(dfixi.o)
    0x080010b6   0x080010b6   0x00000026   Code   RO         7251    .text               mf_w.l(f2d.o)
    0x080010dc   0x080010dc   0x00000030   Code   RO         7253    .text               mf_w.l(cdcmple.o)
    0x0800110c   0x0800110c   0x00000030   Code   RO         7255    .text               mf_w.l(cdrcmple.o)
    0x0800113c   0x0800113c   0x00000038   Code   RO         7257    .text               mf_w.l(d2f.o)
    0x08001174   0x08001174   0x0000001e   Code   RO         7330    .text               mc_w.l(llshl.o)
    0x08001192   0x08001192   0x00000020   Code   RO         7332    .text               mc_w.l(llushr.o)
    0x080011b2   0x080011b2   0x00000024   Code   RO         7334    .text               mc_w.l(llsshr.o)
    0x080011d6   0x080011d6   0x00000000   Code   RO         7345    .text               mc_w.l(iusefp.o)
    0x080011d6   0x080011d6   0x0000006e   Code   RO         7346    .text               mf_w.l(fepilogue.o)
    0x08001244   0x08001244   0x000000ba   Code   RO         7348    .text               mf_w.l(depilogue.o)
    0x080012fe   0x080012fe   0x000000a2   Code   RO         7352    .text               mf_w.l(dsqrt.o)
    0x080013a0   0x080013a0   0x00000088   Code   RO         7354    .text               mf_w.l(drnd.o)
    0x08001428   0x08001428   0x00000024   Code   RO         7362    .text               mc_w.l(init.o)
    0x0800144c   0x0800144c   0x00000056   Code   RO         7374    .text               mc_w.l(__dczerorl2.o)
    0x080014a2   0x080014a2   0x00000002   PAD
    0x080014a4   0x080014a4   0x00000030   Code   RO         4165    i.Append_CRC16_Check_Sum  algorithmofcrc.o
    0x080014d4   0x080014d4   0x00000024   Code   RO         4166    i.Append_CRC8_Check_Sum  algorithmofcrc.o
    0x080014f8   0x080014f8   0x00000060   Code   RO          121    i.BSP_Init          main.o
    0x08001558   0x08001558   0x00000098   Code   RO         4494    i.BodanCan1Send     datasendtask.o
    0x080015f0   0x080015f0   0x00000044   Code   RO         4598    i.BodanMotorPos_Set  shoottask.o
    0x08001634   0x08001634   0x000000a0   Code   RO         4599    i.BodanMotor_CurrentPid_Cal  shoottask.o
    0x080016d4   0x080016d4   0x0000015a   Code   RO         6440    i.BodyFrameToEarthFrame  ins.o
    0x0800182e   0x0800182e   0x00000004   Code   RO            3    i.BusFault_Handler  stm32f4xx_it.o
    0x08001832   0x08001832   0x00000002   PAD
    0x08001834   0x08001834   0x0000019c   Code   RO         3547    i.CAN1_Configuration  can1.o
    0x080019d0   0x080019d0   0x00000034   Code   RO         3548    i.CAN1_RX0_IRQHandler  can1.o
    0x08001a04   0x08001a04   0x0000003c   Code   RO         3549    i.CAN1_RX1_IRQHandler  can1.o
    0x08001a40   0x08001a40   0x0000001c   Code   RO         3550    i.CAN1_TX_IRQHandler  can1.o
    0x08001a5c   0x08001a5c   0x000001a4   Code   RO         3588    i.CAN2_Configuration  can2.o
    0x08001c00   0x08001c00   0x00000034   Code   RO         3589    i.CAN2_RX0_IRQHandler  can2.o
    0x08001c34   0x08001c34   0x00000030   Code   RO         3590    i.CAN2_RX1_IRQHandler  can2.o
    0x08001c64   0x08001c64   0x0000001c   Code   RO         3591    i.CAN2_TX_IRQHandler  can2.o
    0x08001c80   0x08001c80   0x000000a8   Code   RO          689    i.CAN_ClearITPendingBit  stm32f4xx_can.o
    0x08001d28   0x08001d28   0x00000038   Code   RO          691    i.CAN_DeInit        stm32f4xx_can.o
    0x08001d60   0x08001d60   0x00000108   Code   RO          693    i.CAN_FilterInit    stm32f4xx_can.o
    0x08001e68   0x08001e68   0x00000120   Code   RO          695    i.CAN_GetITStatus   stm32f4xx_can.o
    0x08001f88   0x08001f88   0x00000012   Code   RO          699    i.CAN_ITConfig      stm32f4xx_can.o
    0x08001f9a   0x08001f9a   0x00000114   Code   RO          700    i.CAN_Init          stm32f4xx_can.o
    0x080020ae   0x080020ae   0x000000f0   Code   RO          703    i.CAN_Receive       stm32f4xx_can.o
    0x0800219e   0x0800219e   0x00000020   Code   RO          706    i.CAN_StructInit    stm32f4xx_can.o
    0x080021be   0x080021be   0x00000126   Code   RO          708    i.CAN_Transmit      stm32f4xx_can.o
    0x080022e4   0x080022e4   0x0000004c   Code   RO         3870    i.COUNTER_Configuration  counter.o
    0x08002330   0x08002330   0x00000398   Code   RO         6403    i.Calibrate_IMU_Offset  icm20602.o
    0x080026c8   0x080026c8   0x000000a0   Code   RO         4424    i.Can1Receive0      datareceivetask.o
    0x08002768   0x08002768   0x000000dc   Code   RO         4425    i.Can1Receive1      datareceivetask.o
    0x08002844   0x08002844   0x000000a8   Code   RO         4426    i.Can2Receive0      datareceivetask.o
    0x080028ec   0x080028ec   0x00000070   Code   RO         4427    i.Can2Receive1      datareceivetask.o
    0x0800295c   0x0800295c   0x00000134   Code   RO         4495    i.ChassisCan1Send   datasendtask.o
    0x08002a90   0x08002a90   0x00000090   Code   RO         4890    i.ChassisPostionAngle_TranSform  chassistask.o
    0x08002b20   0x08002b20   0x00000408   Code   RO         4891    i.Chassis_Act_Cal   chassistask.o
    0x08002f28   0x08002f28   0x00000120   Code   RO         4892    i.Chassis_CurrentPid_Cal  chassistask.o
    0x08003048   0x08003048   0x00000010   Code   RO         5061    i.Chassis_Gimbal_Shoot_State  actiontask.o
    0x08003058   0x08003058   0x000003ac   Code   RO         4893    i.Chassis_Jump_Cal  chassistask.o
    0x08003404   0x08003404   0x000003ac   Code   RO         4894    i.Chassis_PC_Cal    chassistask.o
    0x080037b0   0x080037b0   0x00000054   Code   RO         4895    i.Chassis_Powerdown_Cal  chassistask.o
    0x08003804   0x08003804   0x00000358   Code   RO         4896    i.Chassis_SelfProtect_Cal  chassistask.o
    0x08003b5c   0x08003b5c   0x000004d8   Code   RO         4897    i.Chassis_Solo_Cal  chassistask.o
    0x08004034   0x08004034   0x00000028   Code   RO         4898    i.Chassis_task      chassistask.o
    0x0800405c   0x0800405c   0x00000012   Code   RO          711    i.CheckITStatus     stm32f4xx_can.o
    0x0800406e   0x0800406e   0x00000002   PAD
    0x08004070   0x08004070   0x00000050   Code   RO         5162    i.Control_task      controltask.o
    0x080040c0   0x080040c0   0x000000d0   Code   RO         4074    i.DMA1_Stream0_IRQHandler  uart5.o
    0x08004190   0x08004190   0x00000048   Code   RO         3841    i.DMA1_Stream2_IRQHandler  usart4_gryo.o
    0x080041d8   0x080041d8   0x00000044   Code   RO         4032    i.DMA1_Stream6_IRQHandler  pc_uart.o
    0x0800421c   0x0800421c   0x00000054   Code   RO         4075    i.DMA1_Stream7_IRQHandler  uart5.o
    0x08004270   0x08004270   0x00000070   Code   RO         3626    i.DMA2_Stream1_IRQHandler  frictionwheel.o
    0x080042e0   0x080042e0   0x00000034   Code   RO         1022    i.DMA_ClearFlag     stm32f4xx_dma.o
    0x08004314   0x08004314   0x00000034   Code   RO         1023    i.DMA_ClearITPendingBit  stm32f4xx_dma.o
    0x08004348   0x08004348   0x00000016   Code   RO         1024    i.DMA_Cmd           stm32f4xx_dma.o
    0x0800435e   0x0800435e   0x00000002   PAD
    0x08004360   0x08004360   0x00000158   Code   RO         1025    i.DMA_DeInit        stm32f4xx_dma.o
    0x080044b8   0x080044b8   0x00000016   Code   RO         1026    i.DMA_DoubleBufferModeCmd  stm32f4xx_dma.o
    0x080044ce   0x080044ce   0x00000018   Code   RO         1027    i.DMA_DoubleBufferModeConfig  stm32f4xx_dma.o
    0x080044e6   0x080044e6   0x00000014   Code   RO         1029    i.DMA_GetCmdStatus  stm32f4xx_dma.o
    0x080044fa   0x080044fa   0x00000008   Code   RO         1030    i.DMA_GetCurrDataCounter  stm32f4xx_dma.o
    0x08004502   0x08004502   0x00000014   Code   RO         1031    i.DMA_GetCurrentMemoryTarget  stm32f4xx_dma.o
    0x08004516   0x08004516   0x00000002   PAD
    0x08004518   0x08004518   0x00000044   Code   RO         1033    i.DMA_GetFlagStatus  stm32f4xx_dma.o
    0x0800455c   0x0800455c   0x00000064   Code   RO         1034    i.DMA_GetITStatus   stm32f4xx_dma.o
    0x080045c0   0x080045c0   0x0000003a   Code   RO         1035    i.DMA_ITConfig      stm32f4xx_dma.o
    0x080045fa   0x080045fa   0x00000002   PAD
    0x080045fc   0x080045fc   0x00000058   Code   RO         1036    i.DMA_Init          stm32f4xx_dma.o
    0x08004654   0x08004654   0x00000004   Code   RO         1039    i.DMA_SetCurrDataCounter  stm32f4xx_dma.o
    0x08004658   0x08004658   0x00000002   Code   RO            4    i.DebugMon_Handler  stm32f4xx_it.o
    0x0800465a   0x0800465a   0x0000001e   Code   RO         3871    i.Delay             counter.o
    0x08004678   0x08004678   0x0000015a   Code   RO         6441    i.EarthFrameToBodyFrame  ins.o
    0x080047d2   0x080047d2   0x00000002   PAD
    0x080047d4   0x080047d4   0x00000010   Code   RO         4428    i.F105_Rst          datareceivetask.o
    0x080047e4   0x080047e4   0x000000f0   Code   RO         4496    i.F405Can1Send      datasendtask.o
    0x080048d4   0x080048d4   0x000000b2   Code   RO         4119    i.FeedForward_Cal   pid.o
    0x08004986   0x08004986   0x0000006a   Code   RO         4120    i.FeedForward_Calc  pid.o
    0x080049f0   0x080049f0   0x00000108   Code   RO         4497    i.FrictionCan2Send  datasendtask.o
    0x08004af8   0x08004af8   0x00000050   Code   RO         4600    i.FrictionSpeedChoose  shoottask.o
    0x08004b48   0x08004b48   0x000000a8   Code   RO         4601    i.FrictionWheel_CurrentPid_Cal  shoottask.o
    0x08004bf0   0x08004bf0   0x00000090   Code   RO         1499    i.GPIO_Init         stm32f4xx_gpio.o
    0x08004c80   0x08004c80   0x00000046   Code   RO         1500    i.GPIO_PinAFConfig  stm32f4xx_gpio.o
    0x08004cc6   0x08004cc6   0x00000004   Code   RO         1506    i.GPIO_ResetBits    stm32f4xx_gpio.o
    0x08004cca   0x08004cca   0x00000004   Code   RO         1507    i.GPIO_SetBits      stm32f4xx_gpio.o
    0x08004cce   0x08004cce   0x00000002   PAD
    0x08004cd0   0x08004cd0   0x00000030   Code   RO         3872    i.GetDeltaT         counter.o
    0x08004d00   0x08004d00   0x00000044   Code   RO         3876    i.GetTime_s         counter.o
    0x08004d44   0x08004d44   0x00000034   Code   RO         4167    i.Get_CRC16_Check_Sum  algorithmofcrc.o
    0x08004d78   0x08004d78   0x00000024   Code   RO         4168    i.Get_CRC8_Check_Sum  algorithmofcrc.o
    0x08004d9c   0x08004d9c   0x0000003c   Code   RO         5020    i.GimbalEstimate_task  gimbalestimatetask.o
    0x08004dd8   0x08004dd8   0x00000138   Code   RO         4720    i.GimbalPos_Set     gimbaltask.o
    0x08004f10   0x08004f10   0x000002ac   Code   RO         4721    i.Gimbal_Armor_Cal  gimbaltask.o
    0x080051bc   0x080051bc   0x00000244   Code   RO         4722    i.Gimbal_Buff_Cal   gimbaltask.o
    0x08005400   0x08005400   0x00000460   Code   RO         4723    i.Gimbal_CurrentPid_Cal  gimbaltask.o
    0x08005860   0x08005860   0x00000110   Code   RO         4724    i.Gimbal_FF_Init    gimbaltask.o
    0x08005970   0x08005970   0x00000040   Code   RO         5163    i.Gimbal_Motor_Control  controltask.o
    0x080059b0   0x080059b0   0x00000594   Code   RO         4725    i.Gimbal_PC_Cal     gimbaltask.o
    0x08005f44   0x08005f44   0x00000074   Code   RO         4726    i.Gimbal_Powerdown_Cal  gimbaltask.o
    0x08005fb8   0x08005fb8   0x00000100   Code   RO         4727    i.Gimbal_SI_Cal     gimbaltask.o
    0x080060b8   0x080060b8   0x0000014c   Code   RO         4728    i.Gimbal_Test_Cal   gimbaltask.o
    0x08006204   0x08006204   0x0000004c   Code   RO         4729    i.Gimbal_task       gimbaltask.o
    0x08006250   0x08006250   0x00000208   Code   RO         4730    i.GyroGimbal_Act_Cal  gimbaltask.o
    0x08006458   0x08006458   0x00000130   Code   RO         6509    i.H_K_R_Adjustment  kalman_filter.o
    0x08006588   0x08006588   0x00000004   Code   RO            5    i.HardFault_Handler  stm32f4xx_it.o
    0x0800658c   0x0800658c   0x00000104   Code   RO         4602    i.HeatControl       shoottask.o
    0x08006690   0x08006690   0x00000010   Code   RO         6404    i.ICM20602_init     icm20602.o
    0x080066a0   0x080066a0   0x0000008c   Code   RO         6405    i.ICM_20602_Decode  icm20602.o
    0x0800672c   0x0800672c   0x00000374   Code   RO         6443    i.IMU_Param_Correction  ins.o
    0x08006aa0   0x08006aa0   0x00000238   Code   RO         6582    i.IMU_QuaternionEKF_F_Linearization_P_Fading  quaternionekf.o
    0x08006cd8   0x08006cd8   0x00000130   Code   RO         6583    i.IMU_QuaternionEKF_Init  quaternionekf.o
    0x08006e08   0x08006e08   0x00000034   Code   RO         6584    i.IMU_QuaternionEKF_Observe  quaternionekf.o
    0x08006e3c   0x08006e3c   0x00000128   Code   RO         6585    i.IMU_QuaternionEKF_SetH  quaternionekf.o
    0x08006f64   0x08006f64   0x00000634   Code   RO         6586    i.IMU_QuaternionEKF_Update  quaternionekf.o
    0x08007598   0x08007598   0x00000508   Code   RO         6587    i.IMU_QuaternionEKF_xhatUpdate  quaternionekf.o
    0x08007aa0   0x08007aa0   0x00000088   Code   RO         6444    i.INS_Init          ins.o
    0x08007b28   0x08007b28   0x00000344   Code   RO         6445    i.INS_Task          ins.o
    0x08007e6c   0x08007e6c   0x00000008   Code   RO         3656    i.IWDG_Feed         iwdg.o
    0x08007e74   0x08007e74   0x00000010   Code   RO         1825    i.IWDG_ReloadCounter  stm32f4xx_iwdg.o
    0x08007e84   0x08007e84   0x00000068   Code   RO          122    i.Infantry_Init     main.o
    0x08007eec   0x08007eec   0x0000070c   Code   RO         6510    i.Kalman_Filter_Init  kalman_filter.o
    0x080085f8   0x080085f8   0x00000050   Code   RO         6511    i.Kalman_Filter_Measure  kalman_filter.o
    0x08008648   0x08008648   0x00000068   Code   RO         6512    i.Kalman_Filter_P_Update  kalman_filter.o
    0x080086b0   0x080086b0   0x00000068   Code   RO         6513    i.Kalman_Filter_PminusUpdate  kalman_filter.o
    0x08008718   0x08008718   0x000000d2   Code   RO         6514    i.Kalman_Filter_SetK  kalman_filter.o
    0x080087ea   0x080087ea   0x00000002   PAD
    0x080087ec   0x080087ec   0x00000128   Code   RO         6515    i.Kalman_Filter_Update  kalman_filter.o
    0x08008914   0x08008914   0x0000007c   Code   RO         6516    i.Kalman_Filter_xhatMinusUpdate  kalman_filter.o
    0x08008990   0x08008990   0x00000086   Code   RO         6517    i.Kalman_Filter_xhatUpdate  kalman_filter.o
    0x08008a16   0x08008a16   0x00000036   Code   RO         6042    i.LossUpdate        debug.o
    0x08008a4c   0x08008a4c   0x00000004   Code   RO            6    i.MemManage_Handler  stm32f4xx_it.o
    0x08008a50   0x08008a50   0x00000030   Code   RO         3681    i.MicroSwConfigration  microsw.o
    0x08008a80   0x08008a80   0x00000024   Code   RO         5062    i.ModeChoose_task   actiontask.o
    0x08008aa4   0x08008aa4   0x0000024c   Code   RO         4731    i.MotorGimbal_Act_Cal  gimbaltask.o
    0x08008cf0   0x08008cf0   0x00000540   Code   RO         5063    i.MouseKey_Act_Cal  actiontask.o
    0x08009230   0x08009230   0x00000098   Code   RO         5064    i.Mouse_Key_Process  actiontask.o
    0x080092c8   0x080092c8   0x000001e0   Code   RO         3971    i.NAVReceive        pc_serial.o
    0x080094a8   0x080094a8   0x00000050   Code   RO         5065    i.NAV_Init          actiontask.o
    0x080094f8   0x080094f8   0x000000ac   Code   RO         5066    i.NAV_State_Act     actiontask.o
    0x080095a4   0x080095a4   0x000001fc   Code   RO         5067    i.NAV_State_Invert  actiontask.o
    0x080097a0   0x080097a0   0x00000002   Code   RO            7    i.NMI_Handler       stm32f4xx_it.o
    0x080097a2   0x080097a2   0x00000002   PAD
    0x080097a4   0x080097a4   0x00000078   Code   RO          401    i.NVIC_Init         misc.o
    0x0800981c   0x0800981c   0x00000234   Code   RO         5068    i.Navigation_State  actiontask.o
    0x08009a50   0x08009a50   0x000000bc   Code   RO          123    i.Offline_Check_task  main.o
    0x08009b0c   0x08009b0c   0x000000d0   Code   RO         3972    i.PCReceive         pc_serial.o
    0x08009bdc   0x08009bdc   0x00000018   Code   RO         3973    i.PCSolve           pc_serial.o
    0x08009bf4   0x08009bf4   0x000000d8   Code   RO         5069    i.PC_Process        actiontask.o
    0x08009ccc   0x08009ccc   0x000001e4   Code   RO         4033    i.PC_UART_Configuration  pc_uart.o
    0x08009eb0   0x08009eb0   0x0000016c   Code   RO         4122    i.PID_Calc          pid.o
    0x0800a01c   0x0800a01c   0x00000180   Code   RO         4732    i.PidGimbalMotor_Init  gimbaltask.o
    0x0800a19c   0x0800a19c   0x000000f4   Code   RO         4603    i.Pid_BodanMotor_Init  shoottask.o
    0x0800a290   0x0800a290   0x00000074   Code   RO         4899    i.Pid_ChassisPosition_Init  chassistask.o
    0x0800a304   0x0800a304   0x000000c8   Code   RO         4604    i.Pid_Friction_Init  shoottask.o
    0x0800a3cc   0x0800a3cc   0x00000098   Code   RO         4498    i.PitchCan2Send     datasendtask.o
    0x0800a464   0x0800a464   0x00000090   Code   RO         4605    i.Pluck_Speed_Choose  shoottask.o
    0x0800a4f4   0x0800a4f4   0x0000005c   Code   RO         5070    i.Powerdown_Process  actiontask.o
    0x0800a550   0x0800a550   0x00000020   Code   RO         1873    i.RCC_AHB1PeriphClockCmd  stm32f4xx_rcc.o
    0x0800a570   0x0800a570   0x00000020   Code   RO         1882    i.RCC_APB1PeriphClockCmd  stm32f4xx_rcc.o
    0x0800a590   0x0800a590   0x00000020   Code   RO         1884    i.RCC_APB1PeriphResetCmd  stm32f4xx_rcc.o
    0x0800a5b0   0x0800a5b0   0x00000020   Code   RO         1887    i.RCC_APB2PeriphResetCmd  stm32f4xx_rcc.o
    0x0800a5d0   0x0800a5d0   0x000000e8   Code   RO         1894    i.RCC_GetClocksFreq  stm32f4xx_rcc.o
    0x0800a6b8   0x0800a6b8   0x00000048   Code   RO         4430    i.RC_Rst            datareceivetask.o
    0x0800a700   0x0800a700   0x0000011c   Code   RO         4900    i.Random_w_generate  chassistask.o
    0x0800a81c   0x0800a81c   0x000001d4   Code   RO         4431    i.RemoteReceive     datareceivetask.o
    0x0800a9f0   0x0800a9f0   0x000000c4   Code   RO         5071    i.Remote_Process    actiontask.o
    0x0800aab4   0x0800aab4   0x000000dc   Code   RO          124    i.Robot_Init        main.o
    0x0800ab90   0x0800ab90   0x00000014   Code   RO         4830    i.Robot_Recover     start_task.o
    0x0800aba4   0x0800aba4   0x00000024   Code   RO         4831    i.Robot_Stop        start_task.o
    0x0800abc8   0x0800abc8   0x0000003c   Code   RO         3974    i.SendtoNAV         pc_serial.o
    0x0800ac04   0x0800ac04   0x0000001c   Code   RO         3975    i.SendtoPC          pc_serial.o
    0x0800ac20   0x0800ac20   0x00000070   Code   RO         3976    i.SendtoPCPack      pc_serial.o
    0x0800ac90   0x0800ac90   0x00000048   Code   RO         5072    i.SetInputMode      actiontask.o
    0x0800acd8   0x0800acd8   0x000000ec   Code   RO          357    i.SetSysClock       system_stm32f4xx.o
    0x0800adc4   0x0800adc4   0x000000f4   Code   RO         4606    i.ShootCount_Cal    shoottask.o
    0x0800aeb8   0x0800aeb8   0x000000e0   Code   RO         4607    i.Shoot_Check_Cal   shoottask.o
    0x0800af98   0x0800af98   0x00000198   Code   RO         4608    i.Shoot_Fire_Cal    shoottask.o
    0x0800b130   0x0800b130   0x00000030   Code   RO         5164    i.Shoot_Motor_Control  controltask.o
    0x0800b160   0x0800b160   0x000003ac   Code   RO         4609    i.Shoot_PC_Cal      shoottask.o
    0x0800b50c   0x0800b50c   0x00000040   Code   RO         4610    i.Shoot_Powerdown_Cal  shoottask.o
    0x0800b54c   0x0800b54c   0x00000014   Code   RO         4832    i.Shoot_Recover     start_task.o
    0x0800b560   0x0800b560   0x00000024   Code   RO         4833    i.Shoot_Stop        start_task.o
    0x0800b584   0x0800b584   0x0000018c   Code   RO         4612    i.Shoot_Tx2_Cal     shoottask.o
    0x0800b710   0x0800b710   0x00000034   Code   RO         4613    i.Shoot_init        shoottask.o
    0x0800b744   0x0800b744   0x000000a8   Code   RO         4614    i.Shoot_task        shoottask.o
    0x0800b7ec   0x0800b7ec   0x00000068   Code   RO         4284    i.Sqrt              user_lib.o
    0x0800b854   0x0800b854   0x000000d0   Code   RO         5073    i.Status_Act        actiontask.o
    0x0800b924   0x0800b924   0x000000b8   Code   RO         3701    i.SteeringEngine_Configuration  steeringengine.o
    0x0800b9dc   0x0800b9dc   0x00000040   Code   RO         3702    i.SteeringEngine_Set  steeringengine.o
    0x0800ba1c   0x0800ba1c   0x00000008   Code   RO            8    i.SysTick_Handler   stm32f4xx_it.o
    0x0800ba24   0x0800ba24   0x00000094   Code   RO         3878    i.SysTimeUpdate     counter.o
    0x0800bab8   0x0800bab8   0x00000068   Code   RO          359    i.SystemInit        system_stm32f4xx.o
    0x0800bb20   0x0800bb20   0x000002ec   Code   RO         4246    i.TD_Calculate      td.o
    0x0800be0c   0x0800be0c   0x0000002c   Code   RO         4247    i.TD_Clear          td.o
    0x0800be38   0x0800be38   0x00000038   Code   RO         4248    i.TD_Init           td.o
    0x0800be70   0x0800be70   0x0000001c   Code   RO         3731    i.TIM4_IRQHandler   tim4.o
    0x0800be8c   0x0800be8c   0x00000028   Code   RO         3943    i.TIM7_IRQHandler   os_tick.o
    0x0800beb4   0x0800beb4   0x00000018   Code   RO         2689    i.TIM_ARRPreloadConfig  stm32f4xx_tim.o
    0x0800becc   0x0800becc   0x00000006   Code   RO         2695    i.TIM_ClearFlag     stm32f4xx_tim.o
    0x0800bed2   0x0800bed2   0x00000006   Code   RO         2696    i.TIM_ClearITPendingBit  stm32f4xx_tim.o
    0x0800bed8   0x0800bed8   0x00000018   Code   RO         2701    i.TIM_Cmd           stm32f4xx_tim.o
    0x0800bef0   0x0800bef0   0x0000001e   Code   RO         2703    i.TIM_CtrlPWMOutputs  stm32f4xx_tim.o
    0x0800bf0e   0x0800bf0e   0x00000012   Code   RO         2704    i.TIM_DMACmd        stm32f4xx_tim.o
    0x0800bf20   0x0800bf20   0x00000022   Code   RO         2722    i.TIM_GetITStatus   stm32f4xx_tim.o
    0x0800bf42   0x0800bf42   0x00000012   Code   RO         2726    i.TIM_ITConfig      stm32f4xx_tim.o
    0x0800bf54   0x0800bf54   0x00000078   Code   RO         2745    i.TIM_OC4Init       stm32f4xx_tim.o
    0x0800bfcc   0x0800bfcc   0x0000001a   Code   RO         2747    i.TIM_OC4PreloadConfig  stm32f4xx_tim.o
    0x0800bfe6   0x0800bfe6   0x00000004   Code   RO         2765    i.TIM_SetCompare3   stm32f4xx_tim.o
    0x0800bfea   0x0800bfea   0x00000004   Code   RO         2766    i.TIM_SetCompare4   stm32f4xx_tim.o
    0x0800bfee   0x0800bfee   0x00000002   PAD
    0x0800bff0   0x0800bff0   0x00000084   Code   RO         2773    i.TIM_TimeBaseInit  stm32f4xx_tim.o
    0x0800c074   0x0800c074   0x00000050   Code   RO         4499    i.TX2_task          datasendtask.o
    0x0800c0c4   0x0800c0c4   0x00000290   Code   RO         4733    i.T_change          gimbaltask.o
    0x0800c354   0x0800c354   0x000001ac   Code   RO         6077    i.TaskCheck         rtostaskcheck.o
    0x0800c500   0x0800c500   0x000001d8   Code   RO         4076    i.UART5_Configuration  uart5.o
    0x0800c6d8   0x0800c6d8   0x0000005c   Code   RO         4077    i.UART5_IRQHandler  uart5.o
    0x0800c734   0x0800c734   0x0000005c   Code   RO         4034    i.USART2_IRQHandler  pc_uart.o
    0x0800c790   0x0800c790   0x00000144   Code   RO         3812    i.USART3_Configuration  usart3.o
    0x0800c8d4   0x0800c8d4   0x00000068   Code   RO         3813    i.USART3_IRQHandler  usart3.o
    0x0800c93c   0x0800c93c   0x00000012   Code   RO         3247    i.USART_ClearFlag   stm32f4xx_usart.o
    0x0800c94e   0x0800c94e   0x0000001e   Code   RO         3248    i.USART_ClearITPendingBit  stm32f4xx_usart.o
    0x0800c96c   0x0800c96c   0x00000018   Code   RO         3251    i.USART_Cmd         stm32f4xx_usart.o
    0x0800c984   0x0800c984   0x00000012   Code   RO         3252    i.USART_DMACmd      stm32f4xx_usart.o
    0x0800c996   0x0800c996   0x00000002   PAD
    0x0800c998   0x0800c998   0x000000f0   Code   RO         3253    i.USART_DeInit      stm32f4xx_usart.o
    0x0800ca88   0x0800ca88   0x0000001a   Code   RO         3254    i.USART_GetFlagStatus  stm32f4xx_usart.o
    0x0800caa2   0x0800caa2   0x00000054   Code   RO         3255    i.USART_GetITStatus  stm32f4xx_usart.o
    0x0800caf6   0x0800caf6   0x0000004a   Code   RO         3257    i.USART_ITConfig    stm32f4xx_usart.o
    0x0800cb40   0x0800cb40   0x000000d4   Code   RO         3258    i.USART_Init        stm32f4xx_usart.o
    0x0800cc14   0x0800cc14   0x00000004   Code   RO            9    i.UsageFault_Handler  stm32f4xx_it.o
    0x0800cc18   0x0800cc18   0x00000038   Code   RO         4170    i.Verify_CRC8_Check_Sum  algorithmofcrc.o
    0x0800cc50   0x0800cc50   0x00000098   Code   RO         4501    i.YawCan1Send       datasendtask.o
    0x0800cce8   0x0800cce8   0x000000c0   Code   RO         4561    i.ZeroCheck         zerochecktask.o
    0x0800cda8   0x0800cda8   0x00000104   Code   RO         4562    i.ZeroCheck_Init    zerochecktask.o
    0x0800ceac   0x0800ceac   0x00000168   Code   RO         4563    i.ZeroCheck_cal     zerochecktask.o
    0x0800d014   0x0800d014   0x00000030   Code   RO         7358    i.__ARM_fpclassify  m_wm.l(fpclassify.o)
    0x0800d044   0x0800d044   0x00000026   Code   RO         7276    i.__ARM_fpclassifyf  m_wm.l(fpclassifyf.o)
    0x0800d06a   0x0800d06a   0x00000002   PAD
    0x0800d06c   0x0800d06c   0x00000118   Code   RO         6828    i.__hardfp_acosf    m_wm.l(acosf.o)
    0x0800d184   0x0800d184   0x0000012c   Code   RO         6840    i.__hardfp_asinf    m_wm.l(asinf.o)
    0x0800d2b0   0x0800d2b0   0x00000250   Code   RO         6852    i.__hardfp_atan2f   m_wm.l(atan2f.o)
    0x0800d500   0x0800d500   0x000000c8   Code   RO         6864    i.__hardfp_cos      m_wm.l(cos.o)
    0x0800d5c8   0x0800d5c8   0x000000e0   Code   RO         6882    i.__hardfp_round    m_wm.l(round.o)
    0x0800d6a8   0x0800d6a8   0x000000c8   Code   RO         6886    i.__hardfp_sin      m_wm.l(sin.o)
    0x0800d770   0x0800d770   0x0000007a   Code   RO         6898    i.__hardfp_sqrt     m_wm.l(sqrt.o)
    0x0800d7ea   0x0800d7ea   0x0000003a   Code   RO         6910    i.__hardfp_sqrtf    m_wm.l(sqrtf.o)
    0x0800d824   0x0800d824   0x00000004   PAD
    0x0800d828   0x0800d828   0x00000080   Code   RO         6922    i.__hardfp_tan      m_wm.l(tan.o)
    0x0800d8a8   0x0800d8a8   0x00000438   Code   RO         7292    i.__ieee754_rem_pio2  m_wm.l(rred.o)
    0x0800dce0   0x0800dce0   0x00000170   Code   RO         7259    i.__kernel_cos      m_wm.l(cos_i.o)
    0x0800de50   0x0800de50   0x000000f8   Code   RO         7360    i.__kernel_poly     m_wm.l(poly.o)
    0x0800df48   0x0800df48   0x00000130   Code   RO         7297    i.__kernel_sin      m_wm.l(sin_i.o)
    0x0800e078   0x0800e078   0x00000350   Code   RO         7303    i.__kernel_tan      m_wm.l(tan_i.o)
    0x0800e3c8   0x0800e3c8   0x00000014   Code   RO         7263    i.__mathlib_dbl_infnan  m_wm.l(dunder.o)
    0x0800e3dc   0x0800e3dc   0x00000004   PAD
    0x0800e3e0   0x0800e3e0   0x00000020   Code   RO         7265    i.__mathlib_dbl_invalid  m_wm.l(dunder.o)
    0x0800e400   0x0800e400   0x00000020   Code   RO         7268    i.__mathlib_dbl_underflow  m_wm.l(dunder.o)
    0x0800e420   0x0800e420   0x00000006   Code   RO         7279    i.__mathlib_flt_infnan  m_wm.l(funder.o)
    0x0800e426   0x0800e426   0x00000006   Code   RO         7280    i.__mathlib_flt_infnan2  m_wm.l(funder.o)
    0x0800e42c   0x0800e42c   0x00000010   Code   RO         7281    i.__mathlib_flt_invalid  m_wm.l(funder.o)
    0x0800e43c   0x0800e43c   0x00000010   Code   RO         7284    i.__mathlib_flt_underflow  m_wm.l(funder.o)
    0x0800e44c   0x0800e44c   0x0000000e   Code   RO         7368    i.__scatterload_copy  mc_w.l(handlers.o)
    0x0800e45a   0x0800e45a   0x00000002   Code   RO         7369    i.__scatterload_null  mc_w.l(handlers.o)
    0x0800e45c   0x0800e45c   0x0000000e   Code   RO         7370    i.__scatterload_zeroinit  mc_w.l(handlers.o)
    0x0800e46a   0x0800e46a   0x00000002   PAD
    0x0800e46c   0x0800e46c   0x0000000c   Code   RO         7340    i.__set_errno       mc_w.l(errno.o)
    0x0800e478   0x0800e478   0x00000024   Code   RO         6043    i.checkIMUOn        debug.o
    0x0800e49c   0x0800e49c   0x00000344   Code   RO         4219    i.decode_gyro       mysensors.o
    0x0800e7e0   0x0800e7e0   0x0000001e   Code   RO         6102    i.delay_ms          tools.o
    0x0800e7fe   0x0800e7fe   0x00000018   Code   RO         6878    i.fabs              m_wm.l(fabs.o)
    0x0800e816   0x0800e816   0x00000002   PAD
    0x0800e818   0x0800e818   0x0000015c   Code   RO         4734    i.get_F             gimbaltask.o
    0x0800e974   0x0800e974   0x0000003c   Code   RO         6588    i.invSqrt           quaternionekf.o
    0x0800e9b0   0x0800e9b0   0x00000014   Code   RO          125    i.main              main.o
    0x0800e9c4   0x0800e9c4   0x0000006c   Code   RO         7212    i.malloc            mc_w.l(malloc.o)
    0x0800ea30   0x0800ea30   0x00000098   Code   RO         5539    i.prvAddCurrentTaskToDelayedList  tasks.o
    0x0800eac8   0x0800eac8   0x000000b8   Code   RO         5540    i.prvAddNewTaskToReadyList  tasks.o
    0x0800eb80   0x0800eb80   0x00000064   Code   RO         5541    i.prvCheckTasksWaitingTermination  tasks.o
    0x0800ebe4   0x0800ebe4   0x00000012   Code   RO         5542    i.prvDeleteTCB      tasks.o
    0x0800ebf6   0x0800ebf6   0x00000002   PAD
    0x0800ebf8   0x0800ebf8   0x0000007c   Code   RO         5906    i.prvHeapInit       heap_4.o
    0x0800ec74   0x0800ec74   0x00000028   Code   RO         5543    i.prvIdleTask       tasks.o
    0x0800ec9c   0x0800ec9c   0x00000090   Code   RO         5544    i.prvInitialiseNewTask  tasks.o
    0x0800ed2c   0x0800ed2c   0x00000068   Code   RO         5545    i.prvInitialiseTaskLists  tasks.o
    0x0800ed94   0x0800ed94   0x00000068   Code   RO         5907    i.prvInsertBlockIntoFreeList  heap_4.o
    0x0800edfc   0x0800edfc   0x00000034   Code   RO         5547    i.prvResetNextTaskUnblockTime  tasks.o
    0x0800ee30   0x0800ee30   0x00000016   Code   RO         5548    i.prvTaskCheckFreeStackSpace  tasks.o
    0x0800ee46   0x0800ee46   0x00000016   Code   RO         5964    i.prvTaskExitError  port.o
    0x0800ee5c   0x0800ee5c   0x000000d0   Code   RO         5908    i.pvPortMalloc      heap_4.o
    0x0800ef2c   0x0800ef2c   0x0000002c   Code   RO         5965    i.pxPortInitialiseStack  port.o
    0x0800ef58   0x0800ef58   0x0000001a   Code   RO         4285    i.sign              user_lib.o
    0x0800ef72   0x0800ef72   0x0000003e   Code   RO         6912    i.sqrtf             m_wm.l(sqrtf.o)
    0x0800efb0   0x0800efb0   0x0000002c   Code   RO         4834    i.startTast         start_task.o
    0x0800efdc   0x0800efdc   0x0000016c   Code   RO         4835    i.start_task        start_task.o
    0x0800f148   0x0800f148   0x00000028   Code   RO         5323    i.uxListRemove      list.o
    0x0800f170   0x0800f170   0x00000028   Code   RO         5553    i.uxTaskGetStackHighWaterMark  tasks.o
    0x0800f198   0x0800f198   0x0000001a   Code   RO         5324    i.vListInitialise   list.o
    0x0800f1b2   0x0800f1b2   0x00000006   Code   RO         5325    i.vListInitialiseItem  list.o
    0x0800f1b8   0x0800f1b8   0x00000034   Code   RO         5326    i.vListInsert       list.o
    0x0800f1ec   0x0800f1ec   0x00000018   Code   RO         5327    i.vListInsertEnd    list.o
    0x0800f204   0x0800f204   0x00000024   Code   RO         5967    i.vPortEnterCritical  port.o
    0x0800f228   0x0800f228   0x00000020   Code   RO         5968    i.vPortExitCritical  port.o
    0x0800f248   0x0800f248   0x00000048   Code   RO         5909    i.vPortFree         heap_4.o
    0x0800f290   0x0800f290   0x00000020   Code   RO         5969    i.vPortSetupTimerInterrupt  port.o
    0x0800f2b0   0x0800f2b0   0x00000034   Code   RO         5559    i.vTaskDelay        tasks.o
    0x0800f2e4   0x0800f2e4   0x00000074   Code   RO         5560    i.vTaskDelayUntil   tasks.o
    0x0800f358   0x0800f358   0x000000cc   Code   RO         5561    i.vTaskDelete       tasks.o
    0x0800f424   0x0800f424   0x0000006c   Code   RO         5574    i.vTaskStartScheduler  tasks.o
    0x0800f490   0x0800f490   0x00000010   Code   RO         5576    i.vTaskSuspendAll   tasks.o
    0x0800f4a0   0x0800f4a0   0x000000a0   Code   RO         5577    i.vTaskSwitchContext  tasks.o
    0x0800f540   0x0800f540   0x00000048   Code   RO         5970    i.xPortStartScheduler  port.o
    0x0800f588   0x0800f588   0x00000034   Code   RO         5971    i.xPortSysTickHandler  port.o
    0x0800f5bc   0x0800f5bc   0x00000060   Code   RO         5579    i.xTaskCreate       tasks.o
    0x0800f61c   0x0800f61c   0x0000000c   Code   RO         5583    i.xTaskGetTickCount  tasks.o
    0x0800f628   0x0800f628   0x0000011c   Code   RO         5585    i.xTaskIncrementTick  tasks.o
    0x0800f744   0x0800f744   0x000000e8   Code   RO         5590    i.xTaskResumeAll    tasks.o
    0x0800f82c   0x0800f82c   0x00000301   Data   RO         4171    .constdata          algorithmofcrc.o
    0x0800fb2d   0x0800fb2d   0x00000003   PAD
    0x0800fb30   0x0800fb30   0x00000030   Data   RO         6449    .constdata          ins.o
    0x0800fb60   0x0800fb60   0x00000090   Data   RO         6590    .constdata          quaternionekf.o
    0x0800fbf0   0x0800fbf0   0x00000410   Data   RO         6642    .constdata          arm_cortexM4lf_math.lib(arm_cos_f32.o)
    0x08010000   0x08010000   0x0000040c   Data   RO         6689    .constdata          arm_cortexM4lf_math.lib(arm_sin_f32.o)
    0x0801040c   0x0801040c   0x00000004   PAD
    0x08010410   0x08010410   0x00000030   Data   RO         7260    .constdata          m_wm.l(cos_i.o)
    0x08010440   0x08010440   0x000000c8   Data   RO         7294    .constdata          m_wm.l(rred.o)
    0x08010508   0x08010508   0x00000028   Data   RO         7298    .constdata          m_wm.l(sin_i.o)
    0x08010530   0x08010530   0x00000060   Data   RO         7304    .constdata          m_wm.l(tan_i.o)
    0x08010590   0x08010590   0x00000020   Data   RO         7366    Region$$Table       anon$$obj.o


    Execution Region RW_IRAM1 (Exec base: 0x20000000, Load base: 0x080105b0, Size: 0x00005390, Max: 0x00020000, ABSOLUTE, COMPRESSED[0x000000a8])

    Exec Addr    Load Addr    Size         Type   Attr      Idx    E Section Name        Object

    0x20000000   COMPRESSED   0x0000000c   Data   RW          127    .data               main.o
    0x2000000c   COMPRESSED   0x00000014   Data   RW          360    .data               system_stm32f4xx.o
    0x20000020   COMPRESSED   0x00000010   Data   RW         1926    .data               stm32f4xx_rcc.o
    0x20000030   COMPRESSED   0x00000008   Data   RW         3703    .data               steeringengine.o
    0x20000038   COMPRESSED   0x00000018   Data   RW         3880    .data               counter.o
    0x20000050   COMPRESSED   0x00000004   Data   RW         3944    .data               os_tick.o
    0x20000054   COMPRESSED   0x00000018   Data   RW         3978    .data               pc_serial.o
    0x2000006c   COMPRESSED   0x0000000c   Data   RW         4079    .data               uart5.o
    0x20000078   COMPRESSED   0x00000004   Data   RW         4172    .data               algorithmofcrc.o
    0x2000007c   COMPRESSED   0x0000001c   Data   RW         4249    .data               td.o
    0x20000098   COMPRESSED   0x0000003c   Data   RW         4433    .data               datareceivetask.o
    0x200000d4   COMPRESSED   0x0000000c   Data   RW         4503    .data               datasendtask.o
    0x200000e0   COMPRESSED   0x00000009   Data   RW         4565    .data               zerochecktask.o
    0x200000e9   COMPRESSED   0x00000003   PAD
    0x200000ec   COMPRESSED   0x00000080   Data   RW         4617    .data               shoottask.o
    0x2000016c   COMPRESSED   0x00000004   PAD
    0x20000170   COMPRESSED   0x000000a4   Data   RW         4736    .data               gimbaltask.o
    0x20000214   COMPRESSED   0x00000006   Data   RW         4837    .data               start_task.o
    0x2000021a   COMPRESSED   0x00000002   PAD
    0x2000021c   COMPRESSED   0x0000006c   Data   RW         4903    .data               chassistask.o
    0x20000288   COMPRESSED   0x00000004   Data   RW         5022    .data               gimbalestimatetask.o
    0x2000028c   COMPRESSED   0x00000084   Data   RW         5075    .data               actiontask.o
    0x20000310   COMPRESSED   0x0000000c   Data   RW         5165    .data               controltask.o
    0x2000031c   COMPRESSED   0x00000048   Data   RW         5593    .data               tasks.o
    0x20000364   COMPRESSED   0x00000018   Data   RW         5914    .data               heap_4.o
    0x2000037c   COMPRESSED   0x00000004   Data   RW         5972    .data               port.o
    0x20000380   COMPRESSED   0x00000002   Data   RW         6079    .data               rtostaskcheck.o
    0x20000382   COMPRESSED   0x00000002   PAD
    0x20000384   COMPRESSED   0x00000006   Data   RW         6406    .data               icm20602.o
    0x2000038a   COMPRESSED   0x00000002   PAD
    0x2000038c   COMPRESSED   0x00000048   Data   RW         6450    .data               ins.o
    0x200003d4   COMPRESSED   0x00000004   Data   RW         6518    .data               kalman_filter.o
    0x200003d8   COMPRESSED   0x000000d4   Data   RW         6591    .data               quaternionekf.o
    0x200004ac   COMPRESSED   0x00000004   Data   RW         6938    .data               mc_w.l(rand.o)
    0x200004b0   COMPRESSED   0x00000004   Data   RW         7336    .data               mc_w.l(mvars.o)
    0x200004b4   COMPRESSED   0x00000004   Data   RW         7337    .data               mc_w.l(mvars.o)
    0x200004b8   COMPRESSED   0x00000004   Data   RW         7341    .data               mc_w.l(errno.o)
    0x200004bc        -       0x00000028   Zero   RW          126    .bss                main.o
    0x200004e4        -       0x00000014   Zero   RW         3551    .bss                can1.o
    0x200004f8        -       0x00000024   Zero   RW         3814    .bss                usart3.o
    0x2000051c        -       0x00000023   Zero   RW         3843    .bss                usart4_gryo.o
    0x2000053f   COMPRESSED   0x00000001   PAD
    0x20000540        -       0x0000000c   Zero   RW         3879    .bss                counter.o
    0x2000054c        -       0x00000019   Zero   RW         3977    .bss                pc_serial.o
    0x20000565        -       0x00000019   Zero   RW         4035    .bss                pc_uart.o
    0x2000057e        -       0x0000004b   Zero   RW         4078    .bss                uart5.o
    0x200005c9   COMPRESSED   0x00000003   PAD
    0x200005cc        -       0x000000a4   Zero   RW         4220    .bss                mysensors.o
    0x20000670        -       0x000000ab   Zero   RW         4432    .bss                datareceivetask.o
    0x2000071b   COMPRESSED   0x00000001   PAD
    0x2000071c        -       0x00000010   Zero   RW         4502    .bss                datasendtask.o
    0x2000072c        -       0x000000c0   Zero   RW         4564    .bss                zerochecktask.o
    0x200007ec   COMPRESSED   0x00000004   PAD
    0x200007f0        -       0x00000280   Zero   RW         4615    .bss                shoottask.o
    0x20000a70        -       0x00000420   Zero   RW         4735    .bss                gimbaltask.o
    0x20000e90        -       0x0000002c   Zero   RW         4836    .bss                start_task.o
    0x20000ebc        -       0x00000108   Zero   RW         4901    .bss                chassistask.o
    0x20000fc4        -       0x00000038   Zero   RW         5021    .bss                gimbalestimatetask.o
    0x20000ffc   COMPRESSED   0x00000004   PAD
    0x20001000        -       0x00000088   Zero   RW         5074    .bss                actiontask.o
    0x20001088        -       0x000002e4   Zero   RW         5592    .bss                tasks.o
    0x2000136c        -       0x00002800   Zero   RW         5913    .bss                heap_4.o
    0x20003b6c        -       0x000000c4   Zero   RW         6044    .bss                debug.o
    0x20003c30        -       0x00000030   Zero   RW         6078    .bss                rtostaskcheck.o
    0x20003c60        -       0x000000bc   Zero   RW         6448    .bss                ins.o
    0x20003d1c   COMPRESSED   0x00000004   PAD
    0x20003d20        -       0x00000270   Zero   RW         6589    .bss                quaternionekf.o
    0x20003f90        -       0x00001000   Zero   RW          393    HEAP                startup_stm32f40_41xxx.o
    0x20004f90        -       0x00000400   Zero   RW          392    STACK               startup_stm32f40_41xxx.o


==============================================================================

Image component sizes


      Code (inc. data)   RO Data    RW Data    ZI Data      Debug   Object Name

      3656        412          0        132        136      14599   actiontask.o
       228         22        769          4          0       4577   algorithmofcrc.o
       552         30          0          0         20       2764   can1.o
       548         26          0          0          0       2534   can2.o
      5964        594          0        108        264       9632   chassistask.o
       192         34          0         12          0       3039   controltask.o
       370         48          0         24         12       3568   counter.o
      1216        114          0         60        171       8689   datareceivetask.o
      1348        134          0         12         16       6208   datasendtask.o
        90          4          0          0        196       2866   debug.o
       112         18          0          0          0        578   frictionwheel.o
        60         12          0          4         56       2333   gimbalestimatetask.o
      7672        882          0        164       1056      13927   gimbaltask.o
       508         62          0         24      10240       4043   heap_4.o
      1076         64          0          6          0       4259   icm20602.o
      2548        142         48         72        188       6029   ins.o
         8          0          0          0          0        492   iwdg.o
      3160         26          0          4          0       9071   kalman_filter.o
       148          0          0          0          0       3422   list.o
       628         72          0         12         40      44928   main.o
        48          4          0          0          0        554   microsw.o
       120         14          0          0          0       1060   misc.o
       836         68          0          0        164       2418   mysensors.o
        40          8          0          4          0       1128   os_tick.o
       912        124          0         24         25       4580   pc_serial.o
       644         56          0          0         25       2667   pc_uart.o
       648          4          0          0          0       2416   pid.o
       472         58          0          4          0       9856   port.o
      4156        234        144        212        624       8167   quaternionekf.o
       428         24          0          2         48       2239   rtostaskcheck.o
      3820        636          0        128        640      12692   shoottask.o
       520        206          0          6         44       4528   start_task.o
        36          8        392          0       5120        864   startup_stm32f40_41xxx.o
       248         30          0          8          0       1698   steeringengine.o
      1654         22          0          0          0       7844   stm32f4xx_can.o
       882         86          0          0          0      10568   stm32f4xx_dma.o
       222          0          0          0          0       3023   stm32f4xx_gpio.o
        28          0          0          0          0     306119   stm32f4xx_it.o
        16          6          0          0          0        521   stm32f4xx_iwdg.o
       360         42          0         16          0       5396   stm32f4xx_rcc.o
       446         36          0          0          0       8808   stm32f4xx_tim.o
       726         42          0          0          0       7150   stm32f4xx_usart.o
       340         32          0         20          0       1913   system_stm32f4xx.o
      2136        338          0         72        740      26131   tasks.o
       848         44          0         28          0       2364   td.o
        28          6          0          0          0        514   tim4.o
        30          0          0          0          0        635   tools.o
       856         94          0         12         75       4178   uart5.o
       428         36          0          0         36       1928   usart3.o
        72         12          0          0         35       1223   usart4_gryo.o
       130          8          0          0          0       2838   user_lib.o
       812        122          0          9        192       3281   zerochecktask.o

    ----------------------------------------------------------------------
     53052       5096       1388       1196      20180     596859   Object Totals
         0          0         32          0          0          0   (incl. Generated)
        26          0          3         13         17          0   (incl. Padding)

    ----------------------------------------------------------------------

      Code (inc. data)   RO Data    RW Data    ZI Data      Debug   Library Member Name

       216         22       1040          0          0      16570   arm_cos_f32.o
       256          0          0          0          0       1426   arm_mat_add_f32.o
         8          0          0          0          0        779   arm_mat_init_f32.o
      1280         10          0          0          0       2726   arm_mat_inverse_f32.o
       248          6          0          0          0       1371   arm_mat_mult_f32.o
       256          0          0          0          0       1426   arm_mat_sub_f32.o
       152          0          0          0          0       1172   arm_mat_trans_f32.o
       216         22       1036          0          0       1382   arm_sin_f32.o
       280         46          0          0          0        176   acosf.o
       300         42          0          0          0        176   asinf.o
       592         90          0          0          0        184   atan2f.o
       200         20          0          0          0        164   cos.o
       368         46         48          0          0        200   cos_i.o
        84         16          0          0          0        372   dunder.o
        24          0          0          0          0        124   fabs.o
        48          0          0          0          0        124   fpclassify.o
        38          0          0          0          0        116   fpclassifyf.o
        44         12          0          0          0        464   funder.o
       248          0          0          0          0        152   poly.o
       224         30          0          0          0        172   round.o
      1080        142        200          0          0        188   rred.o
       200         20          0          0          0        164   sin.o
       304         24         40          0          0        208   sin_i.o
       122          0          0          0          0        148   sqrt.o
       120          0          0          0          0        272   sqrtf.o
       128         20          0          0          0        144   tan.o
       848         84         96          0          0        196   tan_i.o
        86          0          0          0          0          0   __dczerorl2.o
         0          0          0          0          0          0   entry.o
         0          0          0          0          0          0   entry10a.o
         0          0          0          0          0          0   entry11a.o
         8          4          0          0          0          0   entry2.o
         4          0          0          0          0          0   entry5.o
         0          0          0          0          0          0   entry7b.o
         0          0          0          0          0          0   entry8b.o
         8          4          0          0          0          0   entry9a.o
        12          6          0          4          0         68   errno.o
        30          0          0          0          0          0   handlers.o
        36          8          0          0          0         68   init.o
         0          0          0          0          0          0   iusefp.o
        30          0          0          0          0         68   llshl.o
        36          0          0          0          0         68   llsshr.o
        32          0          0          0          0         68   llushr.o
       108         16          0          0          0         84   malloc.o
        36          0          0          0          0         68   memcpya.o
        36          0          0          0          0        108   memseta.o
         0          0          0          8          0          0   mvars.o
        36         10          0          4          0        136   rand.o
        48          0          0          0          0         68   cdcmple.o
        48          0          0          0          0         68   cdrcmple.o
        56          0          0          0          0         88   d2f.o
       334          0          0          0          0        148   dadd.o
       222          0          0          0          0        100   ddiv.o
       186          0          0          0          0        176   depilogue.o
        62          0          0          0          0         80   dfixi.o
        34          0          0          0          0         76   dflti.o
        26          0          0          0          0         76   dfltui.o
       228          0          0          0          0         96   dmul.o
       136          4          0          0          0         92   drnd.o
       162          0          0          0          0        100   dsqrt.o
        38          0          0          0          0         68   f2d.o
       110          0          0          0          0        168   fepilogue.o

    ----------------------------------------------------------------------
     10088        704       2464         16          0      32736   Library Totals
        16          0          4          0          0          0   (incl. Padding)

    ----------------------------------------------------------------------

      Code (inc. data)   RO Data    RW Data    ZI Data      Debug   Library Name

      2632         60       2076          0          0      26852   arm_cortexM4lf_math.lib
      5252        592        384          0          0       3744   m_wm.l
       498         48          0         16          0        736   mc_w.l
      1690          4          0          0          0       1404   mf_w.l

    ----------------------------------------------------------------------
     10088        704       2464         16          0      32736   Library Totals

    ----------------------------------------------------------------------

==============================================================================


      Code (inc. data)   RO Data    RW Data    ZI Data      Debug   

     63140       5800       3852       1212      20180     600487   Grand Totals
     63140       5800       3852        168      20180     600487   ELF Image Totals (compressed)
     63140       5800       3852        168          0          0   ROM Totals

==============================================================================

    Total RO  Size (Code + RO Data)                66992 (  65.42kB)
    Total RW  Size (RW Data + ZI Data)             21392 (  20.89kB)
    Total ROM Size (Code + RO Data + RW Data)      67160 (  65.59kB)

==============================================================================

